build-host.sh: Startuojama infrastrukt≈´ra

- Host OS atvaizd≈æio parsiuntimas:

** Resuming transfer from byte position 2114987835
  % Total    % Received % Xferd  Average Speed   Time    Time     Time  Current
                                 Dload  Upload   Total   Spent    Left  Speed
  0     0    0     0    0     0      0      0 --:--:-- --:--:-- --:--:--     0  0     0    0     0    0     0      0      0 --:--:-- --:--:-- --:--:--     0100   639  100   639    0     0    520      0  0:00:01  0:00:01 --:--:--   520
  0     0    0     0    0     0      0      0 --:--:--  0:00:01 --:--:--     0100   365  100   365    0     0    138      0  0:00:02  0:00:02 --:--:--   455
  0     0    0     0    0     0      0      0 --:--:--  0:00:02 --:--:--     0  0     0    0     0    0     0      0      0 --:--:--  0:00:03 --:--:--     0
  0     0    0     0    0     0      0      0 --:--:--  0:00:03 --:--:--     0  0  1027    0     0    0     0      0      0 --:--:--  0:00:04 --:--:--     0
curl: (33) HTTP server doesn't seem to support byte ranges. Cannot resume.

- Host OS atvaizd≈æio i≈°spaudimas:

x 64bit/
x 64bit/Ubuntu 20.04.3 (64bit).vdi

real	0m0.062s
user	0m0.046s
sys	0m0.030s

- Host OS atvaizdis:

64bit/Ubuntu 20.04.3 (64bit).vdi

- Host OS atvaizd≈æio informacija:

UUID:           b6ebcaaa-7e70-466e-88c6-9fa5b22e3f6f
Parent UUID:    base
State:          created
Type:           normal (base)
Location:       C:\msys64\home\saukrs\src\TETfm-20\Semestras-3\2-Debesu-kompiuterija\kursinis-darbas\Saulius-Krasuckas\VMs\64bit\Ubuntu 20.04.3 (64bit).vdi
Storage format: VDI
Format variant: dynamic default
Capacity:       512000 MBytes
Size on disk:   7723 MBytes
Encryption:     disabled
Property:       AllocationBlockSize=1048576

- Host OS atvaizd≈æio ID:

b6ebcaaa-7e70-466e-88c6-9fa5b22e3f6f

- Pradinƒós VM:


- Nauja VM:

Virtual machine 'VGTU-2022-DeKo-saukrs-LDVM0' is created and registered.
UUID: 9e032f72-21c4-4c39-b9db-9081a3d040de
Settings file: 'C:\msys64\home\saukrs\src\TETfm-20\Semestras-3\2-Debesu-kompiuterija\kursinis-darbas\Saulius-Krasuckas\VMs\VGTU-2022-DeKo-saukrs-LDVM0\VGTU-2022-DeKo-saukrs-LDVM0.vbox'

- Dabartinƒós VM:

"VGTU-2022-DeKo-saukrs-LDVM0" {9e032f72-21c4-4c39-b9db-9081a3d040de}

- Naujos VM pirminƒó konfig≈´racija:

Memory size:                 128MB
Number of CPUs:              1

- Naujos VM resurs≈≥ plƒótimas:


- Naujos VM i≈°plƒósti resursai:

Memory size:                 1024MB
Number of CPUs:              2

- Naujai VM prijungiu disk≈≥ valdiklƒØ:


- Naujos VM diskinƒó konfig≈´racija:

Storage Controller Name (0):            SATA valdiklis
Storage Controller Type (0):            IntelAhci
Storage Controller Instance Number (0): 0
Storage Controller Max Port Count (0):  30
Storage Controller Port Count (0):      30
Storage Controller Bootable (0):        on

- Naujai VM prijungiu disko ataizdƒØ:


- Naujos VM disk≈≥ valdiklio konfig≈´racija:

SATA valdiklis (0, 0): C:\msys64\home\saukrs\src\TETfm-20\Semestras-3\2-Debesu-kompiuterija\kursinis-darbas\Saulius-Krasuckas\VMs\64bit\Ubuntu 20.04.3 (64bit).vdi (UUID: b6ebcaaa-7e70-466e-88c6-9fa5b22e3f6f)

- Naujos VM Serial konsolƒó:


! VM sukurta, metas pasitikrinti jos b≈´senƒÖ

- Naujos VM startas:

Waiting for VM "VGTU-2022-DeKo-saukrs-LDVM0" to power on...
VM "VGTU-2022-DeKo-saukrs-LDVM0" has been successfully started.

- NaujƒÖ VM pristabdau:


- Naujos VM konsolƒós logas:


VM lange Spauskite kombinacijƒÖ <Host-P>, tuomet <Esc>
Kartokite <Esc> paspaudimus be perstojo.
Kai pasirodys GRUB meniu, spauskite <e>
Eikite ≈æemyn iki eilutƒós:
        linux        /boot/vmlinuz-...

Spauskite <End> ir gale prira≈°ykite:

... console=ttyS0,115200n8

Taip pat i≈°trinkite tokius parametrus:

... quiet ...
... splash ...

VM paspauskite <Ctrl-X>

I≈°kart persijunkite ƒçia (atgal ƒØ CLI)
... ir spauskite <Enter>

Prisijungsite prie Serial konsolƒós:
Script started, output log file is '/home/saukrs/src/TETfm-20/Semestras-3/2-Debes≈≥-kompiuterija/kursinis-darbas/Saulius-Krasuckas/build-host-serial.script'.

Trying 127.0.0.1...
Connected to 127.0.0.1.
Escape character is '^]'.
[    0.000000] Linux version 5.11.0-27-generic (buildd@lcy01-amd64-019) (gcc (Ubuntu 9.3.0-17ubuntu1~20.04) 9.3.0, GNU ld (GNU Binutils for Ubuntu) 2.34) #29~20.04.1-Ubuntu SMP Wed Aug 11 15:58:17 UTC 2021 (Ubuntu 5.11.0-27.29~20.04.1-generic 5.11.22)
[    0.000000] Command line: BOOT_IMAGE=/boot/vmlinuz-5.11.0-27-generic root=UUID=9c299885-25d6-4c95-a738-828bdfa92feb ro console=ttyS0115200n8
[    0.000000] KERNEL supported cpus:
[    0.000000]   Intel GenuineIntel
[    0.000000]   AMD AuthenticAMD
[    0.000000]   Hygon HygonGenuine
[    0.000000]   Centaur CentaurHauls
[    0.000000]   zhaoxin   Shanghai  
[    0.000000] x86/fpu: Supporting XSAVE feature 0x001: 'x87 floating point registers'
[    0.000000] x86/fpu: Supporting XSAVE feature 0x002: 'SSE registers'
[    0.000000] x86/fpu: Supporting XSAVE feature 0x004: 'AVX registers'
[    0.000000] x86/fpu: xstate_offset[2]:  576, xstate_sizes[2]:  256
[    0.000000] x86/fpu: Enabled xstate features 0x7, context size is 832 bytes, using 'standard' format.
[    0.000000] BIOS-provided physical RAM map:
[    0.000000] BIOS-e820: [mem 0x0000000000000000-0x000000000009fbff] usable
[    0.000000] BIOS-e820: [mem 0x000000000009fc00-0x000000000009ffff] reserved
[    0.000000] BIOS-e820: [mem 0x00000000000f0000-0x00000000000fffff] reserved
[    0.000000] BIOS-e820: [mem 0x0000000000100000-0x000000003ffeffff] usable
[    0.000000] BIOS-e820: [mem 0x000000003fff0000-0x000000003fffffff] ACPI data
[    0.000000] BIOS-e820: [mem 0x00000000fec00000-0x00000000fec00fff] reserved
[    0.000000] BIOS-e820: [mem 0x00000000fee00000-0x00000000fee00fff] reserved
[    0.000000] BIOS-e820: [mem 0x00000000fffc0000-0x00000000ffffffff] reserved
[    0.000000] NX (Execute Disable) protection: active
[    0.000000] SMBIOS 2.5 present.
[    0.000000] DMI: innotek GmbH VirtualBox/VirtualBox, BIOS VirtualBox 12/01/2006
[    0.000000] Hypervisor detected: KVM
[    0.000000] kvm-clock: Using msrs 4b564d01 and 4b564d00
[    0.000000] kvm-clock: cpu 0, msr 39001001, primary cpu clock
[    0.000000] kvm-clock: using sched offset of 47645059389 cycles
[    0.000003] clocksource: kvm-clock: mask: 0xffffffffffffffff max_cycles: 0x1cd42e4dffb, max_idle_ns: 881590591483 ns
[    0.000008] tsc: Detected 2400.002 MHz processor
[    0.002800] last_pfn = 0x3fff0 max_arch_pfn = 0x400000000
[    0.002823] Disabled
[    0.002825] x86/PAT: MTRRs disabled, skipping PAT initialization too.
[    0.002829] CPU MTRRs all blank - virtualized system.
[    0.002833] x86/PAT: Configuration [0-7]: WB  WT  UC- UC  WB  WT  UC- UC  
[    0.002933] found SMP MP-table at [mem 0x0009fff0-0x0009ffff]
[    0.151184] check: Scanning 1 areas for low memory corruption
[    0.151703] RAMDISK: [mem 0x31ac9000-0x34d5bfff]
[    0.151714] ACPI: Early table checksum verification disabled
[    0.151721] ACPI: RSDP 0x00000000000E0000 000024 (v02 VBOX  )
[    0.151736] ACPI: XSDT 0x000000003FFF0030 00003C (v01 VBOX   VBOXXSDT 00000001 ASL  00000061)
[    0.151750] ACPI: FACP 0x000000003FFF00F0 0000F4 (v04 VBOX   VBOXFACP 00000001 ASL  00000061)
[    0.151763] ACPI: DSDT 0x000000003FFF0470 002325 (v02 VBOX   VBOXBIOS 00000002 INTL 20100528)
[    0.151774] ACPI: FACS 0x000000003FFF0200 000040
[    0.151783] ACPI: FACS 0x000000003FFF0200 000040
[    0.151792] ACPI: APIC 0x000000003FFF0240 00005C (v02 VBOX   VBOXAPIC 00000001 ASL  00000061)
[    0.151801] ACPI: SSDT 0x000000003FFF02A0 0001CC (v01 VBOX   VBOXCPUT 00000002 INTL 20100528)
[    0.151810] ACPI: Reserving FACP table memory at [mem 0x3fff00f0-0x3fff01e3]
[    0.151814] ACPI: Reserving DSDT table memory at [mem 0x3fff0470-0x3fff2794]
[    0.151817] ACPI: Reserving FACS table memory at [mem 0x3fff0200-0x3fff023f]
[    0.151821] ACPI: Reserving FACS table memory at [mem 0x3fff0200-0x3fff023f]
[    0.151824] ACPI: Reserving APIC table memory at [mem 0x3fff0240-0x3fff029b]
[    0.151827] ACPI: Reserving SSDT table memory at [mem 0x3fff02a0-0x3fff046b]
[    0.152194] No NUMA configuration found
[    0.152198] Faking a node at [mem 0x0000000000000000-0x000000003ffeffff]
[    0.152209] NODE_DATA(0) allocated [mem 0x3ffc6000-0x3ffeffff]
[    0.152666] Zone ranges:
[    0.152669]   DMA      [mem 0x0000000000001000-0x0000000000ffffff]
[    0.152673]   DMA32    [mem 0x0000000001000000-0x000000003ffeffff]
[    0.152677]   Normal   empty
[    0.152680]   Device   empty
[    0.152683] Movable zone start for each node
[    0.152687] Early memory node ranges
[    0.152689]   node   0: [mem 0x0000000000001000-0x000000000009efff]
[    0.152692]   node   0: [mem 0x0000000000100000-0x000000003ffeffff]
[    0.152708] Initmem setup node 0 [mem 0x0000000000001000-0x000000003ffeffff]
[    0.153076]   DMA zone: 28770 pages in unavailable ranges
[    0.156020]   DMA32 zone: 16 pages in unavailable ranges
[    0.156656] ACPI: PM-Timer IO Port: 0x4008
[    0.156751] IOAPIC[0]: apic_id 2, version 32, address 0xfec00000, GSI 0-23
[    0.156757] ACPI: INT_SRC_OVR (bus 0 bus_irq 0 global_irq 2 dfl dfl)
[    0.156761] ACPI: INT_SRC_OVR (bus 0 bus_irq 9 global_irq 9 low level)
[    0.156771] Using ACPI (MADT) for SMP configuration information
[    0.156780] smpboot: Allowing 2 CPUs, 0 hotplug CPUs
[    0.156807] PM: hibernation: Registered nosave memory: [mem 0x00000000-0x00000fff]
[    0.156810] PM: hibernation: Registered nosave memory: [mem 0x0009f000-0x0009ffff]
[    0.156813] PM: hibernation: Registered nosave memory: [mem 0x000a0000-0x000effff]
[    0.156815] PM: hibernation: Registered nosave memory: [mem 0x000f0000-0x000fffff]
[    0.156817] [mem 0x40000000-0xfebfffff] available for PCI devices
[    0.156820] Booting paravirtualized kernel on KVM
[    0.156823] clocksource: refined-jiffies: mask: 0xffffffff max_cycles: 0xffffffff, max_idle_ns: 7645519600211568 ns
[    0.156831] setup_percpu: NR_CPUS:8192 nr_cpumask_bits:2 nr_cpu_ids:2 nr_node_ids:1
[    0.156978] percpu: Embedded 56 pages/cpu s192512 r8192 d28672 u1048576
[    0.157020] kvm-guest: PV spinlocks enabled
[    0.157024] PV qspinlock hash table entries: 256 (order: 0, 4096 bytes, linear)
[    0.157035] Built 1 zonelists, mobility grouping on.  Total pages: 257913
[    0.157038] Policy zone: DMA32
[    0.157040] Kernel command line: BOOT_IMAGE=/boot/vmlinuz-5.11.0-27-generic root=UUID=9c299885-25d6-4c95-a738-828bdfa92feb ro console=ttyS0115200n8
[    0.157144] Dentry cache hash table entries: 131072 (order: 8, 1048576 bytes, linear)
[    0.157171] Inode-cache hash table entries: 65536 (order: 7, 524288 bytes, linear)
[    0.157249] mem auto-init: stack:off, heap alloc:on, heap free:off
[    0.160974] Memory: 942532K/1048120K available (14345K kernel code, 3477K rwdata, 5456K rodata, 2684K init, 5980K bss, 105332K reserved, 0K cma-reserved)
[    0.160984] random: get_random_u64 called from __kmem_cache_create+0x2d/0x430 with crng_init=0
[    0.161134] SLUB: HWalign=64, Order=0-3, MinObjects=0, CPUs=2, Nodes=1
[    0.161157] Kernel/User page tables isolation: enabled
[    0.161178] ftrace: allocating 48644 entries in 191 pages
[    0.198219] ftrace: allocated 191 pages with 7 groups
[    0.198444] rcu: Hierarchical RCU implementation.
[    0.198450] rcu: 	RCU restricting CPUs from NR_CPUS=8192 to nr_cpu_ids=2.
[    0.198453] 	Rude variant of Tasks RCU enabled.
[    0.198523] 	Tracing variant of Tasks RCU enabled.
[    0.198525] rcu: RCU calculated value of scheduler-enlistment delay is 25 jiffies.
[    0.198528] rcu: Adjusting geometry for rcu_fanout_leaf=16, nr_cpu_ids=2
[    0.205004] NR_IRQS: 524544, nr_irqs: 440, preallocated irqs: 16
[    0.205680] random: crng done (trusting CPU's manufacturer)
[    0.228435] Console: colour VGA+ 80x25
[    0.701334] printk: console [ttyS0] enabled
[    0.703314] ACPI: Core revision 20201113
[    0.705529] APIC: Switch to symmetric I/O mode setup
[    0.708589] x2apic enabled
[    0.710611] Switched APIC routing to physical x2apic.
[    0.718420] ..TIMER: vector=0x30 apic1=0 pin1=2 apic2=-1 pin2=-1
[    0.722018] clocksource: tsc-early: mask: 0xffffffffffffffff max_cycles: 0x22983938a92, max_idle_ns: 440795216168 ns
[    0.726905] Calibrating delay loop (skipped) preset value.. 4800.00 BogoMIPS (lpj=9600008)
[    0.730930] pid_max: default: 32768 minimum: 301
[    0.735057] LSM: Security Framework initializing
[    0.738936] Yama: becoming mindful.
[    0.742968] AppArmor: AppArmor initialized
[    0.744984] Mount-cache hash table entries: 2048 (order: 2, 16384 bytes, linear)
[    0.746916] Mountpoint-cache hash table entries: 2048 (order: 2, 16384 bytes, linear)
[    0.751691] Last level iTLB entries: 4KB 64, 2MB 8, 4MB 8
[    0.754909] Last level dTLB entries: 4KB 64, 2MB 0, 4MB 0, 1GB 4
[    0.758910] Spectre V1 : Mitigation: usercopy/swapgs barriers and __user pointer sanitization
[    0.762908] Spectre V2 : Mitigation: Full generic retpoline
[    0.766904] Spectre V2 : Spectre v2 / SpectreRSB mitigation: Filling RSB on context switch
[    0.770907] Speculative Store Bypass: Vulnerable
[    0.774911] SRBDS: Unknown: Dependent on hypervisor status
[    0.778906] MDS: Mitigation: Clear CPU buffers
[    0.781541] Freeing SMP alternatives memory: 40K
[    0.893597] smpboot: CPU0: Intel(R) Core(TM) i5-6200U CPU @ 2.30GHz (family: 0x6, model: 0x4e, stepping: 0x3)
[    0.896005] Performance Events: unsupported p6 CPU model 78 no PMU driver, software events only.
[    0.899016] rcu: Hierarchical SRCU implementation.
[    0.902170] NMI watchdog: Perf NMI watchdog permanently disabled
[    0.903025] smp: Bringing up secondary CPUs ...
[    0.907235] x86: Booting SMP configuration:
[    0.910914] .... node  #0, CPUs:      #1
[    0.509410] kvm-clock: cpu 1, msr 39001041, secondary cpu clock
[    0.914961] smp: Brought up 1 node, 2 CPUs
[    0.921096] smpboot: Max logical packages: 1
[    0.922910] smpboot: Total of 2 processors activated (9600.00 BogoMIPS)
[    0.927302] devtmpfs: initialized
[    0.930995] x86/mm: Memory block size: 128MB
[    0.933695] clocksource: jiffies: mask: 0xffffffff max_cycles: 0xffffffff, max_idle_ns: 7645041785100000 ns
[    0.934919] futex hash table entries: 512 (order: 3, 32768 bytes, linear)
[    0.939034] pinctrl core: initialized pinctrl subsystem
[    0.943205] PM: RTC time: 11:12:33, date: 2022-02-01
[    0.947172] NET: Registered protocol family 16
[    0.949651] DMA: preallocated 128 KiB GFP_KERNEL pool for atomic allocations
[    0.950962] DMA: preallocated 128 KiB GFP_KERNEL|GFP_DMA pool for atomic allocations
[    0.954940] DMA: preallocated 128 KiB GFP_KERNEL|GFP_DMA32 pool for atomic allocations
[    0.958932] audit: initializing netlink subsys (disabled)
[    0.963009] audit: type=2000 audit(1643706836.031:1): state=initialized audit_enabled=0 res=1
[    0.963177] thermal_sys: Registered thermal governor 'fair_share'
[    0.966909] thermal_sys: Registered thermal governor 'bang_bang'
[    0.970913] thermal_sys: Registered thermal governor 'step_wise'
[    0.974909] thermal_sys: Registered thermal governor 'user_space'
[    0.978912] thermal_sys: Registered thermal governor 'power_allocator'
[    0.982939] EISA bus registered
[    0.986967] cpuidle: using governor ladder
[    0.990936] cpuidle: using governor menu
[    0.995017] ACPI: bus type PCI registered
[    0.998930] acpiphp: ACPI Hot Plug PCI Controller Driver version: 0.5
[    1.002323] PCI: Using configuration type 1 for base access
[    1.007381] Kprobes globally optimized
[    1.011015] HugeTLB registered 2.00 MiB page size, pre-allocated 0 pages
[    1.019071] ACPI: Added _OSI(Module Device)
[    1.022926] ACPI: Added _OSI(Processor Device)
[    1.026958] ACPI: Added _OSI(3.0 _SCP Extensions)
[    1.030912] ACPI: Added _OSI(Processor Aggregator Device)
[    1.033358] ACPI: Added _OSI(Linux-Dell-Video)
[    1.034910] ACPI: Added _OSI(Linux-Lenovo-NV-HDMI-Audio)
[    1.038911] ACPI: Added _OSI(Linux-HPI-Hybrid-Graphics)
[    1.050221] ACPI: 2 ACPI AML tables successfully acquired and loaded
[    1.058292] ACPI: Interpreter enabled
[    1.059005] ACPI: (supports S0 S5)
[    1.062924] ACPI: Using IOAPIC for interrupt routing
[    1.067609] PCI: Using host bridge windows from ACPI; if necessary, use "pci=nocrs" and report a bug
[    1.071252] ACPI: Enabled 2 GPEs in block 00 to 07
[    1.090480] ACPI: PCI Root Bridge [PCI0] (domain 0000 [bus 00-ff])
[    1.090974] acpi PNP0A03:00: _OSC: OS supports [ASPM ClockPM Segments MSI HPX-Type3]
[    1.096133] acpi PNP0A03:00: _OSC: not requesting OS control; OS requires [ExtendedConfig ASPM ClockPM MSI]
[    1.098945] acpi PNP0A03:00: fail to add MMCONFIG information, can't access extended PCI configuration space under this bridge.
[    1.103929] PCI host bridge to bus 0000:00
[    1.106002] pci_bus 0000:00: root bus resource [bus 00-ff]
[    1.106913] pci_bus 0000:00: root bus resource [io  0x0000-0x0cf7 window]
[    1.110941] pci_bus 0000:00: root bus resource [io  0x0d00-0xffff window]
[    1.114915] pci_bus 0000:00: root bus resource [mem 0x000a0000-0x000bffff window]
[    1.118911] pci_bus 0000:00: root bus resource [mem 0x40000000-0xfdffffff window]
[    1.123037] pci 0000:00:00.0: [8086:1237] type 00 class 0x060000
[    1.129868] pci 0000:00:01.0: [8086:7000] type 00 class 0x060100
[    1.140341] pci 0000:00:02.0: [80ee:beef] type 00 class 0x030000
[    1.147527] pci 0000:00:02.0: reg 0x10: [mem 0xe0000000-0xe07fffff pref]
[    1.160725] pci 0000:00:03.0: [8086:100e] type 00 class 0x020000
[    1.167112] pci 0000:00:03.0: reg 0x10: [mem 0xf0000000-0xf001ffff]
[    1.173102] pci 0000:00:03.0: reg 0x18: [io  0xd000-0xd007]
[    1.188587] pci 0000:00:04.0: [80ee:cafe] type 00 class 0x088000
[    1.192131] pci 0000:00:04.0: reg 0x10: [io  0xd020-0xd03f]
[    1.198939] pci 0000:00:04.0: reg 0x14: [mem 0xf0400000-0xf07fffff]
[    1.204082] pci 0000:00:04.0: reg 0x18: [mem 0xf0800000-0xf0803fff pref]
[    1.218082] pci 0000:00:05.0: [8086:2415] type 00 class 0x040100
[    1.219147] pci 0000:00:05.0: reg 0x10: [io  0xd100-0xd1ff]
[    1.223092] pci 0000:00:05.0: reg 0x14: [io  0xd200-0xd23f]
[    1.231500] pci 0000:00:07.0: [8086:7113] type 00 class 0x068000
[    1.236280] pci 0000:00:07.0: quirk: [io  0x4000-0x403f] claimed by PIIX4 ACPI
[    1.238942] pci 0000:00:07.0: quirk: [io  0x4100-0x410f] claimed by PIIX4 SMB
[    1.249523] pci 0000:00:0d.0: [8086:2829] type 00 class 0x010601
[    1.255362] pci 0000:00:0d.0: reg 0x10: [io  0xd240-0xd247]
[    1.263136] pci 0000:00:0d.0: reg 0x14: [io  0xd248-0xd24b]
[    1.267123] pci 0000:00:0d.0: reg 0x18: [io  0xd250-0xd257]
[    1.272432] pci 0000:00:0d.0: reg 0x1c: [io  0xd258-0xd25b]
[    1.279102] pci 0000:00:0d.0: reg 0x20: [io  0xd260-0xd26f]
[    1.283149] pci 0000:00:0d.0: reg 0x24: [mem 0xf0804000-0xf0805fff]
[    1.301212] ACPI: PCI Interrupt Link [LNKA] (IRQs 5 9 10 *11)
[    1.304118] ACPI: PCI Interrupt Link [LNKB] (IRQs 5 9 *10 11)
[    1.307268] ACPI: PCI Interrupt Link [LNKC] (IRQs 5 *9 10 11)
[    1.310444] ACPI: PCI Interrupt Link [LNKD] (IRQs 5 9 10 *11)
[    1.311495] iommu: Default domain type: Translated 
[    1.315749] SCSI subsystem initialized
[    1.319034] pci 0000:00:02.0: vgaarb: setting as boot VGA device
[    1.322432] pci 0000:00:02.0: vgaarb: VGA device added: decodes=io+mem,owns=io+mem,locks=none
[    1.322915] pci 0000:00:02.0: vgaarb: bridge control possible
[    1.326913] vgaarb: loaded
[    1.328450] ACPI: bus type USB registered
[    1.330967] usbcore: registered new interface driver usbfs
[    1.334932] usbcore: registered new interface driver hub
[    1.337922] usbcore: registered new device driver usb
[    1.338993] pps_core: LinuxPPS API ver. 1 registered
[    1.342908] pps_core: Software ver. 5.3.6 - Copyright 2005-2007 Rodolfo Giometti <giometti@linux.it>
[    1.346928] PTP clock support registered
[    1.350999] EDAC MC: Ver: 3.0.0
[    1.355299] NetLabel: Initializing
[    1.358911] NetLabel:  domain hash size = 128
[    1.362904] NetLabel:  protocols = UNLABELED CIPSOv4 CALIPSO
[    1.365552] NetLabel:  unlabeled traffic allowed by default
[    1.371010] PCI: Using ACPI for IRQ routing
[    1.379291] clocksource: Switched to clocksource kvm-clock
[    1.408017] VFS: Disk quotas dquot_6.6.0
[    1.410603] VFS: Dquot-cache hash table entries: 512 (order 0, 4096 bytes)
[    1.414083] AppArmor: AppArmor Filesystem Enabled
[    1.416378] pnp: PnP ACPI init
[    1.420312] pnp: PnP ACPI: found 3 devices
[    1.436242] clocksource: acpi_pm: mask: 0xffffff max_cycles: 0xffffff, max_idle_ns: 2085701024 ns
[    1.444072] NET: Registered protocol family 2
[    1.446127] IP idents hash table entries: 16384 (order: 5, 131072 bytes, linear)
[    1.451004] tcp_listen_portaddr_hash hash table entries: 512 (order: 1, 8192 bytes, linear)
[    1.458312] TCP established hash table entries: 8192 (order: 4, 65536 bytes, linear)
[    1.477055] TCP bind hash table entries: 8192 (order: 5, 131072 bytes, linear)
[    1.480965] TCP: Hash tables configured (established 8192 bind 8192)
[    1.484448] MPTCP token hash table entries: 1024 (order: 2, 24576 bytes, linear)
[    1.492255] UDP hash table entries: 512 (order: 2, 16384 bytes, linear)
[    1.496536] UDP-Lite hash table entries: 512 (order: 2, 16384 bytes, linear)
[    1.500387] NET: Registered protocol family 1
[    1.502905] NET: Registered protocol family 44
[    1.507231] pci_bus 0000:00: resource 4 [io  0x0000-0x0cf7 window]
[    1.514283] pci_bus 0000:00: resource 5 [io  0x0d00-0xffff window]
[    1.517766] pci_bus 0000:00: resource 6 [mem 0x000a0000-0x000bffff window]
[    1.521834] pci_bus 0000:00: resource 7 [mem 0x40000000-0xfdffffff window]
[    1.526850] pci 0000:00:00.0: Limiting direct PCI/PCI transfers
[    1.529842] pci 0000:00:01.0: Activating ISA DMA hang workarounds
[    1.532854] pci 0000:00:02.0: Video device with shadowed ROM at [mem 0x000c0000-0x000dffff]
[    1.538260] PCI: CLS 0 bytes, default 64
[    1.542391] Trying to unpack rootfs image as initramfs...
[    2.043523] Freeing initrd memory: 51788K
[    2.045992] clocksource: tsc: mask: 0xffffffffffffffff max_cycles: 0x22983938a92, max_idle_ns: 440795216168 ns
[    2.051255] clocksource: Switched to clocksource tsc
[    2.054250] platform rtc_cmos: registered platform RTC device (no PNP device found)
[    2.062573] check: Scanning for low memory corruption every 60 seconds
[    2.069809] Initialise system trusted keyrings
[    2.072558] Key type blacklist registered
[    2.075097] workingset: timestamp_bits=36 max_order=18 bucket_order=0
[    2.080939] zbud: loaded
[    2.082913] squashfs: version 4.0 (2009/01/31) Phillip Lougher
[    2.087413] fuse: init (API version 7.33)
[    2.090728] integrity: Platform Keyring initialized
[    2.103264] Key type asymmetric registered
[    2.108256] Asymmetric key parser 'x509' registered
[    2.111057] Block layer SCSI generic (bsg) driver version 0.4 loaded (major 243)
[    2.115086] io scheduler mq-deadline registered
[    2.117671] shpchp: Standard Hot Plug PCI Controller Driver version: 0.4
[    2.123824] ACPI: AC Adapter [AC] (on-line)
[    2.127625] input: Power Button as /devices/LNXSYSTM:00/LNXPWRBN:00/input/input0
[    2.131639] ACPI: Power Button [PWRF]
[    2.133774] input: Sleep Button as /devices/LNXSYSTM:00/LNXSLPBN:00/input/input1
[    2.141858] ACPI: Sleep Button [SLPF]
[    2.148376] battery: ACPI: Battery Slot [BAT0] (battery present)
[    2.151737] Serial: 8250/16550 driver, 32 ports, IRQ sharing enabled
[    2.179581] 00:02: ttyS0 at I/O 0x3f8 (irq = 4, base_baud = 115200) is a 16550A
[    2.192077] Linux agpgart interface v0.103
[    2.197795] loop: module loaded
[    2.200266] libphy: Fixed MDIO Bus: probed
[    2.203334] tun: Universal TUN/TAP device driver, 1.6
[    2.209557] PPP generic driver version 2.4.2
[    2.212222] VFIO - User Level meta-driver version: 0.3
[    2.214865] ehci_hcd: USB 2.0 'Enhanced' Host Controller (EHCI) Driver
[    2.217938] ehci-pci: EHCI PCI platform driver
[    2.221778] ehci-platform: EHCI generic platform driver
[    2.224769] ohci_hcd: USB 1.1 'Open' Host Controller (OHCI) Driver
[    2.228075] ohci-pci: OHCI PCI platform driver
[    2.230259] ohci-platform: OHCI generic platform driver
[    2.233037] uhci_hcd: USB Universal Host Controller Interface driver
[    2.238210] i8042: PNP: PS/2 Controller [PNP0303:PS2K,PNP0f03:PS2M] at 0x60,0x64 irq 1,12
[    2.245553] serio: i8042 KBD port at 0x60,0x64 irq 1
[    2.247915] serio: i8042 AUX port at 0x60,0x64 irq 12
[    2.250646] mousedev: PS/2 mouse device common for all mice
[    2.257025] input: AT Translated Set 2 keyboard as /devices/platform/i8042/serio0/input/input2
[    2.259619] rtc_cmos rtc_cmos: registered as rtc0
[    2.264562] rtc_cmos rtc_cmos: setting system clock to 2022-02-01T11:12:35 UTC (1643713955)
[    2.269121] rtc_cmos rtc_cmos: alarms up to one day, 114 bytes nvram
[    2.275376] i2c /dev entries driver
[    2.277465] device-mapper: uevent: version 1.0.3
[    2.280339] device-mapper: ioctl: 4.43.0-ioctl (2020-10-01) initialised: dm-devel@redhat.com
[    2.284424] platform eisa.0: Probing EISA bus 0
[    2.289248] platform eisa.0: EISA: Cannot allocate resource for mainboard
[    2.292478] platform eisa.0: Cannot allocate resource for EISA slot 1
[    2.295577] platform eisa.0: Cannot allocate resource for EISA slot 2
[    2.298870] platform eisa.0: Cannot allocate resource for EISA slot 3
[    2.303195] platform eisa.0: Cannot allocate resource for EISA slot 4
[    2.308959] platform eisa.0: Cannot allocate resource for EISA slot 5
[    2.312309] platform eisa.0: Cannot allocate resource for EISA slot 6
[    2.315295] platform eisa.0: Cannot allocate resource for EISA slot 7
[    2.319383] platform eisa.0: Cannot allocate resource for EISA slot 8
[    2.334708] platform eisa.0: EISA: Detected 0 cards
[    2.343629] intel_pstate: CPU model not supported
[    2.346362] ledtrig-cpu: registered to indicate activity on CPUs
[    2.349917] intel_pmc_core intel_pmc_core.0:  initialized
[    2.353732] drop_monitor: Initializing network drop monitor service
[    2.358244] NET: Registered protocol family 10
[    2.377423] Segment Routing with IPv6
[    2.379258] NET: Registered protocol family 17
[    2.381466] Key type dns_resolver registered
[    2.384139] IPI shorthand broadcast: enabled
[    2.386553] sched_clock: Marking stable (1878650255, 505410363)->(2493074594, -109013976)
[    2.402350] registered taskstats version 1
[    2.415017] Loading compiled-in X.509 certificates
[    2.443528] Loaded X.509 cert 'Build time autogenerated kernel key: 69c2f4d1719c6e601fe8039a6c5d3206d1a8df75'
[    2.449148] Loaded X.509 cert 'Canonical Ltd. Live Patch Signing: 14df34d1a87cf37625abec039ef2bf521249b969'
[    2.458861] Loaded X.509 cert 'Canonical Ltd. Kernel Module Signing: 88f752e560a1e0737e31163a466ad7b70a850c19'
[    2.468519] zswap: loaded using pool lzo/zbud
[    2.474073] Key type ._fscrypt registered
[    2.476264] Key type .fscrypt registered
[    2.478296] Key type fscrypt-provisioning registered
[    2.487623] Key type encrypted registered
[    2.490815] AppArmor: AppArmor sha1 policy hashing enabled
[    2.493476] ima: No TPM chip found, activating TPM-bypass!
[    2.496174] ima: Allocated hash algorithm: sha1
[    2.498610] ima: No architecture policies found
[    2.500777] evm: Initialising EVM extended attributes:
[    2.506549] evm: security.selinux
[    2.511602] evm: security.SMACK64
[    2.513433] evm: security.SMACK64EXEC
[    2.515556] evm: security.SMACK64TRANSMUTE
[    2.517629] evm: security.SMACK64MMAP
[    2.520493] evm: security.apparmor
[    2.532121] evm: security.ima
[    2.533523] evm: security.capability
[    2.536326] evm: HMAC attrs: 0x1
[    2.539953] PM:   Magic number: 10:382:225
[    2.544161] RAS: Correctable Errors collector initialized.
[    2.561984] Freeing unused decrypted memory: 2036K
[    2.565294] Freeing unused kernel image (initmem) memory: 2684K
[    2.571875] Write protecting the kernel read-only data: 22528k
[    2.581440] Freeing unused kernel image (text/rodata gap) memory: 2036K
[    2.586476] Freeing unused kernel image (rodata/data gap) memory: 688K
[    2.683470] x86/mm: Checked W+X mappings: passed, no W+X pages found.
[    2.688182] x86/mm: Checking user space page tables
[    2.774251] x86/mm: Checked W+X mappings: passed, no W+X pages found.
[    2.777679] Run /init as init process
Loading, please wait...
Starting version 245.4-4ubuntu3.11
[    2.945528] ACPI: Video Device [GFX0] (multi-head: yes  rom: no  post: no)
[    2.962153] input: Video Bus as /devices/LNXSYSTM:00/LNXSYBUS:00/PNP0A03:00/LNXVIDEO:00/input/input4
[    2.966808] e1000: Intel(R) PRO/1000 Network Driver
[    2.969698] e1000: Copyright (c) 1999-2006 Intel Corporation.
[    2.978782] piix4_smbus 0000:00:07.0: SMBus Host Controller at 0x4100, revision 0
[    3.015273] ahci 0000:00:0d.0: SSS flag set, parallel bus scan disabled
[    3.021476] ahci 0000:00:0d.0: AHCI 0001.0100 32 slots 30 ports 3 Gbps 0x3fffffff impl SATA mode
[    3.029705] ahci 0000:00:0d.0: flags: 64bit ncq stag only ccc 
[    3.041281] scsi host0: ahci
[    3.047099] scsi host1: ahci
[    3.048712] scsi host2: ahci
[    3.050297] scsi host3: ahci
[    3.053590] scsi host4: ahci
[    3.056147] scsi host5: ahci
[    3.058816] scsi host6: ahci
[    3.060634] scsi host7: ahci
[    3.062433] scsi host8: ahci
[    3.064546] scsi host9: ahci
[    3.066319] scsi host10: ahci
[    3.070479] scsi host11: ahci
[    3.073948] scsi host12: ahci
[    3.076051] scsi host13: ahci
[    3.079324] scsi host14: ahci
[    3.081736] scsi host15: ahci
[    3.083967] scsi host16: ahci
[    3.099130] scsi host17: ahci
[    3.109858] scsi host18: ahci
[    3.181793] scsi host19: ahci
[    3.194308] scsi host20: ahci
[    3.198167] scsi host21: ahci
[    3.201003] scsi host22: ahci
[    3.208991] scsi host23: ahci
[    3.212456] scsi host24: ahci
[    3.215706] scsi host25: ahci
[    3.229271] input: ImExPS/2 Generic Explorer Mouse as /devices/platform/i8042/serio1/input/input5
[    3.240341] scsi host26: ahci
[    3.243390] scsi host27: ahci
[    3.245161] scsi host28: ahci
[    3.246913] scsi host29: ahci
[    3.248596] ata1: SATA max UDMA/133 abar m8192@0xf0804000 port 0xf0804100 irq 21
[    3.254610] ata2: SATA max UDMA/133 abar m8192@0xf0804000 port 0xf0804180 irq 21
[    3.260767] ata3: SATA max UDMA/133 abar m8192@0xf0804000 port 0xf0804200 irq 21
[    3.264167] ata4: SATA max UDMA/133 abar m8192@0xf0804000 port 0xf0804280 irq 21
[    3.269304] ata5: SATA max UDMA/133 abar m8192@0xf0804000 port 0xf0804300 irq 21
[    3.274455] ata6: SATA max UDMA/133 abar m8192@0xf0804000 port 0xf0804380 irq 21
[    3.278082] ata7: SATA max UDMA/133 abar m8192@0xf0804000 port 0xf0804400 irq 21
[    3.281384] ata8: SATA max UDMA/133 abar m8192@0xf0804000 port 0xf0804480 irq 21
[    3.285437] ata9: SATA max UDMA/133 abar m8192@0xf0804000 port 0xf0804500 irq 21
[    3.290882] ata10: SATA max UDMA/133 abar m8192@0xf0804000 port 0xf0804580 irq 21
[    3.295500] ata11: SATA max UDMA/133 abar m8192@0xf0804000 port 0xf0804600 irq 21
[    3.298878] ata12: SATA max UDMA/133 abar m8192@0xf0804000 port 0xf0804680 irq 21
[    3.302998] ata13: SATA max UDMA/133 abar m8192@0xf0804000 port 0xf0804700 irq 21
[    3.308374] ata14: SATA max UDMA/133 abar m8192@0xf0804000 port 0xf0804780 irq 21
[    3.311775] ata15: SATA max UDMA/133 abar m8192@0xf0804000 port 0xf0804800 irq 21
[    3.315740] ata16: SATA max UDMA/133 abar m8192@0xf0804000 port 0xf0804880 irq 21
[    3.320107] ata17: SATA max UDMA/133 abar m8192@0xf0804000 port 0xf0804900 irq 21
[    3.326738] ata18: SATA max UDMA/133 abar m8192@0xf0804000 port 0xf0804980 irq 21
[    3.330351] ata19: SATA max UDMA/133 abar m8192@0xf0804000 port 0xf0804a00 irq 21
[    3.349670] ata20: SATA max UDMA/133 abar m8192@0xf0804000 port 0xf0804a80 irq 21
[    3.357260] ata21: SATA max UDMA/133 abar m8192@0xf0804000 port 0xf0804b00 irq 21
[    3.360715] ata22: SATA max UDMA/133 abar m8192@0xf0804000 port 0xf0804b80 irq 21
[    3.364168] ata23: SATA max UDMA/133 abar m8192@0xf0804000 port 0xf0804c00 irq 21
[    3.369599] ata24: SATA max UDMA/133 abar m8192@0xf0804000 port 0xf0804c80 irq 21
[    3.374892] ata25: SATA max UDMA/133 abar m8192@0xf0804000 port 0xf0804d00 irq 21
[    3.378575] ata26: SATA max UDMA/133 abar m8192@0xf0804000 port 0xf0804d80 irq 21
[    3.382956] ata27: SATA max UDMA/133 abar m8192@0xf0804000 port 0xf0804e00 irq 21
[    3.389158] ata28: SATA max UDMA/133 abar m8192@0xf0804000 port 0xf0804e80 irq 21
[    3.394294] ata29: SATA max UDMA/133 abar m8192@0xf0804000 port 0xf0804f00 irq 21
[    3.397848] ata30: SATA max UDMA/133 abar m8192@0xf0804000 port 0xf0804f80 irq 21
[    3.711681] e1000 0000:00:03.0 eth0: (PCI:33MHz:32-bit) 08:00:27:38:55:07
[    3.720756] e1000 0000:00:03.0 eth0: Intel(R) PRO/1000 Network Connection
[    3.721154] ata1: SATA link up 3.0 Gbps (SStatus 123 SControl 300)
[    3.741636] e1000 0000:00:03.0 enp0s3: renamed from eth0
[    3.742984] ata1.00: ATA-6: VBOX HARDDISK, 1.0, max UDMA/133
[    3.747618] ata1.00: 1048576000 sectors, multi 128: LBA48 NCQ (depth 32)
[    3.753595] ata1.00: configured for UDMA/133
[    3.762368] scsi 0:0:0:0: Direct-Access     ATA      VBOX HARDDISK    1.0  PQ: 0 ANSI: 5
[    3.771859] scsi 0:0:0:0: Attached scsi generic sg0 type 0
[    3.775470] sd 0:0:0:0: [sda] 1048576000 512-byte logical blocks: (537 GB/500 GiB)
[    3.779037] sd 0:0:0:0: [sda] Write Protect is off
[    3.781318] sd 0:0:0:0: [sda] Write cache: enabled, read cache: enabled, doesn't support DPO or FUA
[    3.809328]  sda: sda1 sda2 sda3
[    3.815501] sd 0:0:0:0: [sda] Attached SCSI disk
[    4.299871] ata2: SATA link down (SStatus 0 SControl 300)
[    4.916519] ata3: SATA link down (SStatus 0 SControl 300)
[    5.631608] ata4: SATA link down (SStatus 0 SControl 300)
[    6.493768] ata5: SATA link down (SStatus 0 SControl 300)
[    7.050831] ata6: SATA link down (SStatus 0 SControl 300)
[    7.669579] ata7: SATA link down (SStatus 0 SControl 300)
[    8.202572] ata8: SATA link down (SStatus 0 SControl 300)
[    8.636047] ata9: SATA link down (SStatus 0 SControl 300)
[    9.178211] ata10: SATA link down (SStatus 0 SControl 300)
[    9.671955] ata11: SATA link down (SStatus 0 SControl 300)
[   10.497733] ata12: SATA link down (SStatus 0 SControl 300)
[   11.211654] ata13: SATA link down (SStatus 0 SControl 300)
[   11.746195] ata14: SATA link down (SStatus 0 SControl 300)
[   12.300195] ata15: SATA link down (SStatus 0 SControl 300)
[   12.916833] ata16: SATA link down (SStatus 0 SControl 300)
[   13.673790] ata17: SATA link down (SStatus 0 SControl 300)
[   14.008724] ata18: SATA link down (SStatus 0 SControl 300)
[   14.348813] ata19: SATA link down (SStatus 0 SControl 300)
[   15.237043] ata20: SATA link down (SStatus 0 SControl 300)
[   15.674891] ata21: SATA link down (SStatus 0 SControl 300)
[   16.026812] ata22: SATA link down (SStatus 0 SControl 300)
[   16.356450] ata23: SATA link down (SStatus 0 SControl 300)
[   16.689438] ata24: SATA link down (SStatus 0 SControl 300)
[   17.035160] ata25: SATA link down (SStatus 0 SControl 300)
[   17.360135] ata26: SATA link down (SStatus 0 SControl 300)
[   18.213926] ata27: SATA link down (SStatus 0 SControl 300)
[   18.676724] ata28: SATA link down (SStatus 0 SControl 300)
[   19.496814] ata29: SATA link down (SStatus 0 SControl 300)
[   20.237063] ata30: SATA link down (SStatus 0 SControl 300)
Begin: Loading essential drivers ... done.
Begin: Running /scripts/init-premount ... done.
Begin: Mounting root file system ... Begin: Running /scripts/local-top ... done.
Begin: Running /scripts/local-premount ... done.
Begin: Will now check root file system ... fsck from util-linux 2.34
[/usr/sbin/fsck.ext4 (1) -- /dev/sda1] fsck.ext4 -a -C0 /dev/sda1 
/dev/sda1: clean, 162655/14458880 files, 2660054/57829632 blocks
done.
[   20.434333] EXT4-fs (sda1): mounted filesystem with ordered data mode. Opts: (null). Quota mode: none.
done.
Begin: Running /scripts/local-bottom ... done.
Begin: Running /scripts/init-bottom ... done.
[   20.696363] systemd[1]: Inserted module 'autofs4'
[   20.732875] systemd[1]: systemd 245.4-4ubuntu3.11 running in system mode. (+PAM +AUDIT +SELINUX +IMA +APPARMOR +SMACK +SYSVINIT +UTMP +LIBCRYPTSETUP +GCRYPT +GNUTLS +ACL +XZ +LZ4 +SECCOMP +BLKID +ELFUTILS +KMOD +IDN2 -IDN +PCRE2 default-hierarchy=hybrid)
[   20.743270] systemd[1]: Detected virtualization oracle.
[   20.745764] systemd[1]: Detected architecture x86-64.

Welcome to [1mUbuntu 20.04.3 LTS[0m!

[   20.779962] systemd[1]: Set hostname to <osboxes>.
[   21.366271] systemd[1]: Created slice system-modprobe.slice.
[[0;32m  OK  [0m] Created slice [0;1;39msystem-modprobe.slice[0m.
[   21.375761] systemd[1]: Created slice system-serial\x2dgetty.slice.
[[0;32m  OK  [0m] Created slice [0;1;39msystem-serial\x2dgetty.slice[0m.
[   21.393016] systemd[1]: Created slice system-systemd\x2dfsck.slice.
[[0;32m  OK  [0m] Created slice [0;1;39msystem-systemd\x2dfsck.slice[0m.
[   21.408647] systemd[1]: Created slice User and Session Slice.
[[0;32m  OK  [0m] Created slice [0;1;39mUser and Session Slice[0m.
[   21.424033] systemd[1]: Started Forward Password Requests to Wall Directory Watch.
[[0;32m  OK  [0m] Started [0;1;39mForward Password R‚Ä¶uests to Wall Directory Watch[0m.
[   21.498196] systemd[1]: Set up automount Arbitrary Executable File Formats File System Automount Point.
[[0;32m  OK  [0m] Set up automount [0;1;39mArbitrary‚Ä¶s File System Automount Point[0m.
[   21.515476] systemd[1]: Reached target User and Group Name Lookups.
[[0;32m  OK  [0m] Reached target [0;1;39mUser and Group Name Lookups[0m.
[   21.520350] systemd[1]: Reached target Remote File Systems.
[[0;32m  OK  [0m] Reached target [0;1;39mRemote File Systems[0m.
[   21.526295] systemd[1]: Reached target Slices.
[[0;32m  OK  [0m] Reached target [0;1;39mSlices[0m.
[   21.678838] systemd[1]: Listening on Syslog Socket.
[[0;32m  OK  [0m] Listening on [0;1;39mSyslog Socket[0m.
[   21.731332] systemd[1]: Listening on fsck to fsckd communication Socket.
[[0;32m  OK  [0m] Listening on [0;1;39mfsck to fsckd communication Socket[0m.
[   21.762425] systemd[1]: Listening on initctl Compatibility Named Pipe.
[[0;32m  OK  [0m] Listening on [0;1;39minitctl Compatibility Named Pipe[0m.
[   22.239628] systemd[1]: Listening on Journal Audit Socket.
[[0;32m  OK  [0m] Listening on [0;1;39mJournal Audit Socket[0m.
[   22.266884] systemd[1]: Listening on Journal Socket (/dev/log).
[[0;32m  OK  [0m] Listening on [0;1;39mJournal Socket (/dev/log)[0m.
[   22.284620] systemd[1]: Listening on Journal Socket.
[[0;32m  OK  [0m] Listening on [0;1;39mJournal Socket[0m.
[   22.297415] systemd[1]: Listening on udev Control Socket.
[[0;32m  OK  [0m] Listening on [0;1;39mudev Control Socket[0m.
[   22.499153] systemd[1]: Listening on udev Kernel Socket.
[[0;32m  OK  [0m] Listening on [0;1;39mudev Kernel Socket[0m.
[   22.688724] systemd[1]: Mounting Huge Pages File System...
         Mounting [0;1;39mHuge Pages File System[0m...
[   22.717011] systemd[1]: Mounting POSIX Message Queue File System...
         Mounting [0;1;39mPOSIX Message Queue File System[0m...
[   22.741878] systemd[1]: Mounting Kernel Debug File System...
         Mounting [0;1;39mKernel Debug File System[0m...
[   22.748304] systemd[1]: Mounting Kernel Trace File System...
         Mounting [0;1;39mKernel Trace File System[0m...
[   22.761884] systemd[1]: Starting Journal Service...
         Starting [0;1;39mJournal Service[0m...
[   22.768248] systemd[1]: Starting Set the console keyboard layout...
         Starting [0;1;39mSet the console keyboard layout[0m...
[   22.783913] systemd[1]: Starting Create list of static device nodes for the current kernel...
         Starting [0;1;39mCreate list of st‚Ä¶odes for the current kernel[0m...
[   22.808536] systemd[1]: Starting Load Kernel Module drm...
         Starting [0;1;39mLoad Kernel Module drm[0m...
[   22.852987] systemd[1]: Condition check resulted in Set Up Additional Binary Formats being skipped.
[   22.872768] systemd[1]: Condition check resulted in File System Check on Root Device being skipped.
[   22.905106] systemd[1]: Starting Load Kernel Modules...
         Starting [0;1;39mLoad Kernel Modules[0m...
[   22.937056] systemd[1]: Starting Remount Root and Kernel File Systems...
         Starting [0;1;39mRemount Root and Kernel File Systems[0m...
[   22.950718] systemd[1]: Starting udev Coldplug all Devices...
         Starting [0;1;39mudev Coldplug all Devices[0m...
[   22.983275] systemd[1]: Starting Uncomplicated firewall...
         Starting [0;1;39mUncomplicated firewall[0m...
[   22.997754] systemd[1]: Mounted Huge Pages File System.
[[0;32m  OK  [0m] Mounted [0;1;39mHuge Pages File System[0m.
[   23.012538] systemd[1]: Mounted POSIX Message Queue File System.
[[0;32m  OK  [0m] Mounted [0;1;39mPOSIX Message Queue File System[0m.
[   23.018420] systemd[1]: Mounted Kernel Debug File System.
[   23.019083] EXT4-fs (sda1): re-mounted. Opts: errors=remount-ro. Quota mode: none.
[[0;32m  OK  [0m] Mounted [0;1;39mKernel Debug File System[0m.
[   23.066243] systemd[1]: Mounted Kernel Trace File System.
[   23.077548] lp: driver loaded but no devices found
[[0;32m  OK  [0m] Mounted [0;1;39mKernel Trace File System[0m.
[   23.114699] systemd[1]: Finished Create list of static device nodes for the current kernel.
[[0;32m  OK  [0m] Finished [0;1;39mCreate list of st‚Ä¶ nodes for the current kernel[0m.
[   23.168277] systemd[1]: Started Journal Service.
[[0;32m  OK  [0m] Started [0;1;39mJournal Service[0m.
[   23.177183] ppdev: user-space parallel port driver
[[0;32m  OK  [0m] Finished [0;1;39mLoad Kernel Module drm[0m.
[[0;32m  OK  [0m] Finished [0;1;39mSet the console keyboard layout[0m.
[[0;32m  OK  [0m] Finished [0;1;39mRemount Root and Kernel File Systems[0m.
[[0;32m  OK  [0m] Finished [0;1;39mUncomplicated firewall[0m.
         Starting [0;1;39mFlush Journal to Persistent Storage[0m...
         Starting [0;1;39mLoad/Save Random Seed[0m...
         Starting [0;1;39mCreate System Users[0m...
[   23.292712] systemd-journald[303]: Received client request to flush runtime journal.
[[0;32m  OK  [0m] Finished [0;1;39mLoad/Save Random Seed[0m.
[[0;32m  OK  [0m] Finished [0;1;39mLoad Kernel Modules[0m.
         Mounting [0;1;39mFUSE Control File System[0m...
         Mounting [0;1;39mKernel Configuration File System[0m...
         Starting [0;1;39mApply Kernel Variables[0m...
[[0;32m  OK  [0m] Finished [0;1;39mCreate System Users[0m.
[[0;32m  OK  [0m] Mounted [0;1;39mFUSE Control File System[0m.
[[0;32m  OK  [0m] Mounted [0;1;39mKernel Configuration File System[0m.
         Starting [0;1;39mCreate Static Device Nodes in /dev[0m...
[[0;32m  OK  [0m] Finished [0;1;39mApply Kernel Variables[0m.
[[0;32m  OK  [0m] Finished [0;1;39mudev Coldplug all Devices[0m.
[[0;32m  OK  [0m] Finished [0;1;39mFlush Journal to Persistent Storage[0m.
[[0;32m  OK  [0m] Finished [0;1;39mCreate Static Device Nodes in /dev[0m.
[[0;32m  OK  [0m] Reached target [0;1;39mLocal File Systems (Pre)[0m.
         Mounting [0;1;39mMount unit for core18, revision 2128[0m...
         Mounting [0;1;39mMount unit for core18, revision 2284[0m...
         Mounting [0;1;39mMount unit for gnome-3-34-1804, revision 72[0m...
         Mounting [0;1;39mMount unit for gt‚Ä¶ommon-themes, revision 1515[0m...
         Mounting [0;1;39mMount unit for snap-store, revision 547[0m...
         Mounting [0;1;39mMount unit for snapd, revision 12704[0m...
         Mounting [0;1;39mMount unit for snapd, revision 14549[0m...
         Starting [0;1;39mudev Kernel Device Manager[0m...
[[0;32m  OK  [0m] Mounted [0;1;39mMount unit for core18, revision 2128[0m.
[[0;32m  OK  [0m] Mounted [0;1;39mMount unit for gnome-3-34-1804, revision 72[0m.
[[0;32m  OK  [0m] Mounted [0;1;39mMount unit for core18, revision 2284[0m.
[[0;32m  OK  [0m] Mounted [0;1;39mMount unit for gtk-common-themes, revision 1515[0m.
[[0;32m  OK  [0m] Mounted [0;1;39mMount unit for snap-store, revision 547[0m.
[[0;32m  OK  [0m] Mounted [0;1;39mMount unit for snapd, revision 12704[0m.
[[0;32m  OK  [0m] Mounted [0;1;39mMount unit for snapd, revision 14549[0m.
[[0;32m  OK  [0m] Started [0;1;39mudev Kernel Device Manager[0m.
[[0;32m  OK  [0m] Started [0;1;39mDispatch Password ‚Ä¶ts to Console Directory Watch[0m.
[[0;32m  OK  [0m] Reached target [0;1;39mLocal Encrypted Volumes[0m.
[[0;32m  OK  [0m] Found device [0;1;39m/dev/ttyS0[0m.
[[0;32m  OK  [0m] Listening on [0;1;39mLoad/Save RF ‚Ä¶itch Status /dev/rfkill Watch[0m.
[[0;32m  OK  [0m] Found device [0;1;39mVBOX_HARDDISK 2[0m.
         Activating swap [0;1;39m/dev/disk/‚Ä¶b4d0-408a-a959-dbce0dfb0bb9[0m...
[[0;32m  OK  [0m] Found device [0;1;39mVBOX_HARDDISK 3[0m.
[[0;32m  OK  [0m] Activated swap [0;1;39m/dev/disk/b‚Ä¶6-b4d0-408a-a959-dbce0dfb0bb9[0m.
[[0;32m  OK  [0m] Reached target [0;1;39mSwap[0m.
         Starting [0;1;39mFile System Check‚Ä¶b2a7-41c1-86cb-9ada240ff9ed[0m...
[[0;32m  OK  [0m] Started [0;1;39mFile System Check Daemon to report status[0m.
[[0;32m  OK  [0m] Finished [0;1;39mFile System Check‚Ä¶0-b2a7-41c1-86cb-9ada240ff9ed[0m.
         Mounting [0;1;39m/home[0m...
[[0;32m  OK  [0m] Mounted [0;1;39m/home[0m.
[[0;32m  OK  [0m] Reached target [0;1;39mLocal File Systems[0m.
         Starting [0;1;39mLoad AppArmor profiles[0m...
         Starting [0;1;39mSet console font and keymap[0m...
         Starting [0;1;39mTell Plymouth To Write Out Runtime Data[0m...
         Starting [0;1;39mCreate Volatile Files and Directories[0m...
[[0;32m  OK  [0m] Finished [0;1;39mSet console font and keymap[0m.
[[0;32m  OK  [0m] Finished [0;1;39mTell Plymouth To Write Out Runtime Data[0m.
[[0;32m  OK  [0m] Finished [0;1;39mCreate Volatile Files and Directories[0m.
         Starting [0;1;39mNetwork Name Resolution[0m...
         Starting [0;1;39mNetwork Time Synchronization[0m...
         Starting [0;1;39mUpdate UTMP about System Boot/Shutdown[0m...
[[0;32m  OK  [0m] Finished [0;1;39mUpdate UTMP about System Boot/Shutdown[0m.
[[0;32m  OK  [0m] Started [0;1;39mNetwork Time Synchronization[0m.
[[0;32m  OK  [0m] Reached target [0;1;39mSystem Time Set[0m.
[[0;32m  OK  [0m] Reached target [0;1;39mSystem Time Synchronized[0m.
[[0;32m  OK  [0m] Finished [0;1;39mLoad AppArmor profiles[0m.
         Starting [0;1;39mLoad AppArmor pro‚Ä¶managed internally by snapd[0m...
[[0;32m  OK  [0m] Started [0;1;39mNetwork Name Resolution[0m.
[[0;32m  OK  [0m] Reached target [0;1;39mHost and Network Name Lookups[0m.
[[0;32m  OK  [0m] Finished [0;1;39mLoad AppArmor pro‚Ä¶s managed internally by snapd[0m.
[[0;32m  OK  [0m] Reached target [0;1;39mSystem Initialization[0m.
[[0;32m  OK  [0m] Started [0;1;39mACPI Events Check[0m.
[[0;32m  OK  [0m] Started [0;1;39mCUPS Scheduler[0m.
[[0;32m  OK  [0m] Started [0;1;39mTrigger anacron every hour[0m.
[[0;32m  OK  [0m] Started [0;1;39mDaily apt download activities[0m.
[[0;32m  OK  [0m] Started [0;1;39mDaily apt upgrade and clean activities[0m.
[[0;32m  OK  [0m] Started [0;1;39mPeriodic ext4 Onli‚Ä¶ata Check for All Filesystems[0m.
[[0;32m  OK  [0m] Started [0;1;39mDiscard unused blocks once a week[0m.
[[0;32m  OK  [0m] Started [0;1;39mRefresh fwupd metadata regularly[0m.
[[0;32m  OK  [0m] Started [0;1;39mDaily rotation of log files[0m.
[[0;32m  OK  [0m] Started [0;1;39mDaily man-db regeneration[0m.
[[0;32m  OK  [0m] Started [0;1;39mMessage of the Day[0m.
[[0;32m  OK  [0m] Started [0;1;39mDaily Cleanup of Temporary Directories[0m.
[[0;32m  OK  [0m] Started [0;1;39mUbuntu Advantage update messaging[0m.
[[0;32m  OK  [0m] Reached target [0;1;39mPaths[0m.
[[0;32m  OK  [0m] Reached target [0;1;39mTimers[0m.
[[0;32m  OK  [0m] Listening on [0;1;39mACPID Listen Socket[0m.
[[0;32m  OK  [0m] Listening on [0;1;39mAvahi mDNS/DNS-SD Stack Activation Socket[0m.
[[0;32m  OK  [0m] Listening on [0;1;39mCUPS Scheduler[0m.
[[0;32m  OK  [0m] Listening on [0;1;39mD-Bus System Message Bus Socket[0m.
         Starting [0;1;39mSocket activation for snappy daemon[0m.
[[0;32m  OK  [0m] Listening on [0;1;39mUUID daemon activation socket[0m.
[[0;32m  OK  [0m] Listening on [0;1;39mSocket activation for snappy daemon[0m.
[[0;32m  OK  [0m] Reached target [0;1;39mSockets[0m.
[[0;32m  OK  [0m] Reached target [0;1;39mBasic System[0m.
         Starting [0;1;39mAccounts Service[0m...
[[0;32m  OK  [0m] Started [0;1;39mACPI event daemon[0m.
[[0;32m  OK  [0m] Started [0;1;39mRun anacron jobs[0m.
         Starting [0;1;39mLSB: automatic crash report generation[0m...
         Starting [0;1;39mAvahi mDNS/DNS-SD Stack[0m...
[[0;32m  OK  [0m] Started [0;1;39mRegular background program processing daemon[0m.
[[0;32m  OK  [0m] Started [0;1;39mCUPS Scheduler[0m.
[[0;32m  OK  [0m] Started [0;1;39mD-Bus System Message Bus[0m.
         Starting [0;1;39mNetwork Manager[0m...
[[0;32m  OK  [0m] Started [0;1;39mSave initial kernel messages after boot[0m.
         Starting [0;1;39mRemove Stale Onli‚Ä¶t4 Metadata Check Snapshots[0m...
         Starting [0;1;39mDetect the availa‚Ä¶eal with any system changes[0m...
         Starting [0;1;39mRecord successful boot for GRUB[0m...
[[0;32m  OK  [0m] Started [0;1;39mirqbalance daemon[0m.
         Starting [0;1;39mDispatcher daemon for systemd-networkd[0m...
         Starting [0;1;39mAuthorization Manager[0m...
         Starting [0;1;39mRestore /etc/reso‚Ä¶ the ppp link was shut down[0m...
         Starting [0;1;39mSystem Logging Service[0m...
         Starting [0;1;39mSnap Daemon[0m...
         Starting [0;1;39mSwitcheroo Control Proxy service[0m...
         Starting [0;1;39mLogin Service[0m...
         Starting [0;1;39mDisk Manager[0m...
         Starting [0;1;39mWPA supplicant[0m...
[[0;32m  OK  [0m] Finished [0;1;39mRemove Stale Onli‚Ä¶ext4 Metadata Check Snapshots[0m.
[[0;32m  OK  [0m] Finished [0;1;39mRestore /etc/reso‚Ä¶re the ppp link was shut down[0m.
[[0;32m  OK  [0m] Started [0;1;39mSystem Logging Service[0m.
[[0;32m  OK  [0m] Finished [0;1;39mDetect the availa‚Ä¶ deal with any system changes[0m.
[[0;32m  OK  [0m] Finished [0;1;39mRecord successful boot for GRUB[0m.
         Starting [0;1;39mGRUB failed boot detection[0m...
[[0;32m  OK  [0m] Finished [0;1;39mGRUB failed boot detection[0m.
[[0;32m  OK  [0m] Started [0;1;39mLSB: automatic crash report generation[0m.
[[0;32m  OK  [0m] Started [0;1;39mLogin Service[0m.
[[0;32m  OK  [0m] Started [0;1;39mWPA supplicant[0m.
[[0;32m  OK  [0m] Started [0;1;39mAvahi mDNS/DNS-SD Stack[0m.
[[0;32m  OK  [0m] Started [0;1;39mMake remote CUPS printers available locally[0m.
[[0;32m  OK  [0m] Started [0;1;39mSwitcheroo Control Proxy service[0m.
[[0;32m  OK  [0m] Started [0;1;39mNetwork Manager[0m.
[[0;32m  OK  [0m] Reached target [0;1;39mNetwork[0m.
         Starting [0;1;39mNetwork Manager Wait Online[0m...
         Starting [0;1;39mSave/Restore Sound Card State[0m...
         Starting [0;1;39mOpenVPN service[0m...
         Starting [0;1;39mPermit User Sessions[0m...
[[0;32m  OK  [0m] Started [0;1;39mUnattended Upgrades Shutdown[0m.
[[0;32m  OK  [0m] Finished [0;1;39mOpenVPN service[0m.
[[0;32m  OK  [0m] Finished [0;1;39mPermit User Sessions[0m.
[[0;32m  OK  [0m] Finished [0;1;39mSave/Restore Sound Card State[0m.
[[0;32m  OK  [0m] Started [0;1;39mAuthorization Manager[0m.
[[0;32m  OK  [0m] Reached target [0;1;39mSound Card[0m.
         Starting [0;1;39mModem Manager[0m...
         Starting [0;1;39mGNOME Display Manager[0m...
         Starting [0;1;39mHold until boot process finishes up[0m...
         Starting [0;1;39mHostname Service[0m...
[[0;32m  OK  [0m] Finished [0;1;39mHold until boot process finishes up[0m.
[[0;32m  OK  [0m] Started [0;1;39mSerial Getty on ttyS0[0m.
[[0;32m  OK  [0m] Reached target [0;1;39mLogin Prompts[0m.
         Starting [0;1;39mSet console scheme[0m...
[[0;32m  OK  [0m] Finished [0;1;39mSet console scheme[0m.
[[0;32m  OK  [0m] Started [0;1;39mAccounts Service[0m.
[[0;32m  OK  [0m] Created slice [0;1;39msystem-getty.slice[0m.
[[0;32m  OK  [0m] Started [0;1;39mDisk Manager[0m.
[[0;32m  OK  [0m] Started [0;1;39mGNOME Display Manager[0m.
[[0;32m  OK  [0m] Started [0;1;39mDispatcher daemon for systemd-networkd[0m.
[[0;32m  OK  [0m] Started [0;1;39mModem Manager[0m.
[[0;32m  OK  [0m] Started [0;1;39mHostname Service[0m.
         Starting [0;1;39mNetwork Manager Script Dispatcher Service[0m...
[[0;32m  OK  [0m] Started [0;1;39mNetwork Manager Script Dispatcher Service[0m.
[[0;32m  OK  [0m] Created slice [0;1;39mUser Slice of UID 125[0m.
         Starting [0;1;39mUser Runtime Directory /run/user/125[0m...
[[0;32m  OK  [0m] Finished [0;1;39mNetwork Manager Wait Online[0m.
[[0;32m  OK  [0m] Reached target [0;1;39mNetwork is Online[0m.
         Starting [0;1;39mTool to automatic‚Ä¶mit kernel crash signatures[0m...
[[0;32m  OK  [0m] Started [0;1;39mcrash report submission daemon[0m.
[[0;32m  OK  [0m] Finished [0;1;39mUser Runtime Directory /run/user/125[0m.
         Starting [0;1;39mUser Manager for UID 125[0m...
[[0;32m  OK  [0m] Started [0;1;39mTool to automatica‚Ä¶ubmit kernel crash signatures[0m.
[[0;32m  OK  [0m] Started [0;1;39mUser Manager for UID 125[0m.
[[0;32m  OK  [0m] Started [0;1;39mSession c1 of user gdm[0m.
         Starting [0;1;39mRealtimeKit Scheduling Policy Service[0m...
[[0;32m  OK  [0m] Started [0;1;39mRealtimeKit Scheduling Policy Service[0m.

Ubuntu 20.04.3 LTS osboxes ttyS0

osboxes login: [A[B
[A[B
Password: 


Login incorrect
osboxes login: osboxes
osboxes

Password: osboxes.org

Welcome to Ubuntu 20.04.3 LTS (GNU/Linux 5.11.0-27-generic x86_64)

 * Documentation:  https://help.ubuntu.com
 * Management:     https://landscape.canonical.com
 * Support:        https://ubuntu.com/advantage

8 updates can be applied immediately.
5 of these updates are standard security updates.
To see these additional updates run: apt list --upgradable


The list of available updates is more than a week old.
To check for new updates run: sudo apt update
Your Hardware Enablement Stack (HWE) is supported until April 2025.
Last login: Tue Feb  1 05:55:54 EST 2022 on ttyS0
osboxes@osboxes:~$ 
osboxes@osboxes:~$ sudo poweroff
sudo poweroff
[sudo] password for osboxes: 
osboxesSorry, try again.
[sudo] password for osboxes: .org

osboxes@osboxes:~$ logout
         Stopping [0;1;39mSession 3 of user osboxes[0m.
         Stopping [0;1;39mSession c1 of user gdm[0m.
[[0;32m  OK  [0m] Removed slice [0;1;39msystem-getty.slice[0m.
[[0;32m  OK  [0m] Removed slice [0;1;39msystem-modprobe.slice[0m.
[[0;32m  OK  [0m] Stopped target [0;1;39mGraphical Interface[0m.
[[0;32m  OK  [0m] Stopped target [0;1;39mMulti-User System[0m.
[[0;32m  OK  [0m] Stopped target [0;1;39mLogin Prompts[0m.
[[0;32m  OK  [0m] Stopped target [0;1;39mSound Card[0m.
[[0;32m  OK  [0m] Stopped target [0;1;39mTimers[0m.
[[0;32m  OK  [0m] Stopped [0;1;39mDaily apt upgrade and clean activities[0m.
[[0;32m  OK  [0m] Stopped [0;1;39mDaily apt download activities[0m.
[[0;32m  OK  [0m] Stopped [0;1;39mPeriodic ext4 Onli‚Ä¶ata Check for All Filesystems[0m.
[[0;32m  OK  [0m] Stopped [0;1;39mDiscard unused blocks once a week[0m.
[[0;32m  OK  [0m] Stopped [0;1;39mRefresh fwupd metadata regularly[0m.
[[0;32m  OK  [0m] Stopped [0;1;39mDaily rotation of log files[0m.
[[0;32m  OK  [0m] Stopped [0;1;39mDaily man-db regeneration[0m.
[[0;32m  OK  [0m] Stopped [0;1;39mMessage of the Day[0m.
[[0;32m  OK  [0m] Stopped [0;1;39mDaily Cleanup of Temporary Directories[0m.
[[0;32m  OK  [0m] Stopped [0;1;39mUbuntu Advantage update messaging[0m.
[[0;32m  OK  [0m] Closed [0;1;39mLoad/Save RF Kill Switch Status /dev/rfkill Watch[0m.
         Stopping [0;1;39mModem Manager[0m...
         Stopping [0;1;39mAccounts Service[0m...
         Stopping [0;1;39mACPI event daemon[0m...
         Stopping [0;1;39mSave/Restore Sound Card State[0m...
         Stopping [0;1;39mRun anacron jobs[0m...
         Stopping [0;1;39mLSB: automatic crash report generation[0m...
         Stopping [0;1;39mManage, Install and Generate Color Profiles[0m...
         Stopping [0;1;39mRegular background program processing daemon[0m...
         Stopping [0;1;39mMake remote CUPS printers available locally[0m...
         Stopping [0;1;39mGNOME Display Manager[0m...
         Stopping [0;1;39mirqbalance daemon[0m...
         Stopping [0;1;39mTool to automatic‚Ä¶mit kernel crash signatures[0m...
         Stopping [0;1;39mDispatcher daemon for systemd-networkd[0m...
[[0;32m  OK  [0m] Stopped [0;1;39mOpenVPN service[0m.
         Stopping [0;1;39mSystem Logging Service[0m...
         Stopping [0;1;39mRealtimeKit Scheduling Policy Service[0m...
         Stopping [0;1;39mSerial Getty on ttyS0[0m...
[[0;32m  OK  [0m] Stopped [0;1;39mWait until snapd is fully seeded[0m.
         Stopping [0;1;39mSnap Daemon[0m...
         Stopping [0;1;39mLoad/Save Random Seed[0m...
         Stopping [0;1;39mDisk Manager[0m...
         Stopping [0;1;39mUnattended Upgrades Shutdown[0m...
         Stopping [0;1;39mDaemon for power management[0m...
         Stopping [0;1;39mcrash report submission daemon[0m...
[[0;32m  OK  [0m] Stopped [0;1;39mAccounts Service[0m.
[[0;32m  OK  [0m] Stopped [0;1;39mACPI event daemon[0m.
[[0;32m  OK  [0m] Stopped [0;1;39mRun anacron jobs[0m.
[[0;32m  OK  [0m] Stopped [0;1;39mRegular background program processing daemon[0m.
[[0;32m  OK  [0m] Stopped [0;1;39mirqbalance daemon[0m.
[[0;32m  OK  [0m] Stopped [0;1;39mDispatcher daemon for systemd-networkd[0m.
[[0;32m  OK  [0m] Stopped [0;1;39mSystem Logging Service[0m.
[[0;32m  OK  [0m] Stopped [0;1;39mDisk Manager[0m.
[[0;32m  OK  [0m] Stopped [0;1;39mMake remote CUPS printers available locally[0m.
[[0;32m  OK  [0m] Stopped [0;1;39mUnattended Upgrades Shutdown[0m.
[[0;32m  OK  [0m] Stopped [0;1;39mModem Manager[0m.
[[0;32m  OK  [0m] Stopped [0;1;39mSerial Getty on ttyS0[0m.
[[0;32m  OK  [0m] Stopped [0;1;39mGNOME Display Manager[0m.
[[0;32m  OK  [0m] Stopped [0;1;39mcrash report submission daemon[0m.
[[0;32m  OK  [0m] Stopped [0;1;39mRealtimeKit Scheduling Policy Service[0m.
[[0;32m  OK  [0m] Stopped [0;1;39mDaemon for power management[0m.
[[0;32m  OK  [0m] Stopped [0;1;39mManage, Install and Generate Color Profiles[0m.
[[0;32m  OK  [0m] Stopped [0;1;39mSnap Daemon[0m.
[[0;32m  OK  [0m] Stopped [0;1;39mSave/Restore Sound Card State[0m.
[[0;32m  OK  [0m] Stopped [0;1;39mLoad/Save Random Seed[0m.
[[0;32m  OK  [0m] Stopped [0;1;39mTool to automatica‚Ä¶ubmit kernel crash signatures[0m.
[[0;32m  OK  [0m] Stopped [0;1;39mSession c1 of user gdm[0m.
[[0;32m  OK  [0m] Stopped [0;1;39mSession 3 of user osboxes[0m.
[[0;32m  OK  [0m] Removed slice [0;1;39msystem-serial\x2dgetty.slice[0m.
[[0;32m  OK  [0m] Stopped [0;1;39mTrigger anacron every hour[0m.
[[0;32m  OK  [0m] Stopped target [0;1;39mNetwork is Online[0m.
[[0;32m  OK  [0m] Stopped target [0;1;39mHost and Network Name Lookups[0m.
[[0;32m  OK  [0m] Stopped target [0;1;39mSystem Time Synchronized[0m.
[[0;32m  OK  [0m] Stopped target [0;1;39mSystem Time Set[0m.
[[0;32m  OK  [0m] Stopped [0;1;39mNetwork Manager Wait Online[0m.
         Stopping [0;1;39mAvahi mDNS/DNS-SD Stack[0m...
         Stopping [0;1;39mCUPS Scheduler[0m...
         Stopping [0;1;39mAuthorization Manager[0m...
         Stopping [0;1;39mSwitcheroo Control Proxy service[0m...
         Stopping [0;1;39mLogin Service[0m...
         Stopping [0;1;39mUser Manager for UID 1000[0m...
         Stopping [0;1;39mUser Manager for UID 125[0m...
[[0;32m  OK  [0m] Unmounted [0;1;39m/run/user/1000/gvfs[0m.
[[0;32m  OK  [0m] Unmounted [0;1;39m/run/user/125/gvfs[0m.
[[0;32m  OK  [0m] Stopped [0;1;39mAvahi mDNS/DNS-SD Stack[0m.
[[0;32m  OK  [0m] Stopped [0;1;39mCUPS Scheduler[0m.
[[0;32m  OK  [0m] Stopped [0;1;39mAuthorization Manager[0m.
[[0;32m  OK  [0m] Stopped [0;1;39mSwitcheroo Control Proxy service[0m.
[[0;32m  OK  [0m] Stopped [0;1;39mLSB: automatic crash report generation[0m.
[[0;32m  OK  [0m] Stopped [0;1;39mLogin Service[0m.
[[0;32m  OK  [0m] Stopped [0;1;39mUser Manager for UID 125[0m.
[[0;32m  OK  [0m] Stopped [0;1;39mUser Manager for UID 1000[0m.
         Stopping [0;1;39mUser Runtime Directory /run/user/1000[0m...
         Stopping [0;1;39mUser Runtime Directory /run/user/125[0m...
[[0;32m  OK  [0m] Unmounted [0;1;39m/run/user/125[0m.
[[0;32m  OK  [0m] Unmounted [0;1;39m/run/user/1000[0m.
[[0;32m  OK  [0m] Stopped [0;1;39mUser Runtime Directory /run/user/1000[0m.
[[0;32m  OK  [0m] Stopped [0;1;39mUser Runtime Directory /run/user/125[0m.
[[0;32m  OK  [0m] Removed slice [0;1;39mUser Slice of UID 1000[0m.
[[0;32m  OK  [0m] Removed slice [0;1;39mUser Slice of UID 125[0m.
         Stopping [0;1;39mPermit User Sessions[0m...
[[0;32m  OK  [0m] Stopped [0;1;39mPermit User Sessions[0m.
[[0;32m  OK  [0m] Stopped target [0;1;39mNetwork[0m.
[[0;32m  OK  [0m] Stopped target [0;1;39mUser and Group Name Lookups[0m.
[[0;32m  OK  [0m] Stopped target [0;1;39mRemote File Systems[0m.
         Stopping [0;1;39mNetwork Manager[0m...
         Stopping [0;1;39mNetwork Name Resolution[0m...
         Stopping [0;1;39mWPA supplicant[0m...
[[0;32m  OK  [0m] Stopped [0;1;39mNetwork Name Resolution[0m.
[[0;32m  OK  [0m] Stopped [0;1;39mWPA supplicant[0m.
[[0;32m  OK  [0m] Stopped [0;1;39mNetwork Manager[0m.
         Stopping [0;1;39mD-Bus System Message Bus[0m...
[[0;32m  OK  [0m] Stopped [0;1;39mD-Bus System Message Bus[0m.
[[0;32m  OK  [0m] Stopped target [0;1;39mBasic System[0m.
[[0;32m  OK  [0m] Stopped target [0;1;39mPaths[0m.
[[0;32m  OK  [0m] Stopped [0;1;39mACPI Events Check[0m.
[[0;32m  OK  [0m] Stopped [0;1;39mCUPS Scheduler[0m.
[[0;32m  OK  [0m] Stopped target [0;1;39mSlices[0m.
[[0;32m  OK  [0m] Removed slice [0;1;39mUser and Session Slice[0m.
[[0;32m  OK  [0m] Stopped target [0;1;39mSockets[0m.
[[0;32m  OK  [0m] Closed [0;1;39mACPID Listen Socket[0m.
[[0;32m  OK  [0m] Closed [0;1;39mAvahi mDNS/DNS-SD Stack Activation Socket[0m.
[[0;32m  OK  [0m] Closed [0;1;39mCUPS Scheduler[0m.
[[0;32m  OK  [0m] Closed [0;1;39mD-Bus System Message Bus Socket[0m.
[[0;32m  OK  [0m] Closed [0;1;39mSocket activation for snappy daemon[0m.
[[0;32m  OK  [0m] Closed [0;1;39mSyslog Socket[0m.
[[0;32m  OK  [0m] Closed [0;1;39mUUID daemon activation socket[0m.
[[0;32m  OK  [0m] Stopped target [0;1;39mSystem Initialization[0m.
[[0;32m  OK  [0m] Stopped target [0;1;39mLocal Encrypted Volumes[0m.
[[0;32m  OK  [0m] Stopped [0;1;39mDispatch Password ‚Ä¶ts to Console Directory Watch[0m.
[[0;32m  OK  [0m] Stopped [0;1;39mForward Password R‚Ä¶uests to Wall Directory Watch[0m.
[[0;32m  OK  [0m] Stopped target [0;1;39mSwap[0m.
         Deactivating swap [0;1;39m/dev/dis‚Ä¶K_VBb6ebcaaa-6f3f2eb2-part2[0m...
[[0;32m  OK  [0m] Stopped [0;1;39mApply Kernel Variables[0m.
[[0;32m  OK  [0m] Stopped [0;1;39mLoad Kernel Modules[0m.
         Stopping [0;1;39mNetwork Time Synchronization[0m...
         Stopping [0;1;39mUpdate UTMP about System Boot/Shutdown[0m...
[[0;32m  OK  [0m] Deactivated swap [0;1;39m/dev/disk/by-partuuid/38d010a9-02[0m.
[[0;32m  OK  [0m] Deactivated swap [0;1;39m/dev/disk‚Ä¶/pci-0000:00:0d.0-ata-1-part2[0m.
[[0;32m  OK  [0m] Deactivated swap [0;1;39m/dev/disk‚Ä¶ISK_VBb6ebcaaa-6f3f2eb2-part2[0m.
[[0;32m  OK  [0m] Deactivated swap [0;1;39m/dev/sda2[0m.
[[0;32m  OK  [0m] Stopped [0;1;39mNetwork Time Synchronization[0m.
[[0;32m  OK  [0m] Deactivated swap [0;1;39m/dev/disk‚Ä¶6-b4d0-408a-a959-dbce0dfb0bb9[0m.
[[0;32m  OK  [0m] Stopped [0;1;39mUpdate UTMP about System Boot/Shutdown[0m.
[[0;32m  OK  [0m] Stopped [0;1;39mCreate Volatile Files and Directories[0m.
[[0;32m  OK  [0m] Stopped target [0;1;39mLocal File Systems[0m.
         Unmounting [0;1;39m/home[0m...
         Unmounting [0;1;39mMount unit for core18, revision 2128[0m...
         Unmounting [0;1;39mMount unit for gnome-3-34-1804, revision 72[0m...
         Unmounting [0;1;39mMount unit for ‚Ä¶ommon-themes, revision 1515[0m...
         Unmounting [0;1;39mMount unit for snap-store, revision 547[0m...
         Unmounting [0;1;39mMount unit for snapd, revision 12704[0m...
[[0;32m  OK  [0m] Unmounted [0;1;39m/home[0m.
[[0;32m  OK  [0m] Unmounted [0;1;39mMount unit for core18, revision 2128[0m.
[[0;32m  OK  [0m] Unmounted [0;1;39mMount unit for gnome-3-34-1804, revision 72[0m.
[[0;32m  OK  [0m] Unmounted [0;1;39mMount unit for g‚Ä¶-common-themes, revision 1515[0m.
[[0;32m  OK  [0m] Unmounted [0;1;39mMount unit for snapd, revision 12704[0m.
[[0;32m  OK  [0m] Stopped [0;1;39mFile System Check ‚Ä¶0-b2a7-41c1-86cb-9ada240ff9ed[0m.
[[0;32m  OK  [0m] Removed slice [0;1;39msystem-systemd\x2dfsck.slice[0m.
[[0;32m  OK  [0m] Unmounted [0;1;39mMount unit for snap-store, revision 547[0m.
[[0;32m  OK  [0m] Stopped target [0;1;39mLocal File Systems (Pre)[0m.
[[0;32m  OK  [0m] Reached target [0;1;39mUnmount All Filesystems[0m.
[[0;32m  OK  [0m] Stopped [0;1;39mCreate Static Device Nodes in /dev[0m.
[[0;32m  OK  [0m] Stopped [0;1;39mCreate System Users[0m.
[[0;32m  OK  [0m] Stopped [0;1;39mRemount Root and Kernel File Systems[0m.
[[0;32m  OK  [0m] Reached target [0;1;39mShutdown[0m.
[[0;32m  OK  [0m] Reached target [0;1;39mFinal Step[0m.
[[0;32m  OK  [0m] Finished [0;1;39mPower-Off[0m.
[[0;32m  OK  [0m] Reached target [0;1;39mPower-Off[0m.
[ 1270.930046] reboot: Power down
Connection closed by foreign host.
Script done.

! Po <Enter> ji bus i≈°jungta ir i≈°trinta:

- Naujos VM i≈°jungimas:

VBoxManage.exe: error: Machine 'VGTU-2022-DeKo-saukrs-LDVM0' is not currently running

- Trinu naujƒÖ VM:

removed '/home/saukrs/src/TETfm-20/Semestras-3/2-Debes≈≥-kompiuterija/kursinis-darbas/Saulius-Krasuckas/VMs/VGTU-2022-DeKo-saukrs-LDVM0/Logs/VBox.log'
removed '/home/saukrs/src/TETfm-20/Semestras-3/2-Debes≈≥-kompiuterija/kursinis-darbas/Saulius-Krasuckas/VMs/VGTU-2022-DeKo-saukrs-LDVM0/Logs/VBoxHardening.log'
removed directory '/home/saukrs/src/TETfm-20/Semestras-3/2-Debes≈≥-kompiuterija/kursinis-darbas/Saulius-Krasuckas/VMs/VGTU-2022-DeKo-saukrs-LDVM0/Logs'
removed '/home/saukrs/src/TETfm-20/Semestras-3/2-Debes≈≥-kompiuterija/kursinis-darbas/Saulius-Krasuckas/VMs/VGTU-2022-DeKo-saukrs-LDVM0/VGTU-2022-DeKo-saukrs-LDVM0.vbox'
removed '/home/saukrs/src/TETfm-20/Semestras-3/2-Debes≈≥-kompiuterija/kursinis-darbas/Saulius-Krasuckas/VMs/VGTU-2022-DeKo-saukrs-LDVM0/VGTU-2022-DeKo-saukrs-LDVM0.vbox-prev'
removed directory '/home/saukrs/src/TETfm-20/Semestras-3/2-Debes≈≥-kompiuterija/kursinis-darbas/Saulius-Krasuckas/VMs/VGTU-2022-DeKo-saukrs-LDVM0'

- Galutinƒós VM:

