build-host.sh: Startuojama infrastrukt≈´ra

- Host OS atvaizd≈æio parsiuntimas:

** Resuming transfer from byte position 2114987835
  % Total    % Received % Xferd  Average Speed   Time    Time     Time  Current
                                 Dload  Upload   Total   Spent    Left  Speed
  0     0    0     0    0     0      0      0 --:--:-- --:--:-- --:--:--     0  0     0    0     0    0     0      0      0 --:--:-- --:--:-- --:--:--     0100   641  100   641    0     0    496      0  0:00:01  0:00:01 --:--:--   497
  0     0    0     0    0     0      0      0 --:--:--  0:00:01 --:--:--     0100   367  100   367    0     0    150      0  0:00:02  0:00:02 --:--:--   372
  0     0    0     0    0     0      0      0 --:--:--  0:00:02 --:--:--     0  0   138    0     0    0     0      0      0 --:--:--  0:00:02 --:--:--     0
  0  1027    0     0    0     0      0      0 --:--:--  0:00:03 --:--:--     0
curl: (33) HTTP server doesn't seem to support byte ranges. Cannot resume.

- Host OS atvaizd≈æio i≈°spaudimas:

x 64bit/
x 64bit/Ubuntu 20.04.3 (64bit).vdi

- Host OS atvaizd≈æio informacija:

UUID:           b6ebcaaa-7e70-466e-88c6-9fa5b22e3f6f
Parent UUID:    base
State:          created
Type:           normal (base)
Location:       C:\msys64\home\saukrs\src\TETfm-20\Semestras-3\2-Debesu-kompiuterija\kursinis-darbas\Saulius-Krasuckas\VMs\64bit\Ubuntu 20.04.3 (64bit).vdi
Storage format: VDI
Format variant: dynamic default
Capacity:       512000 MBytes
Size on disk:   8436 MBytes
Encryption:     disabled
Property:       AllocationBlockSize=1048576

- Pradinƒós VM:


- Nauja VM:

Virtual machine 'VGTU-2022-DeKo-saukrs-LDVM0' is created and registered.
UUID: 06cd3c93-c961-40cf-a522-1a2ca964565c
Settings file: 'C:\msys64\home\saukrs\src\TETfm-20\Semestras-3\2-Debesu-kompiuterija\kursinis-darbas\Saulius-Krasuckas\VMs\VGTU-2022-DeKo-saukrs-LDVM0\VGTU-2022-DeKo-saukrs-LDVM0.vbox'

- Dabartinƒós VM:

"VGTU-2022-DeKo-saukrs-LDVM0" {06cd3c93-c961-40cf-a522-1a2ca964565c}

- Naujos VM pirminƒó konfig≈´racija:

Memory size:                 128MB
Number of CPUs:              1

- Naujos VM resurs≈≥ plƒótimas:


- Naujos VM i≈°plƒósti resursai:

Memory size:                 1024MB
Number of CPUs:              2

- Naujai VM prijungiu disk≈≥ valdiklƒØ:


- Naujos VM diskinƒó konfig≈´racija:

Storage Controller Name (0):            SATA valdiklis
Storage Controller Type (0):            IntelAhci
Storage Controller Instance Number (0): 0
Storage Controller Max Port Count (0):  30
Storage Controller Port Count (0):      30
Storage Controller Bootable (0):        on

- Naujai VM prijungiu disko ataizdƒØ:


- Naujos VM disk≈≥ valdiklio konfig≈´racija:

SATA valdiklis (0, 0): C:\msys64\home\saukrs\src\TETfm-20\Semestras-3\2-Debesu-kompiuterija\kursinis-darbas\Saulius-Krasuckas\VMs\64bit\Ubuntu 20.04.3 (64bit).vdi (UUID: b6ebcaaa-7e70-466e-88c6-9fa5b22e3f6f)

- Naujos VM tinklo konfig≈´racija:

NIC 1:                       MAC: 0800278AF419, Attachment: NAT, Cable connected: on, Trace: off (file: none), Type: 82540EM, Reported speed: 0 Mbps, Boot priority: 0, Promisc Policy: deny, Bandwidth group: none
NIC 1 Settings:  MTU: 0, Socket (send: 64, receive: 64), TCP Window (send:64, receive: 64)
NIC 2:                       disabled
NIC 3:                       disabled
NIC 4:                       disabled
NIC 5:                       disabled
NIC 6:                       disabled
NIC 7:                       disabled
NIC 8:                       disabled

- Naujos VM naujas NAT potinklis:


- Naujos VM papildyta tinklo konfig≈´racija:

NIC 1:                       MAC: 0800278AF419, Attachment: NAT Network 'NAT-network-App', Cable connected: on, Trace: off (file: none), Type: 82540EM, Reported speed: 0 Mbps, Boot priority: 0, Promisc Policy: deny, Bandwidth group: none
NIC 2:                       disabled
NIC 3:                       disabled
NIC 4:                       disabled
NIC 5:                       disabled
NIC 6:                       disabled
NIC 7:                       disabled
NIC 8:                       disabled

- Naujos VM Serial konsolƒó:


! VM sukurta, metas pasitikrinti jos b≈´senƒÖ

- Naujos VM startas:

Waiting for VM "VGTU-2022-DeKo-saukrs-LDVM0" to power on...
VM "VGTU-2022-DeKo-saukrs-LDVM0" has been successfully started.

- Naujos VM pristabdymas:


- Naujos VM konsolƒós logas:


VM lange Spauskite kombinacijƒÖ <Host-P>, tuomet <Esc>
Kartokite <Esc> paspaudimus be perstojo.
Kai pasirodys GRUB meniu, spauskite <e>
Eikite ≈æemyn iki eilutƒós:
        linux        /boot/vmlinuz-...

Spauskite <End> ir gale prira≈°ykite:

... console=ttyS0,115200n8

Taip pat i≈°trinkite tokius parametrus:

... quiet ...
... splash ...

VM paspauskite <Ctrl-X>

I≈°kart persijunkite ƒçia (atgal ƒØ CLI)
... ir spauskite <Enter>

Prisijungsite prie Serial konsolƒós:
Script started, output log file is '/home/saukrs/src/TETfm-20/Semestras-3/2-Debes≈≥-kompiuterija/kursinis-darbas/Saulius-Krasuckas/build-host-serial.script'.

Trying 127.0.0.1...
Connected to 127.0.0.1.
Escape character is '^]'.
[    0.000000] Linux version 5.11.0-27-generic (buildd@lcy01-amd64-019) (gcc (Ubuntu 9.3.0-17ubuntu1~20.04) 9.3.0, GNU ld (GNU Binutils for Ubuntu) 2.34) #29~20.04.1-Ubuntu SMP Wed Aug 11 15:58:17 UTC 2021 (Ubuntu 5.11.0-27.29~20.04.1-generic 5.11.22)
[    0.000000] Command line: BOOT_IMAGE=/boot/vmlinuz-5.11.0-27-generic root=UUID=9c299885-25d6-4c95-a738-828bdfa92feb ro console=ttyS0,115200n8
[    0.000000] KERNEL supported cpus:
[    0.000000]   Intel GenuineIntel
[    0.000000]   AMD AuthenticAMD
[    0.000000]   Hygon HygonGenuine
[    0.000000]   Centaur CentaurHauls
[    0.000000]   zhaoxin   Shanghai  
[    0.000000] x86/fpu: Supporting XSAVE feature 0x001: 'x87 floating point registers'
[    0.000000] x86/fpu: Supporting XSAVE feature 0x002: 'SSE registers'
[    0.000000] x86/fpu: Supporting XSAVE feature 0x004: 'AVX registers'
[    0.000000] x86/fpu: xstate_offset[2]:  576, xstate_sizes[2]:  256
[    0.000000] x86/fpu: Enabled xstate features 0x7, context size is 832 bytes, using 'standard' format.
[    0.000000] BIOS-provided physical RAM map:
[    0.000000] BIOS-e820: [mem 0x0000000000000000-0x000000000009fbff] usable
[    0.000000] BIOS-e820: [mem 0x000000000009fc00-0x000000000009ffff] reserved
[    0.000000] BIOS-e820: [mem 0x00000000000f0000-0x00000000000fffff] reserved
[    0.000000] BIOS-e820: [mem 0x0000000000100000-0x000000003ffeffff] usable
[    0.000000] BIOS-e820: [mem 0x000000003fff0000-0x000000003fffffff] ACPI data
[    0.000000] BIOS-e820: [mem 0x00000000fec00000-0x00000000fec00fff] reserved
[    0.000000] BIOS-e820: [mem 0x00000000fee00000-0x00000000fee00fff] reserved
[    0.000000] BIOS-e820: [mem 0x00000000fffc0000-0x00000000ffffffff] reserved
[    0.000000] NX (Execute Disable) protection: active
[    0.000000] SMBIOS 2.5 present.
[    0.000000] DMI: innotek GmbH VirtualBox/VirtualBox, BIOS VirtualBox 12/01/2006
[    0.000000] Hypervisor detected: KVM
[    0.000000] kvm-clock: Using msrs 4b564d01 and 4b564d00
[    0.000000] kvm-clock: cpu 0, msr 6001001, primary cpu clock
[    0.000000] kvm-clock: using sched offset of 35296950249 cycles
[    0.000005] clocksource: kvm-clock: mask: 0xffffffffffffffff max_cycles: 0x1cd42e4dffb, max_idle_ns: 881590591483 ns
[    0.000014] tsc: Detected 2400.002 MHz processor
[    0.005428] last_pfn = 0x3fff0 max_arch_pfn = 0x400000000
[    0.005470] Disabled
[    0.005473] x86/PAT: MTRRs disabled, skipping PAT initialization too.
[    0.005481] CPU MTRRs all blank - virtualized system.
[    0.005488] x86/PAT: Configuration [0-7]: WB  WT  UC- UC  WB  WT  UC- UC  
[    0.005667] found SMP MP-table at [mem 0x0009fff0-0x0009ffff]
[    0.230880] check: Scanning 1 areas for low memory corruption
[    0.231240] RAMDISK: [mem 0x31ac9000-0x34d5bfff]
[    0.231251] ACPI: Early table checksum verification disabled
[    0.231257] ACPI: RSDP 0x00000000000E0000 000024 (v02 VBOX  )
[    0.231266] ACPI: XSDT 0x000000003FFF0030 00003C (v01 VBOX   VBOXXSDT 00000001 ASL  00000061)
[    0.231276] ACPI: FACP 0x000000003FFF00F0 0000F4 (v04 VBOX   VBOXFACP 00000001 ASL  00000061)
[    0.231287] ACPI: DSDT 0x000000003FFF0470 002325 (v02 VBOX   VBOXBIOS 00000002 INTL 20100528)
[    0.231295] ACPI: FACS 0x000000003FFF0200 000040
[    0.231302] ACPI: FACS 0x000000003FFF0200 000040
[    0.231309] ACPI: APIC 0x000000003FFF0240 00005C (v02 VBOX   VBOXAPIC 00000001 ASL  00000061)
[    0.231317] ACPI: SSDT 0x000000003FFF02A0 0001CC (v01 VBOX   VBOXCPUT 00000002 INTL 20100528)
[    0.231323] ACPI: Reserving FACP table memory at [mem 0x3fff00f0-0x3fff01e3]
[    0.231327] ACPI: Reserving DSDT table memory at [mem 0x3fff0470-0x3fff2794]
[    0.231329] ACPI: Reserving FACS table memory at [mem 0x3fff0200-0x3fff023f]
[    0.231331] ACPI: Reserving FACS table memory at [mem 0x3fff0200-0x3fff023f]
[    0.231333] ACPI: Reserving APIC table memory at [mem 0x3fff0240-0x3fff029b]
[    0.231335] ACPI: Reserving SSDT table memory at [mem 0x3fff02a0-0x3fff046b]
[    0.231675] No NUMA configuration found
[    0.231678] Faking a node at [mem 0x0000000000000000-0x000000003ffeffff]
[    0.231689] NODE_DATA(0) allocated [mem 0x3ffc6000-0x3ffeffff]
[    0.232068] Zone ranges:
[    0.232070]   DMA      [mem 0x0000000000001000-0x0000000000ffffff]
[    0.232074]   DMA32    [mem 0x0000000001000000-0x000000003ffeffff]
[    0.232078]   Normal   empty
[    0.232081]   Device   empty
[    0.232083] Movable zone start for each node
[    0.232088] Early memory node ranges
[    0.232089]   node   0: [mem 0x0000000000001000-0x000000000009efff]
[    0.232092]   node   0: [mem 0x0000000000100000-0x000000003ffeffff]
[    0.232095] Initmem setup node 0 [mem 0x0000000000001000-0x000000003ffeffff]
[    0.232498]   DMA zone: 28770 pages in unavailable ranges
[    0.235685]   DMA32 zone: 16 pages in unavailable ranges
[    0.236205] ACPI: PM-Timer IO Port: 0x4008
[    0.236301] IOAPIC[0]: apic_id 2, version 32, address 0xfec00000, GSI 0-23
[    0.236308] ACPI: INT_SRC_OVR (bus 0 bus_irq 0 global_irq 2 dfl dfl)
[    0.236311] ACPI: INT_SRC_OVR (bus 0 bus_irq 9 global_irq 9 low level)
[    0.236321] Using ACPI (MADT) for SMP configuration information
[    0.236331] smpboot: Allowing 2 CPUs, 0 hotplug CPUs
[    0.236358] PM: hibernation: Registered nosave memory: [mem 0x00000000-0x00000fff]
[    0.236362] PM: hibernation: Registered nosave memory: [mem 0x0009f000-0x0009ffff]
[    0.236364] PM: hibernation: Registered nosave memory: [mem 0x000a0000-0x000effff]
[    0.236366] PM: hibernation: Registered nosave memory: [mem 0x000f0000-0x000fffff]
[    0.236370] [mem 0x40000000-0xfebfffff] available for PCI devices
[    0.236372] Booting paravirtualized kernel on KVM
[    0.236375] clocksource: refined-jiffies: mask: 0xffffffff max_cycles: 0xffffffff, max_idle_ns: 7645519600211568 ns
[    0.236383] setup_percpu: NR_CPUS:8192 nr_cpumask_bits:2 nr_cpu_ids:2 nr_node_ids:1
[    0.236565] percpu: Embedded 56 pages/cpu s192512 r8192 d28672 u1048576
[    0.236612] kvm-guest: PV spinlocks enabled
[    0.236616] PV qspinlock hash table entries: 256 (order: 0, 4096 bytes, linear)
[    0.236628] Built 1 zonelists, mobility grouping on.  Total pages: 257913
[    0.236631] Policy zone: DMA32
[    0.236633] Kernel command line: BOOT_IMAGE=/boot/vmlinuz-5.11.0-27-generic root=UUID=9c299885-25d6-4c95-a738-828bdfa92feb ro console=ttyS0,115200n8
[    0.236743] Dentry cache hash table entries: 131072 (order: 8, 1048576 bytes, linear)
[    0.236770] Inode-cache hash table entries: 65536 (order: 7, 524288 bytes, linear)
[    0.236851] mem auto-init: stack:off, heap alloc:on, heap free:off
[    0.240206] Memory: 942528K/1048120K available (14345K kernel code, 3477K rwdata, 5456K rodata, 2684K init, 5980K bss, 105332K reserved, 0K cma-reserved)
[    0.240215] random: get_random_u64 called from __kmem_cache_create+0x2d/0x430 with crng_init=0
[    0.240415] SLUB: HWalign=64, Order=0-3, MinObjects=0, CPUs=2, Nodes=1
[    0.240445] Kernel/User page tables isolation: enabled
[    0.240477] ftrace: allocating 48644 entries in 191 pages
[    0.276415] ftrace: allocated 191 pages with 7 groups
[    0.276633] rcu: Hierarchical RCU implementation.
[    0.276637] rcu: 	RCU restricting CPUs from NR_CPUS=8192 to nr_cpu_ids=2.
[    0.276640] 	Rude variant of Tasks RCU enabled.
[    0.276642] 	Tracing variant of Tasks RCU enabled.
[    0.276644] rcu: RCU calculated value of scheduler-enlistment delay is 25 jiffies.
[    0.276646] rcu: Adjusting geometry for rcu_fanout_leaf=16, nr_cpu_ids=2
[    0.283503] NR_IRQS: 524544, nr_irqs: 440, preallocated irqs: 16
[    0.284435] random: crng done (trusting CPU's manufacturer)
[    0.305274] Console: colour VGA+ 80x25
[    0.838489] printk: console [ttyS0] enabled
[    0.841571] ACPI: Core revision 20201113
[    0.844389] APIC: Switch to symmetric I/O mode setup
[    0.848207] x2apic enabled
[    0.851020] Switched APIC routing to physical x2apic.
[    0.862368] ..TIMER: vector=0x30 apic1=0 pin1=2 apic2=-1 pin2=-1
[    0.868614] clocksource: tsc-early: mask: 0xffffffffffffffff max_cycles: 0x22983938a92, max_idle_ns: 440795216168 ns
[    0.875022] Calibrating delay loop (skipped) preset value.. 4800.00 BogoMIPS (lpj=9600008)
[    0.879025] pid_max: default: 32768 minimum: 301
[    0.883101] LSM: Security Framework initializing
[    0.887051] Yama: becoming mindful.
[    0.891098] AppArmor: AppArmor initialized
[    0.893628] Mount-cache hash table entries: 2048 (order: 2, 16384 bytes, linear)
[    0.895033] Mountpoint-cache hash table entries: 2048 (order: 2, 16384 bytes, linear)
[    0.899869] Last level iTLB entries: 4KB 64, 2MB 8, 4MB 8
[    0.903026] Last level dTLB entries: 4KB 64, 2MB 0, 4MB 0, 1GB 4
[    0.907031] Spectre V1 : Mitigation: usercopy/swapgs barriers and __user pointer sanitization
[    0.911027] Spectre V2 : Mitigation: Full generic retpoline
[    0.915024] Spectre V2 : Spectre v2 / SpectreRSB mitigation: Filling RSB on context switch
[    0.919026] Speculative Store Bypass: Vulnerable
[    0.921674] SRBDS: Unknown: Dependent on hypervisor status
[    0.923024] MDS: Mitigation: Clear CPU buffers
[    0.927493] Freeing SMP alternatives memory: 40K
[    1.044279] smpboot: CPU0: Intel(R) Core(TM) i5-6200U CPU @ 2.30GHz (family: 0x6, model: 0x4e, stepping: 0x3)
[    1.047353] Performance Events: unsupported p6 CPU model 78 no PMU driver, software events only.
[    1.055328] rcu: Hierarchical SRCU implementation.
[    1.059578] NMI watchdog: Perf NMI watchdog permanently disabled
[    1.063163] smp: Bringing up secondary CPUs ...
[    1.067235] x86: Booting SMP configuration:
[    1.071016] .... node  #0, CPUs:      #1
[    0.574834] kvm-clock: cpu 1, msr 6001041, secondary cpu clock
[    1.075146] smp: Brought up 1 node, 2 CPUs
[    1.081501] smpboot: Max logical packages: 1
[    1.083025] smpboot: Total of 2 processors activated (9600.00 BogoMIPS)
[    1.091102] devtmpfs: initialized
[    1.093889] x86/mm: Memory block size: 128MB
[    1.099165] clocksource: jiffies: mask: 0xffffffff max_cycles: 0xffffffff, max_idle_ns: 7645041785100000 ns
[    1.103034] futex hash table entries: 512 (order: 3, 32768 bytes, linear)
[    1.107623] pinctrl core: initialized pinctrl subsystem
[    1.111365] PM: RTC time: 16:19:19, date: 2022-02-01
[    1.115419] NET: Registered protocol family 16
[    1.118443] DMA: preallocated 128 KiB GFP_KERNEL pool for atomic allocations
[    1.119047] DMA: preallocated 128 KiB GFP_KERNEL|GFP_DMA pool for atomic allocations
[    1.123045] DMA: preallocated 128 KiB GFP_KERNEL|GFP_DMA32 pool for atomic allocations
[    1.127052] audit: initializing netlink subsys (disabled)
[    1.131329] audit: type=2000 audit(1643725200.397:1): state=initialized audit_enabled=0 res=1
[    1.131718] thermal_sys: Registered thermal governor 'fair_share'
[    1.135054] thermal_sys: Registered thermal governor 'bang_bang'
[    1.139025] thermal_sys: Registered thermal governor 'step_wise'
[    1.143025] thermal_sys: Registered thermal governor 'user_space'
[    1.147043] thermal_sys: Registered thermal governor 'power_allocator'
[    1.151151] EISA bus registered
[    1.159044] cpuidle: using governor ladder
[    1.163050] cpuidle: using governor menu
[    1.165433] ACPI: bus type PCI registered
[    1.167044] acpiphp: ACPI Hot Plug PCI Controller Driver version: 0.5
[    1.175178] PCI: Using configuration type 1 for base access
[    1.181649] Kprobes globally optimized
[    1.183169] HugeTLB registered 2.00 MiB page size, pre-allocated 0 pages
[    1.195216] ACPI: Added _OSI(Module Device)
[    1.199127] ACPI: Added _OSI(Processor Device)
[    1.201647] ACPI: Added _OSI(3.0 _SCP Extensions)
[    1.203031] ACPI: Added _OSI(Processor Aggregator Device)
[    1.207030] ACPI: Added _OSI(Linux-Dell-Video)
[    1.211025] ACPI: Added _OSI(Linux-Lenovo-NV-HDMI-Audio)
[    1.215025] ACPI: Added _OSI(Linux-HPI-Hybrid-Graphics)
[    1.228279] ACPI: 2 ACPI AML tables successfully acquired and loaded
[    1.235376] ACPI: Interpreter enabled
[    1.239120] ACPI: (supports S0 S5)
[    1.243028] ACPI: Using IOAPIC for interrupt routing
[    1.247853] PCI: Using host bridge windows from ACPI; if necessary, use "pci=nocrs" and report a bug
[    1.251387] ACPI: Enabled 2 GPEs in block 00 to 07
[    1.272425] ACPI: PCI Root Bridge [PCI0] (domain 0000 [bus 00-ff])
[    1.275046] acpi PNP0A03:00: _OSC: OS supports [ASPM ClockPM Segments MSI HPX-Type3]
[    1.283975] acpi PNP0A03:00: _OSC: not requesting OS control; OS requires [ExtendedConfig ASPM ClockPM MSI]
[    1.287098] acpi PNP0A03:00: fail to add MMCONFIG information, can't access extended PCI configuration space under this bridge.
[    1.295481] PCI host bridge to bus 0000:00
[    1.298180] pci_bus 0000:00: root bus resource [bus 00-ff]
[    1.299025] pci_bus 0000:00: root bus resource [io  0x0000-0x0cf7 window]
[    1.303067] pci_bus 0000:00: root bus resource [io  0x0d00-0xffff window]
[    1.307032] pci_bus 0000:00: root bus resource [mem 0x000a0000-0x000bffff window]
[    1.311047] pci_bus 0000:00: root bus resource [mem 0x40000000-0xfdffffff window]
[    1.315311] pci 0000:00:00.0: [8086:1237] type 00 class 0x060000
[    1.321480] pci 0000:00:01.0: [8086:7000] type 00 class 0x060100
[    1.325514] pci 0000:00:02.0: [80ee:beef] type 00 class 0x030000
[    1.332610] pci 0000:00:02.0: reg 0x10: [mem 0xe0000000-0xe07fffff pref]
[    1.356703] pci 0000:00:03.0: [8086:100e] type 00 class 0x020000
[    1.360381] pci 0000:00:03.0: reg 0x10: [mem 0xf0000000-0xf001ffff]
[    1.367292] pci 0000:00:03.0: reg 0x18: [io  0xd000-0xd007]
[    1.379033] pci 0000:00:04.0: [80ee:cafe] type 00 class 0x088000
[    1.387306] pci 0000:00:04.0: reg 0x10: [io  0xd020-0xd03f]
[    1.392331] pci 0000:00:04.0: reg 0x14: [mem 0xf0400000-0xf07fffff]
[    1.396325] pci 0000:00:04.0: reg 0x18: [mem 0xf0800000-0xf0803fff pref]
[    1.405490] pci 0000:00:05.0: [8086:2415] type 00 class 0x040100
[    1.407356] pci 0000:00:05.0: reg 0x10: [io  0xd100-0xd1ff]
[    1.411360] pci 0000:00:05.0: reg 0x14: [io  0xd200-0xd23f]
[    1.417512] pci 0000:00:07.0: [8086:7113] type 00 class 0x068000
[    1.423202] pci 0000:00:07.0: quirk: [io  0x4000-0x403f] claimed by PIIX4 ACPI
[    1.427108] pci 0000:00:07.0: quirk: [io  0x4100-0x410f] claimed by PIIX4 SMB
[    1.437136] pci 0000:00:0d.0: [8086:2829] type 00 class 0x010601
[    1.440380] pci 0000:00:0d.0: reg 0x10: [io  0xd240-0xd247]
[    1.447256] pci 0000:00:0d.0: reg 0x14: [io  0xd248-0xd24b]
[    1.452295] pci 0000:00:0d.0: reg 0x18: [io  0xd250-0xd257]
[    1.459100] pci 0000:00:0d.0: reg 0x1c: [io  0xd258-0xd25b]
[    1.467401] pci 0000:00:0d.0: reg 0x20: [io  0xd260-0xd26f]
[    1.472353] pci 0000:00:0d.0: reg 0x24: [mem 0xf0804000-0xf0805fff]
[    1.493614] ACPI: PCI Interrupt Link [LNKA] (IRQs 5 9 10 *11)
[    1.500428] ACPI: PCI Interrupt Link [LNKB] (IRQs 5 9 *10 11)
[    1.503388] ACPI: PCI Interrupt Link [LNKC] (IRQs 5 *9 10 11)
[    1.507400] ACPI: PCI Interrupt Link [LNKD] (IRQs 5 9 10 *11)
[    1.513029] iommu: Default domain type: Translated 
[    1.519733] SCSI subsystem initialized
[    1.522190] pci 0000:00:02.0: vgaarb: setting as boot VGA device
[    1.522820] pci 0000:00:02.0: vgaarb: VGA device added: decodes=io+mem,owns=io+mem,locks=none
[    1.523058] pci 0000:00:02.0: vgaarb: bridge control possible
[    1.527026] vgaarb: loaded
[    1.531323] ACPI: bus type USB registered
[    1.535100] usbcore: registered new interface driver usbfs
[    1.539129] usbcore: registered new interface driver hub
[    1.543058] usbcore: registered new device driver usb
[    1.547145] pps_core: LinuxPPS API ver. 1 registered
[    1.551021] pps_core: Software ver. 5.3.6 - Copyright 2005-2007 Rodolfo Giometti <giometti@linux.it>
[    1.555052] PTP clock support registered
[    1.557439] EDAC MC: Ver: 3.0.0
[    1.559542] NetLabel: Initializing
[    1.561229] NetLabel:  domain hash size = 128
[    1.563026] NetLabel:  protocols = UNLABELED CIPSOv4 CALIPSO
[    1.567265] NetLabel:  unlabeled traffic allowed by default
[    1.571117] PCI: Using ACPI for IRQ routing
[    1.576662] clocksource: Switched to clocksource kvm-clock
[    1.603061] VFS: Disk quotas dquot_6.6.0
[    1.606067] VFS: Dquot-cache hash table entries: 512 (order 0, 4096 bytes)
[    1.610025] AppArmor: AppArmor Filesystem Enabled
[    1.614183] pnp: PnP ACPI init
[    1.618982] pnp: PnP ACPI: found 3 devices
[    1.645371] clocksource: acpi_pm: mask: 0xffffff max_cycles: 0xffffff, max_idle_ns: 2085701024 ns
[    1.650775] NET: Registered protocol family 2
[    1.653010] IP idents hash table entries: 16384 (order: 5, 131072 bytes, linear)
[    1.657422] tcp_listen_portaddr_hash hash table entries: 512 (order: 1, 8192 bytes, linear)
[    1.665942] TCP established hash table entries: 8192 (order: 4, 65536 bytes, linear)
[    1.670190] TCP bind hash table entries: 8192 (order: 5, 131072 bytes, linear)
[    1.673898] TCP: Hash tables configured (established 8192 bind 8192)
[    1.678341] MPTCP token hash table entries: 1024 (order: 2, 24576 bytes, linear)
[    1.683403] UDP hash table entries: 512 (order: 2, 16384 bytes, linear)
[    1.687526] UDP-Lite hash table entries: 512 (order: 2, 16384 bytes, linear)
[    1.691927] NET: Registered protocol family 1
[    1.695918] NET: Registered protocol family 44
[    1.701534] pci_bus 0000:00: resource 4 [io  0x0000-0x0cf7 window]
[    1.704962] pci_bus 0000:00: resource 5 [io  0x0d00-0xffff window]
[    1.708425] pci_bus 0000:00: resource 6 [mem 0x000a0000-0x000bffff window]
[    1.714172] pci_bus 0000:00: resource 7 [mem 0x40000000-0xfdffffff window]
[    1.718853] pci 0000:00:00.0: Limiting direct PCI/PCI transfers
[    1.721985] pci 0000:00:01.0: Activating ISA DMA hang workarounds
[    1.725241] pci 0000:00:02.0: Video device with shadowed ROM at [mem 0x000c0000-0x000dffff]
[    1.743851] pci 0000:00:02.0: pci_fixup_video+0x0/0xe0 took 18246 usecs
[    1.750162] PCI: CLS 0 bytes, default 64
[    1.752824] Trying to unpack rootfs image as initramfs...
[    2.378917] Freeing initrd memory: 51788K
[    2.382506] clocksource: tsc: mask: 0xffffffffffffffff max_cycles: 0x22983938a92, max_idle_ns: 440795216168 ns
[    2.390332] clocksource: Switched to clocksource tsc
[    2.395335] platform rtc_cmos: registered platform RTC device (no PNP device found)
[    2.401600] check: Scanning for low memory corruption every 60 seconds
[    2.418438] Initialise system trusted keyrings
[    2.421216] Key type blacklist registered
[    2.423780] workingset: timestamp_bits=36 max_order=18 bucket_order=0
[    2.432689] zbud: loaded
[    2.435149] squashfs: version 4.0 (2009/01/31) Phillip Lougher
[    2.438979] fuse: init (API version 7.33)
[    2.441887] integrity: Platform Keyring initialized
[    2.458328] Key type asymmetric registered
[    2.461672] Asymmetric key parser 'x509' registered
[    2.466915] Block layer SCSI generic (bsg) driver version 0.4 loaded (major 243)
[    2.471250] io scheduler mq-deadline registered
[    2.474564] shpchp: Standard Hot Plug PCI Controller Driver version: 0.4
[    2.481055] ACPI: AC Adapter [AC] (off-line)
[    2.484826] input: Power Button as /devices/LNXSYSTM:00/LNXPWRBN:00/input/input0
[    2.489505] ACPI: Power Button [PWRF]
[    2.491924] input: Sleep Button as /devices/LNXSYSTM:00/LNXSLPBN:00/input/input1
[    2.498343] ACPI: Sleep Button [SLPF]
[    2.502976] battery: ACPI: Battery Slot [BAT0] (battery present)
[    2.506988] Serial: 8250/16550 driver, 32 ports, IRQ sharing enabled
[    2.544914] 00:02: ttyS0 at I/O 0x3f8 (irq = 4, base_baud = 115200) is a 16550A
[    2.556701] Linux agpgart interface v0.103
[    2.567212] loop: module loaded
[    2.570504] libphy: Fixed MDIO Bus: probed
[    2.573148] tun: Universal TUN/TAP device driver, 1.6
[    2.577288] PPP generic driver version 2.4.2
[    2.581201] VFIO - User Level meta-driver version: 0.3
[    2.584621] ehci_hcd: USB 2.0 'Enhanced' Host Controller (EHCI) Driver
[    2.588368] ehci-pci: EHCI PCI platform driver
[    2.590922] ehci-platform: EHCI generic platform driver
[    2.596248] ohci_hcd: USB 1.1 'Open' Host Controller (OHCI) Driver
[    2.601946] ohci-pci: OHCI PCI platform driver
[    2.604877] ohci-platform: OHCI generic platform driver
[    2.608399] uhci_hcd: USB Universal Host Controller Interface driver
[    2.615375] i8042: PNP: PS/2 Controller [PNP0303:PS2K,PNP0f03:PS2M] at 0x60,0x64 irq 1,12
[    2.621012] serio: i8042 KBD port at 0x60,0x64 irq 1
[    2.624646] serio: i8042 AUX port at 0x60,0x64 irq 12
[    2.635988] mousedev: PS/2 mouse device common for all mice
[    2.641229] input: AT Translated Set 2 keyboard as /devices/platform/i8042/serio0/input/input2
[    2.649089] rtc_cmos rtc_cmos: registered as rtc0
[    2.652521] rtc_cmos rtc_cmos: setting system clock to 2022-02-01T16:19:21 UTC (1643732361)
[    2.658219] rtc_cmos rtc_cmos: alarms up to one day, 114 bytes nvram
[    2.663661] i2c /dev entries driver
[    2.665891] device-mapper: uevent: version 1.0.3
[    2.668700] device-mapper: ioctl: 4.43.0-ioctl (2020-10-01) initialised: dm-devel@redhat.com
[    2.673018] platform eisa.0: Probing EISA bus 0
[    2.675360] platform eisa.0: EISA: Cannot allocate resource for mainboard
[    2.682323] platform eisa.0: Cannot allocate resource for EISA slot 1
[    2.686157] platform eisa.0: Cannot allocate resource for EISA slot 2
[    2.689985] platform eisa.0: Cannot allocate resource for EISA slot 3
[    2.695906] platform eisa.0: Cannot allocate resource for EISA slot 4
[    2.700468] platform eisa.0: Cannot allocate resource for EISA slot 5
[    2.703797] platform eisa.0: Cannot allocate resource for EISA slot 6
[    2.707017] platform eisa.0: Cannot allocate resource for EISA slot 7
[    2.711495] platform eisa.0: Cannot allocate resource for EISA slot 8
[    2.718517] platform eisa.0: EISA: Detected 0 cards
[    2.721391] intel_pstate: CPU model not supported
[    2.724267] ledtrig-cpu: registered to indicate activity on CPUs
[    2.729639] intel_pmc_core intel_pmc_core.0:  initialized
[    2.748623] drop_monitor: Initializing network drop monitor service
[    2.755013] NET: Registered protocol family 10
[    2.771840] Segment Routing with IPv6
[    2.774510] NET: Registered protocol family 17
[    2.778010] Key type dns_resolver registered
[    2.783141] IPI shorthand broadcast: enabled
[    2.785637] sched_clock: Marking stable (2212282770, 570834622)->(2955765821, -172648429)
[    2.790592] registered taskstats version 1
[    2.793684] Loading compiled-in X.509 certificates
[    2.800445] Loaded X.509 cert 'Build time autogenerated kernel key: 69c2f4d1719c6e601fe8039a6c5d3206d1a8df75'
[    2.807979] Loaded X.509 cert 'Canonical Ltd. Live Patch Signing: 14df34d1a87cf37625abec039ef2bf521249b969'
[    2.817609] Loaded X.509 cert 'Canonical Ltd. Kernel Module Signing: 88f752e560a1e0737e31163a466ad7b70a850c19'
[    2.828649] zswap: loaded using pool lzo/zbud
[    2.833589] Key type ._fscrypt registered
[    2.838702] Key type .fscrypt registered
[    2.844687] Key type fscrypt-provisioning registered
[    2.855053] Key type encrypted registered
[    2.857543] AppArmor: AppArmor sha1 policy hashing enabled
[    2.865134] ima: No TPM chip found, activating TPM-bypass!
[    2.878859] ima: Allocated hash algorithm: sha1
[    2.883247] ima: No architecture policies found
[    2.885981] evm: Initialising EVM extended attributes:
[    2.889196] evm: security.selinux
[    2.891430] evm: security.SMACK64
[    2.893788] evm: security.SMACK64EXEC
[    2.897277] evm: security.SMACK64TRANSMUTE
[    2.900248] evm: security.SMACK64MMAP
[    2.902741] evm: security.apparmor
[    2.904942] evm: security.ima
[    2.906794] evm: security.capability
[    2.909999] evm: HMAC attrs: 0x1
[    2.914185] PM:   Magic number: 10:18:337
[    2.916706] tty tty58: hash matches
[    2.919151] RAS: Correctable Errors collector initialized.
[    2.924551] Freeing unused decrypted memory: 2036K
[    2.928701] Freeing unused kernel image (initmem) memory: 2684K
[    2.947380] Write protecting the kernel read-only data: 22528k
[    2.952702] Freeing unused kernel image (text/rodata gap) memory: 2036K
[    2.957469] Freeing unused kernel image (rodata/data gap) memory: 688K
[    3.063269] x86/mm: Checked W+X mappings: passed, no W+X pages found.
[    3.067835] x86/mm: Checking user space page tables
[    3.171644] x86/mm: Checked W+X mappings: passed, no W+X pages found.
[    3.177146] Run /init as init process
Loading, please wait...
Starting version 245.4-4ubuntu3.11
[    3.399418] piix4_smbus 0000:00:07.0: SMBus Host Controller at 0x4100, revision 0
[    3.423907] ACPI: Video Device [GFX0] (multi-head: yes  rom: no  post: no)
[    3.440982] e1000: Intel(R) PRO/1000 Network Driver
[    3.445229] e1000: Copyright (c) 1999-2006 Intel Corporation.
[    3.516257] ahci 0000:00:0d.0: SSS flag set, parallel bus scan disabled
[    3.523736] ahci 0000:00:0d.0: AHCI 0001.0100 32 slots 30 ports 3 Gbps 0x3fffffff impl SATA mode
[    3.538262] ahci 0000:00:0d.0: flags: 64bit ncq stag only ccc 
[    3.562480] input: Video Bus as /devices/LNXSYSTM:00/LNXSYBUS:00/PNP0A03:00/LNXVIDEO:00/input/input5
[    3.658069] scsi host0: ahci
[    3.663262] scsi host1: ahci
[    3.667299] scsi host2: ahci
[    3.670563] scsi host3: ahci
[    3.673992] scsi host4: ahci
[    3.681965] scsi host5: ahci
[    3.685733] scsi host6: ahci
[    3.689462] scsi host7: ahci
[    3.699881] scsi host8: ahci
[    3.705456] scsi host9: ahci
[    3.710633] input: ImExPS/2 Generic Explorer Mouse as /devices/platform/i8042/serio1/input/input4
[    3.727292] scsi host10: ahci
[    3.731522] scsi host11: ahci
[    3.735668] scsi host12: ahci
[    3.746004] scsi host13: ahci
[    3.760261] scsi host14: ahci
[    3.776582] scsi host15: ahci
[    3.786245] scsi host16: ahci
[    3.795547] scsi host17: ahci
[    3.799257] scsi host18: ahci
[    3.807264] scsi host19: ahci
[    3.815239] scsi host20: ahci
[    3.817808] scsi host21: ahci
[    3.819880] scsi host22: ahci
[    3.823459] scsi host23: ahci
[    3.828210] scsi host24: ahci
[    3.834193] scsi host25: ahci
[    3.836881] scsi host26: ahci
[    3.843371] scsi host27: ahci
[    3.847501] scsi host28: ahci
[    3.850400] scsi host29: ahci
[    3.852536] ata1: SATA max UDMA/133 abar m8192@0xf0804000 port 0xf0804100 irq 21
[    3.856768] ata2: SATA max UDMA/133 abar m8192@0xf0804000 port 0xf0804180 irq 21
[    3.863206] ata3: SATA max UDMA/133 abar m8192@0xf0804000 port 0xf0804200 irq 21
[    3.869820] ata4: SATA max UDMA/133 abar m8192@0xf0804000 port 0xf0804280 irq 21
[    3.873928] ata5: SATA max UDMA/133 abar m8192@0xf0804000 port 0xf0804300 irq 21
[    3.881040] ata6: SATA max UDMA/133 abar m8192@0xf0804000 port 0xf0804380 irq 21
[    3.888893] ata7: SATA max UDMA/133 abar m8192@0xf0804000 port 0xf0804400 irq 21
[    3.895127] ata8: SATA max UDMA/133 abar m8192@0xf0804000 port 0xf0804480 irq 21
[    3.899740] ata9: SATA max UDMA/133 abar m8192@0xf0804000 port 0xf0804500 irq 21
[    3.903905] ata10: SATA max UDMA/133 abar m8192@0xf0804000 port 0xf0804580 irq 21
[    3.922031] ata11: SATA max UDMA/133 abar m8192@0xf0804000 port 0xf0804600 irq 21
[    3.928482] ata12: SATA max UDMA/133 abar m8192@0xf0804000 port 0xf0804680 irq 21
[    3.933125] ata13: SATA max UDMA/133 abar m8192@0xf0804000 port 0xf0804700 irq 21
[    3.938159] ata14: SATA max UDMA/133 abar m8192@0xf0804000 port 0xf0804780 irq 21
[    3.943073] ata15: SATA max UDMA/133 abar m8192@0xf0804000 port 0xf0804800 irq 21
[    3.951399] ata16: SATA max UDMA/133 abar m8192@0xf0804000 port 0xf0804880 irq 21
[    3.955511] ata17: SATA max UDMA/133 abar m8192@0xf0804000 port 0xf0804900 irq 21
[    3.961647] ata18: SATA max UDMA/133 abar m8192@0xf0804000 port 0xf0804980 irq 21
[    3.966001] ata19: SATA max UDMA/133 abar m8192@0xf0804000 port 0xf0804a00 irq 21
[    3.970209] ata20: SATA max UDMA/133 abar m8192@0xf0804000 port 0xf0804a80 irq 21
[    3.974175] ata21: SATA max UDMA/133 abar m8192@0xf0804000 port 0xf0804b00 irq 21
[    3.981285] ata22: SATA max UDMA/133 abar m8192@0xf0804000 port 0xf0804b80 irq 21
[    3.985302] ata23: SATA max UDMA/133 abar m8192@0xf0804000 port 0xf0804c00 irq 21
[    3.989447] ata24: SATA max UDMA/133 abar m8192@0xf0804000 port 0xf0804c80 irq 21
[    3.994574] ata25: SATA max UDMA/133 abar m8192@0xf0804000 port 0xf0804d00 irq 21
[    3.999881] ata26: SATA max UDMA/133 abar m8192@0xf0804000 port 0xf0804d80 irq 21
[    4.003939] ata27: SATA max UDMA/133 abar m8192@0xf0804000 port 0xf0804e00 irq 21
[    4.009351] ata28: SATA max UDMA/133 abar m8192@0xf0804000 port 0xf0804e80 irq 21
[    4.016523] ata29: SATA max UDMA/133 abar m8192@0xf0804000 port 0xf0804f00 irq 21
[    4.020522] ata30: SATA max UDMA/133 abar m8192@0xf0804000 port 0xf0804f80 irq 21
[    4.285184] e1000 0000:00:03.0 eth0: (PCI:33MHz:32-bit) 08:00:27:8a:f4:19
[    4.297074] e1000 0000:00:03.0 eth0: Intel(R) PRO/1000 Network Connection
[    4.315271] e1000 0000:00:03.0 enp0s3: renamed from eth0
[    4.358562] ata1: SATA link up 3.0 Gbps (SStatus 123 SControl 300)
[    4.372380] ata1.00: ATA-6: VBOX HARDDISK, 1.0, max UDMA/133
[    4.382721] ata1.00: 1048576000 sectors, multi 128: LBA48 NCQ (depth 32)
[    4.394789] ata1.00: configured for UDMA/133
[    4.402661] scsi 0:0:0:0: Direct-Access     ATA      VBOX HARDDISK    1.0  PQ: 0 ANSI: 5
[    4.433562] sd 0:0:0:0: [sda] 1048576000 512-byte logical blocks: (537 GB/500 GiB)
[    4.439577] sd 0:0:0:0: [sda] Write Protect is off
[    4.439943] sd 0:0:0:0: Attached scsi generic sg0 type 0
[    4.447764] sd 0:0:0:0: [sda] Write cache: enabled, read cache: enabled, doesn't support DPO or FUA
[    4.525696]  sda: sda1 sda2 sda3
[    4.534517] sd 0:0:0:0: [sda] Attached SCSI disk
[    4.780323] ata2: SATA link down (SStatus 0 SControl 300)
[    5.121163] ata3: SATA link down (SStatus 0 SControl 300)
[    5.445305] ata4: SATA link down (SStatus 0 SControl 300)
[    5.780731] ata5: SATA link down (SStatus 0 SControl 300)
[    6.108650] ata6: SATA link down (SStatus 0 SControl 300)
[    6.445647] ata7: SATA link down (SStatus 0 SControl 300)
[    6.780712] ata8: SATA link down (SStatus 0 SControl 300)
[    7.103729] ata9: SATA link down (SStatus 0 SControl 300)
[    7.449294] ata10: SATA link down (SStatus 0 SControl 300)
[    7.783813] ata11: SATA link down (SStatus 0 SControl 300)
[    8.117755] ata12: SATA link down (SStatus 0 SControl 300)
[    8.522699] ata13: SATA link down (SStatus 0 SControl 300)
[    8.852941] ata14: SATA link down (SStatus 0 SControl 300)
[    9.196854] ata15: SATA link down (SStatus 0 SControl 300)
[    9.532729] ata16: SATA link down (SStatus 0 SControl 300)
[    9.865454] ata17: SATA link down (SStatus 0 SControl 300)
[   10.202143] ata18: SATA link down (SStatus 0 SControl 300)
[   10.538042] ata19: SATA link down (SStatus 0 SControl 300)
[   10.871573] ata20: SATA link down (SStatus 0 SControl 300)
[   11.216427] ata21: SATA link down (SStatus 0 SControl 300)
[   11.552558] ata22: SATA link down (SStatus 0 SControl 300)
[   11.885500] ata23: SATA link down (SStatus 0 SControl 300)
[   12.224831] ata24: SATA link down (SStatus 0 SControl 300)
[   12.558328] ata25: SATA link down (SStatus 0 SControl 300)
[   12.893890] ata26: SATA link down (SStatus 0 SControl 300)
[   13.245488] ata27: SATA link down (SStatus 0 SControl 300)
[   13.579065] ata28: SATA link down (SStatus 0 SControl 300)
[   13.921887] ata29: SATA link down (SStatus 0 SControl 300)
[   14.261560] ata30: SATA link down (SStatus 0 SControl 300)
Begin: Loading essential drivers ... done.
Begin: Running /scripts/init-premount ... done.
Begin: Mounting root file system ... Begin: Running /scripts/local-top ... done.
Begin: Running /scripts/local-premount ... done.
Begin: Will now check root file system ... fsck from util-linux 2.34
[/usr/sbin/fsck.ext4 (1) -- /dev/sda1] fsck.ext4 -a -C0 /dev/sda1 
/dev/sda1: clean, 162739/14458880 files, 2771473/57829632 blocks
done.
[   14.842505] EXT4-fs (sda1): mounted filesystem with ordered data mode. Opts: (null). Quota mode: none.
done.
Begin: Running /scripts/local-bottom ... done.
Begin: Running /scripts/init-bottom ... done.
[   15.323016] systemd[1]: Inserted module 'autofs4'
[   15.457361] systemd[1]: systemd 245.4-4ubuntu3.11 running in system mode. (+PAM +AUDIT +SELINUX +IMA +APPARMOR +SMACK +SYSVINIT +UTMP +LIBCRYPTSETUP +GCRYPT +GNUTLS +ACL +XZ +LZ4 +SECCOMP +BLKID +ELFUTILS +KMOD +IDN2 -IDN +PCRE2 default-hierarchy=hybrid)
[   15.503398] systemd[1]: Detected virtualization oracle.
[   15.507066] systemd[1]: Detected architecture x86-64.

Welcome to [1mUbuntu 20.04.3 LTS[0m!

[   15.544437] systemd[1]: Set hostname to <osboxes>.
[   16.219403] systemd[1]: Created slice system-modprobe.slice.
[[0;32m  OK  [0m] Created slice [0;1;39msystem-modprobe.slice[0m.
[   16.248990] systemd[1]: Created slice system-serial\x2dgetty.slice.
[[0;32m  OK  [0m] Created slice [0;1;39msystem-serial\x2dgetty.slice[0m.
[   16.276497] systemd[1]: Created slice system-systemd\x2dfsck.slice.
[[0;32m  OK  [0m] Created slice [0;1;39msystem-systemd\x2dfsck.slice[0m.
[   16.304876] systemd[1]: Created slice User and Session Slice.
[[0;32m  OK  [0m] Created slice [0;1;39mUser and Session Slice[0m.
[   16.322057] systemd[1]: Started Forward Password Requests to Wall Directory Watch.
[[0;32m  OK  [0m] Started [0;1;39mForward Password R‚Ä¶uests to Wall Directory Watch[0m.
[   16.340796] systemd[1]: Set up automount Arbitrary Executable File Formats File System Automount Point.
[[0;32m  OK  [0m] Set up automount [0;1;39mArbitrary‚Ä¶s File System Automount Point[0m.
[   16.353588] systemd[1]: Reached target User and Group Name Lookups.
[[0;32m  OK  [0m] Reached target [0;1;39mUser and Group Name Lookups[0m.
[   16.359410] systemd[1]: Reached target Remote File Systems.
[[0;32m  OK  [0m] Reached target [0;1;39mRemote File Systems[0m.
[   16.366340] systemd[1]: Reached target Slices.
[[0;32m  OK  [0m] Reached target [0;1;39mSlices[0m.
[   16.380032] systemd[1]: Listening on Syslog Socket.
[[0;32m  OK  [0m] Listening on [0;1;39mSyslog Socket[0m.
[   16.396487] systemd[1]: Listening on fsck to fsckd communication Socket.
[[0;32m  OK  [0m] Listening on [0;1;39mfsck to fsckd communication Socket[0m.
[   16.415381] systemd[1]: Listening on initctl Compatibility Named Pipe.
[[0;32m  OK  [0m] Listening on [0;1;39minitctl Compatibility Named Pipe[0m.
[   16.425092] systemd[1]: Listening on Journal Audit Socket.
[[0;32m  OK  [0m] Listening on [0;1;39mJournal Audit Socket[0m.
[   16.440198] systemd[1]: Listening on Journal Socket (/dev/log).
[[0;32m  OK  [0m] Listening on [0;1;39mJournal Socket (/dev/log)[0m.
[   16.462848] systemd[1]: Listening on Journal Socket.
[[0;32m  OK  [0m] Listening on [0;1;39mJournal Socket[0m.
[   16.498827] systemd[1]: Listening on udev Control Socket.
[[0;32m  OK  [0m] Listening on [0;1;39mudev Control Socket[0m.
[   16.528907] systemd[1]: Listening on udev Kernel Socket.
[[0;32m  OK  [0m] Listening on [0;1;39mudev Kernel Socket[0m.
[   16.570532] systemd[1]: Mounting Huge Pages File System...
         Mounting [0;1;39mHuge Pages File System[0m...
[   16.598397] systemd[1]: Mounting POSIX Message Queue File System...
         Mounting [0;1;39mPOSIX Message Queue File System[0m...
[   16.610352] systemd[1]: Mounting Kernel Debug File System...
         Mounting [0;1;39mKernel Debug File System[0m...
[   16.621451] systemd[1]: Mounting Kernel Trace File System...
         Mounting [0;1;39mKernel Trace File System[0m...
[   16.632257] systemd[1]: Starting Journal Service...
         Starting [0;1;39mJournal Service[0m...
[   16.650964] systemd[1]: Starting Set the console keyboard layout...
         Starting [0;1;39mSet the console keyboard layout[0m...
[   16.671907] systemd[1]: Starting Create list of static device nodes for the current kernel...
         Starting [0;1;39mCreate list of st‚Ä¶odes for the current kernel[0m...
[   16.711590] systemd[1]: Starting Load Kernel Module drm...
         Starting [0;1;39mLoad Kernel Module drm[0m...
[   16.745397] systemd[1]: Condition check resulted in Set Up Additional Binary Formats being skipped.
[   16.755587] systemd[1]: Condition check resulted in File System Check on Root Device being skipped.
[   16.791673] systemd[1]: Starting Load Kernel Modules...
         Starting [0;1;39mLoad Kernel Modules[0m...
[   16.823918] systemd[1]: Starting Remount Root and Kernel File Systems...
         Starting [0;1;39mRemount Root and Kernel File Systems[0m...
[   16.888579] systemd[1]: Starting udev Coldplug all Devices...
[   16.900066] EXT4-fs (sda1): re-mounted. Opts: errors=remount-ro. Quota mode: none.
[   16.908848] lp: driver loaded but no devices found
         Starting [0;1;39mudev Coldplug all Devices[0m...
[   16.928102] systemd[1]: Starting Uncomplicated firewall...
[   16.943656] ppdev: user-space parallel port driver
         Starting [0;1;39mUncomplicated firewall[0m...
[   16.960244] systemd[1]: Mounted Huge Pages File System.
[[0;32m  OK  [0m] Mounted [0;1;39mHuge Pages File System[0m.
[   16.995724] systemd[1]: Mounted POSIX Message Queue File System.
[[0;32m  OK  [0m] Mounted [0;1;39mPOSIX Message Queue File System[0m.
[   17.013346] systemd[1]: Mounted Kernel Debug File System.
[[0;32m  OK  [0m] Mounted [0;1;39mKernel Debug File System[0m.
[   17.037645] systemd[1]: Mounted Kernel Trace File System.
[[0;32m  OK  [0m] Mounted [0;1;39mKernel Trace File System[0m.
[   17.050927] systemd[1]: Started Journal Service.
[[0;32m  OK  [0m] Started [0;1;39mJournal Service[0m.
[[0;32m  OK  [0m] Finished [0;1;39mCreate list of st‚Ä¶ nodes for the current kernel[0m.
[[0;32m  OK  [0m] Finished [0;1;39mLoad Kernel Module drm[0m.
[[0;32m  OK  [0m] Finished [0;1;39mRemount Root and Kernel File Systems[0m.
[[0;32m  OK  [0m] Finished [0;1;39mUncomplicated firewall[0m.
         Starting [0;1;39mFlush Journal to Persistent Storage[0m...
         Starting [0;1;39mLoad/Save Random Seed[0m...
[   17.161039] systemd-journald[303]: Received client request to flush runtime journal.
         Starting [0;1;39mCreate System Users[0m...
[[0;32m  OK  [0m] Finished [0;1;39mLoad/Save Random Seed[0m.
[[0;32m  OK  [0m] Finished [0;1;39mLoad Kernel Modules[0m.
         Mounting [0;1;39mFUSE Control File System[0m...
         Mounting [0;1;39mKernel Configuration File System[0m...
         Starting [0;1;39mApply Kernel Variables[0m...
[[0;32m  OK  [0m] Mounted [0;1;39mFUSE Control File System[0m.
[[0;32m  OK  [0m] Mounted [0;1;39mKernel Configuration File System[0m.
[[0;32m  OK  [0m] Finished [0;1;39mCreate System Users[0m.
         Starting [0;1;39mCreate Static Device Nodes in /dev[0m...
[[0;32m  OK  [0m] Finished [0;1;39mApply Kernel Variables[0m.
[[0;32m  OK  [0m] Finished [0;1;39mCreate Static Device Nodes in /dev[0m.
[[0;32m  OK  [0m] Finished [0;1;39mSet the console keyboard layout[0m.
[[0;32m  OK  [0m] Reached target [0;1;39mLocal File Systems (Pre)[0m.
         Mounting [0;1;39mMount unit for bare, revision 5[0m...
         Mounting [0;1;39mMount unit for core18, revision 2128[0m...
         Mounting [0;1;39mMount unit for core18, revision 2284[0m...
         Mounting [0;1;39mMount unit for core20, revision 1328[0m...
         Mounting [0;1;39mMount unit for gnome-3-34-1804, revision 72[0m...
         Mounting [0;1;39mMount unit for gnome-3-34-1804, revision 77[0m...
         Mounting [0;1;39mMount unit for gt‚Ä¶ommon-themes, revision 1515[0m...
         Mounting [0;1;39mMount unit for gt‚Ä¶ommon-themes, revision 1519[0m...
         Mounting [0;1;39mMount unit for snap-store, revision 547[0m...
         Mounting [0;1;39mMount unit for snap-store, revision 558[0m...
         Mounting [0;1;39mMount unit for snapd, revision 12704[0m...
         Mounting [0;1;39mMount unit for snapd, revision 14549[0m...
         Starting [0;1;39mudev Kernel Device Manager[0m...
[[0;32m  OK  [0m] Finished [0;1;39mFlush Journal to Persistent Storage[0m.
[[0;32m  OK  [0m] Finished [0;1;39mudev Coldplug all Devices[0m.
[[0;32m  OK  [0m] Mounted [0;1;39mMount unit for bare, revision 5[0m.
[[0;32m  OK  [0m] Mounted [0;1;39mMount unit for core18, revision 2128[0m.
[[0;32m  OK  [0m] Mounted [0;1;39mMount unit for core18, revision 2284[0m.
[[0;32m  OK  [0m] Mounted [0;1;39mMount unit for core20, revision 1328[0m.
[[0;32m  OK  [0m] Mounted [0;1;39mMount unit for gnome-3-34-1804, revision 72[0m.
[[0;32m  OK  [0m] Mounted [0;1;39mMount unit for gnome-3-34-1804, revision 77[0m.
[[0;32m  OK  [0m] Mounted [0;1;39mMount unit for gtk-common-themes, revision 1515[0m.
[[0;32m  OK  [0m] Mounted [0;1;39mMount unit for gtk-common-themes, revision 1519[0m.
[[0;32m  OK  [0m] Mounted [0;1;39mMount unit for snap-store, revision 547[0m.
[[0;32m  OK  [0m] Mounted [0;1;39mMount unit for snap-store, revision 558[0m.
[[0;32m  OK  [0m] Mounted [0;1;39mMount unit for snapd, revision 12704[0m.
[[0;32m  OK  [0m] Mounted [0;1;39mMount unit for snapd, revision 14549[0m.
[[0;32m  OK  [0m] Started [0;1;39mudev Kernel Device Manager[0m.
[[0;32m  OK  [0m] Started [0;1;39mDispatch Password ‚Ä¶ts to Console Directory Watch[0m.
[[0;32m  OK  [0m] Reached target [0;1;39mLocal Encrypted Volumes[0m.
[[0;32m  OK  [0m] Found device [0;1;39m/dev/ttyS0[0m.
[[0;32m  OK  [0m] Listening on [0;1;39mLoad/Save RF ‚Ä¶itch Status /dev/rfkill Watch[0m.
[[0;32m  OK  [0m] Found device [0;1;39mVBOX_HARDDISK 2[0m.
         Activating swap [0;1;39m/dev/disk/‚Ä¶b4d0-408a-a959-dbce0dfb0bb9[0m...
[[0;32m  OK  [0m] Activated swap [0;1;39m/dev/disk/b‚Ä¶6-b4d0-408a-a959-dbce0dfb0bb9[0m.
[[0;32m  OK  [0m] Found device [0;1;39mVBOX_HARDDISK 3[0m.
[[0;32m  OK  [0m] Reached target [0;1;39mSwap[0m.
         Starting [0;1;39mFile System Check‚Ä¶b2a7-41c1-86cb-9ada240ff9ed[0m...
[[0;32m  OK  [0m] Started [0;1;39mFile System Check Daemon to report status[0m.
[[0;32m  OK  [0m] Finished [0;1;39mFile System Check‚Ä¶0-b2a7-41c1-86cb-9ada240ff9ed[0m.
         Mounting [0;1;39m/home[0m...
[[0;32m  OK  [0m] Mounted [0;1;39m/home[0m.
[[0;32m  OK  [0m] Reached target [0;1;39mLocal File Systems[0m.
         Starting [0;1;39mLoad AppArmor profiles[0m...
         Starting [0;1;39mSet console font and keymap[0m...
         Starting [0;1;39mTell Plymouth To Write Out Runtime Data[0m...
         Starting [0;1;39mCreate Volatile Files and Directories[0m...
[[0;32m  OK  [0m] Finished [0;1;39mSet console font and keymap[0m.
[[0;32m  OK  [0m] Finished [0;1;39mTell Plymouth To Write Out Runtime Data[0m.
[[0;32m  OK  [0m] Finished [0;1;39mCreate Volatile Files and Directories[0m.
         Starting [0;1;39mNetwork Name Resolution[0m...
         Starting [0;1;39mNetwork Time Synchronization[0m...
         Starting [0;1;39mUpdate UTMP about System Boot/Shutdown[0m...
[[0;32m  OK  [0m] Finished [0;1;39mUpdate UTMP about System Boot/Shutdown[0m.
[[0;32m  OK  [0m] Started [0;1;39mNetwork Time Synchronization[0m.
[[0;32m  OK  [0m] Reached target [0;1;39mSystem Time Set[0m.
[[0;32m  OK  [0m] Reached target [0;1;39mSystem Time Synchronized[0m.
[[0;32m  OK  [0m] Finished [0;1;39mLoad AppArmor profiles[0m.
         Starting [0;1;39mLoad AppArmor pro‚Ä¶managed internally by snapd[0m...
[[0;32m  OK  [0m] Started [0;1;39mNetwork Name Resolution[0m.
[[0;32m  OK  [0m] Reached target [0;1;39mHost and Network Name Lookups[0m.
[[0;32m  OK  [0m] Finished [0;1;39mLoad AppArmor pro‚Ä¶s managed internally by snapd[0m.
[[0;32m  OK  [0m] Reached target [0;1;39mSystem Initialization[0m.
[[0;32m  OK  [0m] Started [0;1;39mACPI Events Check[0m.
[[0;32m  OK  [0m] Started [0;1;39mCUPS Scheduler[0m.
[[0;32m  OK  [0m] Started [0;1;39mTrigger anacron every hour[0m.
[[0;32m  OK  [0m] Started [0;1;39mDaily apt download activities[0m.
[[0;32m  OK  [0m] Started [0;1;39mDaily apt upgrade and clean activities[0m.
[[0;32m  OK  [0m] Started [0;1;39mPeriodic ext4 Onli‚Ä¶ata Check for All Filesystems[0m.
[[0;32m  OK  [0m] Started [0;1;39mDiscard unused blocks once a week[0m.
[[0;32m  OK  [0m] Started [0;1;39mRefresh fwupd metadata regularly[0m.
[[0;32m  OK  [0m] Started [0;1;39mDaily rotation of log files[0m.
[[0;32m  OK  [0m] Started [0;1;39mDaily man-db regeneration[0m.
[[0;32m  OK  [0m] Started [0;1;39mMessage of the Day[0m.
[[0;32m  OK  [0m] Started [0;1;39mDaily Cleanup of Temporary Directories[0m.
[[0;32m  OK  [0m] Started [0;1;39mUbuntu Advantage update messaging[0m.
[[0;32m  OK  [0m] Reached target [0;1;39mPaths[0m.
[[0;32m  OK  [0m] Reached target [0;1;39mTimers[0m.
[[0;32m  OK  [0m] Listening on [0;1;39mACPID Listen Socket[0m.
[[0;32m  OK  [0m] Listening on [0;1;39mAvahi mDNS/DNS-SD Stack Activation Socket[0m.
[[0;32m  OK  [0m] Listening on [0;1;39mCUPS Scheduler[0m.
[[0;32m  OK  [0m] Listening on [0;1;39mD-Bus System Message Bus Socket[0m.
         Starting [0;1;39mSocket activation for snappy daemon[0m.
[[0;32m  OK  [0m] Listening on [0;1;39mUUID daemon activation socket[0m.
[[0;32m  OK  [0m] Listening on [0;1;39mSocket activation for snappy daemon[0m.
[[0;32m  OK  [0m] Reached target [0;1;39mSockets[0m.
[[0;32m  OK  [0m] Reached target [0;1;39mBasic System[0m.
         Starting [0;1;39mAccounts Service[0m...
[[0;32m  OK  [0m] Started [0;1;39mACPI event daemon[0m.
         Starting [0;1;39mLSB: automatic crash report generation[0m...
         Starting [0;1;39mAvahi mDNS/DNS-SD Stack[0m...
[[0;32m  OK  [0m] Started [0;1;39mRegular background program processing daemon[0m.
[[0;32m  OK  [0m] Started [0;1;39mCUPS Scheduler[0m.
[[0;32m  OK  [0m] Started [0;1;39mD-Bus System Message Bus[0m.
         Starting [0;1;39mNetwork Manager[0m...
[[0;32m  OK  [0m] Started [0;1;39mSave initial kernel messages after boot[0m.
         Starting [0;1;39mRemove Stale Onli‚Ä¶t4 Metadata Check Snapshots[0m...
         Starting [0;1;39mDetect the availa‚Ä¶eal with any system changes[0m...
         Starting [0;1;39mRecord successful boot for GRUB[0m...
[[0;32m  OK  [0m] Started [0;1;39mirqbalance daemon[0m.
         Starting [0;1;39mDispatcher daemon for systemd-networkd[0m...
         Starting [0;1;39mAuthorization Manager[0m...
         Starting [0;1;39mRestore /etc/reso‚Ä¶ the ppp link was shut down[0m...
         Starting [0;1;39mSystem Logging Service[0m...
         Starting [0;1;39mSnap Daemon[0m...
         Starting [0;1;39mSwitcheroo Control Proxy service[0m...
         Starting [0;1;39mLogin Service[0m...
         Starting [0;1;39mDisk Manager[0m...
         Starting [0;1;39mWPA supplicant[0m...
[[0;32m  OK  [0m] Finished [0;1;39mRemove Stale Onli‚Ä¶ext4 Metadata Check Snapshots[0m.
[[0;32m  OK  [0m] Finished [0;1;39mDetect the availa‚Ä¶ deal with any system changes[0m.
[[0;32m  OK  [0m] Finished [0;1;39mRestore /etc/reso‚Ä¶re the ppp link was shut down[0m.
[[0;32m  OK  [0m] Finished [0;1;39mRecord successful boot for GRUB[0m.
[[0;32m  OK  [0m] Started [0;1;39mSystem Logging Service[0m.
         Starting [0;1;39mGRUB failed boot detection[0m...
[[0;32m  OK  [0m] Finished [0;1;39mGRUB failed boot detection[0m.
[[0;32m  OK  [0m] Started [0;1;39mLSB: automatic crash report generation[0m.
[[0;32m  OK  [0m] Started [0;1;39mAvahi mDNS/DNS-SD Stack[0m.
[[0;32m  OK  [0m] Started [0;1;39mMake remote CUPS printers available locally[0m.
[[0;32m  OK  [0m] Started [0;1;39mNetwork Manager[0m.
         Starting [0;1;39mNetwork Manager Wait Online[0m...
[[0;32m  OK  [0m] Started [0;1;39mWPA supplicant[0m.
[[0;32m  OK  [0m] Reached target [0;1;39mNetwork[0m.
         Starting [0;1;39mOpenVPN service[0m...
         Starting [0;1;39mHostname Service[0m...
         Starting [0;1;39mPermit User Sessions[0m...
[[0;32m  OK  [0m] Finished [0;1;39mOpenVPN service[0m.
[[0;32m  OK  [0m] Started [0;1;39mSwitcheroo Control Proxy service[0m.
[[0;32m  OK  [0m] Started [0;1;39mAuthorization Manager[0m.
[[0;32m  OK  [0m] Finished [0;1;39mPermit User Sessions[0m.
[[0;32m  OK  [0m] Started [0;1;39mLogin Service[0m.
         Starting [0;1;39mModem Manager[0m...
         Starting [0;1;39mSave/Restore Sound Card State[0m...
         Starting [0;1;39mGNOME Display Manager[0m...
         Starting [0;1;39mHold until boot process finishes up[0m...
[[0;32m  OK  [0m] Started [0;1;39mUnattended Upgrades Shutdown[0m.
[[0;32m  OK  [0m] Finished [0;1;39mHold until boot process finishes up[0m.
[[0;32m  OK  [0m] Started [0;1;39mAccounts Service[0m.
[[0;32m  OK  [0m] Started [0;1;39mSerial Getty on ttyS0[0m.
[[0;32m  OK  [0m] Reached target [0;1;39mLogin Prompts[0m.
         Starting [0;1;39mSet console scheme[0m...
[[0;32m  OK  [0m] Finished [0;1;39mSave/Restore Sound Card State[0m.
[[0;32m  OK  [0m] Finished [0;1;39mSet console scheme[0m.
[[0;32m  OK  [0m] Created slice [0;1;39msystem-getty.slice[0m.
[[0;32m  OK  [0m] Reached target [0;1;39mSound Card[0m.
[[0;32m  OK  [0m] Started [0;1;39mGNOME Display Manager[0m.
[[0;32m  OK  [0m] Started [0;1;39mModem Manager[0m.
[[0;32m  OK  [0m] Started [0;1;39mHostname Service[0m.
         Starting [0;1;39mNetwork Manager Script Dispatcher Service[0m...
[[0;32m  OK  [0m] Started [0;1;39mNetwork Manager Script Dispatcher Service[0m.
[[0;32m  OK  [0m] Started [0;1;39mDispatcher daemon for systemd-networkd[0m.
[[0;32m  OK  [0m] Started [0;1;39mDisk Manager[0m.
[[0;32m  OK  [0m] Finished [0;1;39mNetwork Manager Wait Online[0m.
[[0;32m  OK  [0m] Reached target [0;1;39mNetwork is Online[0m.
         Starting [0;1;39mTool to automatic‚Ä¶mit kernel crash signatures[0m...
[[0;32m  OK  [0m] Started [0;1;39mcrash report submission daemon[0m.
[[0;32m  OK  [0m] Started [0;1;39mTool to automatica‚Ä¶ubmit kernel crash signatures[0m.
[[0;32m  OK  [0m] Created slice [0;1;39mUser Slice of UID 125[0m.
         Starting [0;1;39mUser Runtime Directory /run/user/125[0m...
[[0;32m  OK  [0m] Finished [0;1;39mUser Runtime Directory /run/user/125[0m.
         Starting [0;1;39mUser Manager for UID 125[0m...
[[0;32m  OK  [0m] Started [0;1;39mUser Manager for UID 125[0m.
[[0;32m  OK  [0m] Started [0;1;39mSession c1 of user gdm[0m.
         Starting [0;1;39mRealtimeKit Scheduling Policy Service[0m...
[[0;32m  OK  [0m] Started [0;1;39mRealtimeKit Scheduling Policy Service[0m.

Ubuntu 20.04.3 LTS osboxes ttyS0

osboxes login: osboxes
osboxes
Password: osboxes.org

Welcome to Ubuntu 20.04.3 LTS (GNU/Linux 5.11.0-27-generic x86_64)

 * Documentation:  https://help.ubuntu.com
 * Management:     https://landscape.canonical.com
 * Support:        https://ubuntu.com/advantage

8 updates can be applied immediately.
5 of these updates are standard security updates.
To see these additional updates run: apt list --upgradable


The list of available updates is more than a week old.
To check for new updates run: sudo apt update
Your Hardware Enablement Stack (HWE) is supported until April 2025.
Last login: Tue Feb  1 11:16:05 EST 2022 on ttyS0
osboxes@osboxes:~$ 
osboxes@osboxes:~$ w
w
 11:20:03 up 0 min,  1 user,  load average: 3.56, 0.98, 0.34
USER     TTY      FROM             LOGIN@   IDLE   JCPU   PCPU WHAT
osboxes  ttyS0    -                11:19    0.00s  0.46s  0.03s w
osboxes@osboxes:~$ 
osboxes@osboxes:~$ lscpu
lscpu
Architecture:                    x86_64
CPU op-mode(s):                  32-bit, 64-bit
Byte Order:                      Little Endian
Address sizes:                   39 bits physical, 48 bits virtual
CPU(s):                          2
On-line CPU(s) list:             0,1
Thread(s) per core:              1
Core(s) per socket:              2
Socket(s):                       1
NUMA node(s):                    1
Vendor ID:                       GenuineIntel
CPU family:                      6
Model:                           78
Model name:                      Intel(R) Core(TM) i5-6200U CPU @ 2.30GHz
Stepping:                        3
CPU MHz:                         2400.002
BogoMIPS:                        4800.00
Hypervisor vendor:               KVM
Virtualization type:             full
L1d cache:                       64 KiB
L1i cache:                       64 KiB
L2 cache:                        512 KiB
L3 cache:                        6 MiB
NUMA node0 CPU(s):               0,1
Vulnerability Itlb multihit:     KVM: Mitigation: VMX unsupported
Vulnerability L1tf:              Mitigation; PTE Inversion
Vulnerability Mds:               Mitigation; Clear CPU buffers; SMT Host state u
                                 nknown
Vulnerability Meltdown:          Mitigation; PTI
Vulnerability Spec store bypass: Vulnerable
Vulnerability Spectre v1:        Mitigation; usercopy/swapgs barriers and __user
                                  pointer sanitization
Vulnerability Spectre v2:        Mitigation; Full generic retpoline, STIBP disab
                                 led, RSB filling
Vulnerability Srbds:             Unknown: Dependent on hypervisor status
Vulnerability Tsx async abort:   Not affected
Flags:                           fpu vme de pse tsc msr pae mce cx8 apic sep mtr
                                 r pge mca cmov pat pse36 clflush mmx fxsr sse s
                                 se2 ht syscall nx rdtscp lm constant_tsc rep_go
                                 od nopl xtopology nonstop_tsc cpuid tsc_known_f
                                 req pni pclmulqdq ssse3 cx16 pcid sse4_1 sse4_2
                                  x2apic movbe popcnt aes xsave avx rdrand hyper
                                 visor lahf_lm abm 3dnowprefetch invpcid_single 
                                 pti fsgsbase avx2 invpcid rdseed clflushopt md_
                                 clear flush_l1d
osboxes@osboxes:~$ 
osboxes@osboxes:~$ ip r
ip r
default via 10.1.1.1 dev enp0s3 proto dhcp metric 20100 
10.0.0.0/24 dev enp0s3 proto kernel scope link src 10.0.0.6 metric 100 
10.1.1.1 dev enp0s3 proto dhcp scope link metric 20100 
169.254.0.0/16 dev enp0s3 scope link metric 1000 
osboxes@osboxes:~$ 
osboxes@osboxes:~$ ping ƒÖ.ƒÖ   1.1.1.1
ping 1.1.1.1
PING 1.1.1.1 (1.1.1.1) 56(84) bytes of data.
[1;7H[A[B[A[B

pwd





telnet> 
Connection closed.
Script done.

! Po <Enter> ji bus i≈°jungta ir i≈°trinta:

- Naujos VM i≈°jungimas:

0%...10%...20%...30%...40%...50%...60%...70%...80%...90%...100%

- Trinu naujƒÖ VM:

VBoxManage.exe: error: Cannot unregister the machine 'VGTU-2022-DeKo-saukrs-LDVM0' while it is locked
VBoxManage.exe: error: Details: code VBOX_E_INVALID_OBJECT_STATE (0x80bb0007), component MachineWrap, interface IMachine, callee IUnknown
VBoxManage.exe: error: Context: "Unregister(CleanupMode_DetachAllReturnHardDisksOnly, ComSafeArrayAsOutParam(aMedia))" at line 154 of file VBoxManageMisc.cpp
rm: cannot remove '/home/saukrs/src/TETfm-20/Semestras-3/2-Debes≈≥-kompiuterija/kursinis-darbas/Saulius-Krasuckas/VMs/VGTU-2022-DeKo-saukrs-LDVM0/Logs/VBox.log': Device or resource busy
rm: cannot remove '/home/saukrs/src/TETfm-20/Semestras-3/2-Debes≈≥-kompiuterija/kursinis-darbas/Saulius-Krasuckas/VMs/VGTU-2022-DeKo-saukrs-LDVM0/Logs/VBoxHardening.log': Device or resource busy
removed '/home/saukrs/src/TETfm-20/Semestras-3/2-Debes≈≥-kompiuterija/kursinis-darbas/Saulius-Krasuckas/VMs/VGTU-2022-DeKo-saukrs-LDVM0/VGTU-2022-DeKo-saukrs-LDVM0.vbox'
removed '/home/saukrs/src/TETfm-20/Semestras-3/2-Debes≈≥-kompiuterija/kursinis-darbas/Saulius-Krasuckas/VMs/VGTU-2022-DeKo-saukrs-LDVM0/VGTU-2022-DeKo-saukrs-LDVM0.vbox-prev'

- Galutinƒós VM:

"VGTU-2022-DeKo-saukrs-LDVM0" {06cd3c93-c961-40cf-a522-1a2ca964565c}

- Trinu naujƒÖ NAT potinklƒØ:

VBoxManage.exe: error: Code E_INVALIDARG (0x80070057) - One or more arguments are invalid (extended info not available)
VBoxManage.exe: error: Context: "RemoveNATNetwork(net)" at line 475 of file VBoxManageNATNetwork.cpp
VBoxManage.exe: error: Failed to remove nat network
