build-host.sh: Startuojama infrastrukt≈´ra

- Host OS atvaizd≈æio parsiuntimas:

** Resuming transfer from byte position 2114987835
  % Total    % Received % Xferd  Average Speed   Time    Time     Time  Current
                                 Dload  Upload   Total   Spent    Left  Speed
  0     0    0     0    0     0      0      0 --:--:-- --:--:-- --:--:--     0  0     0    0     0    0     0      0      0 --:--:-- --:--:-- --:--:--     0100   647  100   647    0     0    641      0  0:00:01  0:00:01 --:--:--   641
  0     0    0     0    0     0      0      0 --:--:--  0:00:01 --:--:--     0100   373  100   373    0     0    190      0  0:00:01  0:00:01 --:--:--  1594
  0     0    0     0    0     0      0      0 --:--:--  0:00:03 --:--:--     0  0     0    0     0    0     0      0      0 --:--:--  0:00:04 --:--:--     0  0     0    0     0    0     0      0      0 --:--:--  0:00:05 --:--:--     0  0     0    0     0    0     0      0      0 --:--:--  0:00:06 --:--:--     0  0     0    0     0    0     0      0      0 --:--:--  0:00:07 --:--:--     0  0     0    0     0    0     0      0      0 --:--:--  0:00:08 --:--:--     0  0     0    0     0    0     0      0      0 --:--:--  0:00:09 --:--:--     0  0     0    0     0    0     0      0      0 --:--:--  0:00:10 --:--:--     0  0     0    0     0    0     0      0      0 --:--:--  0:00:11 --:--:--     0  0     0    0     0    0     0      0      0 --:--:--  0:00:12 --:--:--     0  0     0    0     0    0     0      0      0 --:--:--  0:00:13 --:--:--     0  0     0    0     0    0     0      0      0 --:--:--  0:00:14 --:--:--     0  0     0    0     0    0     0      0      0 --:--:--  0:00:15 --:--:--     0  0     0    0     0    0     0      0      0 --:--:--  0:00:16 --:--:--     0  0     0    0     0    0     0      0      0 --:--:--  0:00:17 --:--:--     0  0     0    0     0    0     0      0      0 --:--:--  0:00:18 --:--:--     0  0     0    0     0    0     0      0      0 --:--:--  0:00:19 --:--:--     0  0     0    0     0    0     0      0      0 --:--:--  0:00:20 --:--:--     0  0     0    0     0    0     0      0      0 --:--:--  0:00:21 --:--:--     0  0     0    0     0    0     0      0      0 --:--:--  0:00:22 --:--:--     0  0     0    0     0    0     0      0      0 --:--:--  0:00:23 --:--:--     0
curl: (28) Failed to connect to deac-riga.dl.sourceforge.net port 443 after 21115 ms: Connection timed out

- Host OS atvaizd≈æio i≈°spaudimas:

x 64bit/
x 64bit/Ubuntu 20.04.3 (64bit).vdi

real	0m0.065s
user	0m0.015s
sys	0m0.015s

- Host OS atvaizdis:

64bit/Ubuntu 20.04.3 (64bit).vdi

- Host OS atvaizd≈æio informacija:

UUID:           b6ebcaaa-7e70-466e-88c6-9fa5b22e3f6f
Parent UUID:    base
State:          created
Type:           normal (base)
Location:       C:\msys64\home\saukrs\src\TETfm-20\Semestras-3\2-Debesu-kompiuterija\kursinis-darbas\Saulius-Krasuckas\VMs\64bit\Ubuntu 20.04.3 (64bit).vdi
Storage format: VDI
Format variant: dynamic default
Capacity:       512000 MBytes
Size on disk:   7677 MBytes
Encryption:     disabled
Property:       AllocationBlockSize=1048576

- Host OS atvaizd≈æio ID:

b6ebcaaa-7e70-466e-88c6-9fa5b22e3f6f

- Pradinƒós VM:


- Nauja VM:

Virtual machine 'VGTU-2022-DeKo-saukrs-LDVM0' is created and registered.
UUID: 69a40f59-ad4f-431e-8835-3e32b0853bf1
Settings file: 'C:\msys64\home\saukrs\src\TETfm-20\Semestras-3\2-Debesu-kompiuterija\kursinis-darbas\Saulius-Krasuckas\VMs\VGTU-2022-DeKo-saukrs-LDVM0\VGTU-2022-DeKo-saukrs-LDVM0.vbox'

- Dabartinƒós VM:

"VGTU-2022-DeKo-saukrs-LDVM0" {69a40f59-ad4f-431e-8835-3e32b0853bf1}

- Naujos VM pirminƒó konfig≈´racija:

Memory size:                 128MB
Number of CPUs:              1

- Naujos VM resurs≈≥ plƒótimas:


- Naujos VM i≈°plƒósti resursai:

Memory size:                 1024MB
Number of CPUs:              2

- Naujai VM prijungiu disk≈≥ valdiklƒØ:


- Naujos VM diskinƒó konfig≈´racija:

Storage Controller Name (0):            SATA valdiklis
Storage Controller Type (0):            IntelAhci
Storage Controller Instance Number (0): 0
Storage Controller Max Port Count (0):  30
Storage Controller Port Count (0):      30
Storage Controller Bootable (0):        on

- Naujai VM prijungiu disko ataizdƒØ:


- Naujos VM disk≈≥ valdiklio konfig≈´racija:

SATA valdiklis (0, 0): C:\msys64\home\saukrs\src\TETfm-20\Semestras-3\2-Debesu-kompiuterija\kursinis-darbas\Saulius-Krasuckas\VMs\64bit\Ubuntu 20.04.3 (64bit).vdi (UUID: b6ebcaaa-7e70-466e-88c6-9fa5b22e3f6f)

- Naujos VM Serial konsolƒó:


! VM sukurta, metas pasitikrinti jos b≈´senƒÖ

- Naujos VM startas:

Waiting for VM "VGTU-2022-DeKo-saukrs-LDVM0" to power on...
VM "VGTU-2022-DeKo-saukrs-LDVM0" has been successfully started.

- NaujƒÖ VM pristabdau:


- Naujos VM konsolƒós logas:


VM lange Spauskite kombinacijƒÖ <Host-P>, tuomet <Esc>
Kartokite <Esc> paspaudimus be perstojo.
Kai pasirodys GRUB meniu, spauskite <e>
Eikite ≈æemyn iki eilutƒós:
        linux        /boot/vmlinuz-...

Spauskite <End> ir gale prira≈°ykite:

... console=ttyS0,115200n8

Taip pat i≈°trinkite tokius parametrus:

... quiet ...
... splash ...

VM paspauskite <Ctrl-X>

I≈°kart persijunkite ƒçia (atgal ƒØ CLI)
... ir spauskite <Enter>

Prisijungsite prie Serial konsolƒós:
Script started, output log file is '/home/saukrs/src/TETfm-20/Semestras-3/2-Debes≈≥-kompiuterija/kursinis-darbas/Saulius-Krasuckas/build-host-serial.script'.

Trying 127.0.0.1...
Connected to 127.0.0.1.
Escape character is '^]'.
[    0.000000] Linux version 5.11.0-27-generic (buildd@lcy01-amd64-019) (gcc (Ubuntu 9.3.0-17ubuntu1~20.04) 9.3.0, GNU ld (GNU Binutils for Ubuntu) 2.34) #29~20.04.1-Ubuntu SMP Wed Aug 11 15:58:17 UTC 2021 (Ubuntu 5.11.0-27.29~20.04.1-generic 5.11.22)
[    0.000000] Command line: BOOT_IMAGE=/boot/vmlinuz-5.11.0-27-generic root=UUID=9c299885-25d6-4c95-a738-828bdfa92feb ro console=ttyS0115200n8
[    0.000000] KERNEL supported cpus:
[    0.000000]   Intel GenuineIntel
[    0.000000]   AMD AuthenticAMD
[    0.000000]   Hygon HygonGenuine
[    0.000000]   Centaur CentaurHauls
[    0.000000]   zhaoxin   Shanghai  
[    0.000000] x86/fpu: Supporting XSAVE feature 0x001: 'x87 floating point registers'
[    0.000000] x86/fpu: Supporting XSAVE feature 0x002: 'SSE registers'
[    0.000000] x86/fpu: Supporting XSAVE feature 0x004: 'AVX registers'
[    0.000000] x86/fpu: xstate_offset[2]:  576, xstate_sizes[2]:  256
[    0.000000] x86/fpu: Enabled xstate features 0x7, context size is 832 bytes, using 'standard' format.
[    0.000000] BIOS-provided physical RAM map:
[    0.000000] BIOS-e820: [mem 0x0000000000000000-0x000000000009fbff] usable
[    0.000000] BIOS-e820: [mem 0x000000000009fc00-0x000000000009ffff] reserved
[    0.000000] BIOS-e820: [mem 0x00000000000f0000-0x00000000000fffff] reserved
[    0.000000] BIOS-e820: [mem 0x0000000000100000-0x000000003ffeffff] usable
[    0.000000] BIOS-e820: [mem 0x000000003fff0000-0x000000003fffffff] ACPI data
[    0.000000] BIOS-e820: [mem 0x00000000fec00000-0x00000000fec00fff] reserved
[    0.000000] BIOS-e820: [mem 0x00000000fee00000-0x00000000fee00fff] reserved
[    0.000000] BIOS-e820: [mem 0x00000000fffc0000-0x00000000ffffffff] reserved
[    0.000000] NX (Execute Disable) protection: active
[    0.000000] SMBIOS 2.5 present.
[    0.000000] DMI: innotek GmbH VirtualBox/VirtualBox, BIOS VirtualBox 12/01/2006
[    0.000000] Hypervisor detected: KVM
[    0.000000] kvm-clock: Using msrs 4b564d01 and 4b564d00
[    0.000000] kvm-clock: cpu 0, msr 12c01001, primary cpu clock
[    0.000000] kvm-clock: using sched offset of 39163277664 cycles
[    0.000003] clocksource: kvm-clock: mask: 0xffffffffffffffff max_cycles: 0x1cd42e4dffb, max_idle_ns: 881590591483 ns
[    0.000008] tsc: Detected 2400.002 MHz processor
[    0.002965] last_pfn = 0x3fff0 max_arch_pfn = 0x400000000
[    0.002991] Disabled
[    0.002993] x86/PAT: MTRRs disabled, skipping PAT initialization too.
[    0.002998] CPU MTRRs all blank - virtualized system.
[    0.003002] x86/PAT: Configuration [0-7]: WB  WT  UC- UC  WB  WT  UC- UC  
[    0.003113] found SMP MP-table at [mem 0x0009fff0-0x0009ffff]
[    0.149774] check: Scanning 1 areas for low memory corruption
[    0.150065] RAMDISK: [mem 0x31ac9000-0x34d5bfff]
[    0.150075] ACPI: Early table checksum verification disabled
[    0.150081] ACPI: RSDP 0x00000000000E0000 000024 (v02 VBOX  )
[    0.150090] ACPI: XSDT 0x000000003FFF0030 00003C (v01 VBOX   VBOXXSDT 00000001 ASL  00000061)
[    0.150101] ACPI: FACP 0x000000003FFF00F0 0000F4 (v04 VBOX   VBOXFACP 00000001 ASL  00000061)
[    0.150112] ACPI: DSDT 0x000000003FFF0470 002325 (v02 VBOX   VBOXBIOS 00000002 INTL 20100528)
[    0.150120] ACPI: FACS 0x000000003FFF0200 000040
[    0.150127] ACPI: FACS 0x000000003FFF0200 000040
[    0.150134] ACPI: APIC 0x000000003FFF0240 00005C (v02 VBOX   VBOXAPIC 00000001 ASL  00000061)
[    0.150142] ACPI: SSDT 0x000000003FFF02A0 0001CC (v01 VBOX   VBOXCPUT 00000002 INTL 20100528)
[    0.150148] ACPI: Reserving FACP table memory at [mem 0x3fff00f0-0x3fff01e3]
[    0.150151] ACPI: Reserving DSDT table memory at [mem 0x3fff0470-0x3fff2794]
[    0.150154] ACPI: Reserving FACS table memory at [mem 0x3fff0200-0x3fff023f]
[    0.150156] ACPI: Reserving FACS table memory at [mem 0x3fff0200-0x3fff023f]
[    0.150158] ACPI: Reserving APIC table memory at [mem 0x3fff0240-0x3fff029b]
[    0.150160] ACPI: Reserving SSDT table memory at [mem 0x3fff02a0-0x3fff046b]
[    0.150485] No NUMA configuration found
[    0.150488] Faking a node at [mem 0x0000000000000000-0x000000003ffeffff]
[    0.150499] NODE_DATA(0) allocated [mem 0x3ffc6000-0x3ffeffff]
[    0.150935] Zone ranges:
[    0.150938]   DMA      [mem 0x0000000000001000-0x0000000000ffffff]
[    0.150942]   DMA32    [mem 0x0000000001000000-0x000000003ffeffff]
[    0.150946]   Normal   empty
[    0.150949]   Device   empty
[    0.150951] Movable zone start for each node
[    0.150956] Early memory node ranges
[    0.150957]   node   0: [mem 0x0000000000001000-0x000000000009efff]
[    0.150960]   node   0: [mem 0x0000000000100000-0x000000003ffeffff]
[    0.150963] Initmem setup node 0 [mem 0x0000000000001000-0x000000003ffeffff]
[    0.151342]   DMA zone: 28770 pages in unavailable ranges
[    0.154687]   DMA32 zone: 16 pages in unavailable ranges
[    0.155230] ACPI: PM-Timer IO Port: 0x4008
[    0.155328] IOAPIC[0]: apic_id 2, version 32, address 0xfec00000, GSI 0-23
[    0.155334] ACPI: INT_SRC_OVR (bus 0 bus_irq 0 global_irq 2 dfl dfl)
[    0.155338] ACPI: INT_SRC_OVR (bus 0 bus_irq 9 global_irq 9 low level)
[    0.155348] Using ACPI (MADT) for SMP configuration information
[    0.155358] smpboot: Allowing 2 CPUs, 0 hotplug CPUs
[    0.155385] PM: hibernation: Registered nosave memory: [mem 0x00000000-0x00000fff]
[    0.155389] PM: hibernation: Registered nosave memory: [mem 0x0009f000-0x0009ffff]
[    0.155391] PM: hibernation: Registered nosave memory: [mem 0x000a0000-0x000effff]
[    0.155393] PM: hibernation: Registered nosave memory: [mem 0x000f0000-0x000fffff]
[    0.155397] [mem 0x40000000-0xfebfffff] available for PCI devices
[    0.155399] Booting paravirtualized kernel on KVM
[    0.155402] clocksource: refined-jiffies: mask: 0xffffffff max_cycles: 0xffffffff, max_idle_ns: 7645519600211568 ns
[    0.155411] setup_percpu: NR_CPUS:8192 nr_cpumask_bits:2 nr_cpu_ids:2 nr_node_ids:1
[    0.155626] percpu: Embedded 56 pages/cpu s192512 r8192 d28672 u1048576
[    0.155672] kvm-guest: PV spinlocks enabled
[    0.155675] PV qspinlock hash table entries: 256 (order: 0, 4096 bytes, linear)
[    0.155700] Built 1 zonelists, mobility grouping on.  Total pages: 257913
[    0.155704] Policy zone: DMA32
[    0.155706] Kernel command line: BOOT_IMAGE=/boot/vmlinuz-5.11.0-27-generic root=UUID=9c299885-25d6-4c95-a738-828bdfa92feb ro console=ttyS0115200n8
[    0.155813] Dentry cache hash table entries: 131072 (order: 8, 1048576 bytes, linear)
[    0.155840] Inode-cache hash table entries: 65536 (order: 7, 524288 bytes, linear)
[    0.155918] mem auto-init: stack:off, heap alloc:on, heap free:off
[    0.159280] Memory: 942528K/1048120K available (14345K kernel code, 3477K rwdata, 5456K rodata, 2684K init, 5980K bss, 105332K reserved, 0K cma-reserved)
[    0.159290] random: get_random_u64 called from __kmem_cache_create+0x2d/0x430 with crng_init=0
[    0.159461] SLUB: HWalign=64, Order=0-3, MinObjects=0, CPUs=2, Nodes=1
[    0.159487] Kernel/User page tables isolation: enabled
[    0.159509] ftrace: allocating 48644 entries in 191 pages
[    0.193352] ftrace: allocated 191 pages with 7 groups
[    0.193478] rcu: Hierarchical RCU implementation.
[    0.193481] rcu: 	RCU restricting CPUs from NR_CPUS=8192 to nr_cpu_ids=2.
[    0.193483] 	Rude variant of Tasks RCU enabled.
[    0.193485] 	Tracing variant of Tasks RCU enabled.
[    0.193486] rcu: RCU calculated value of scheduler-enlistment delay is 25 jiffies.
[    0.193488] rcu: Adjusting geometry for rcu_fanout_leaf=16, nr_cpu_ids=2
[    0.200370] NR_IRQS: 524544, nr_irqs: 440, preallocated irqs: 16
[    0.201108] random: crng done (trusting CPU's manufacturer)
[    0.217883] Console: colour VGA+ 80x25
[    0.662535] printk: console [ttyS0] enabled
[    0.667900] ACPI: Core revision 20201113
[    0.677366] APIC: Switch to symmetric I/O mode setup
[    0.680658] x2apic enabled
[    0.682701] Switched APIC routing to physical x2apic.
[    0.690243] ..TIMER: vector=0x30 apic1=0 pin1=2 apic2=-1 pin2=-1
[    0.694689] clocksource: tsc-early: mask: 0xffffffffffffffff max_cycles: 0x22983938a92, max_idle_ns: 440795216168 ns
[    0.699991] Calibrating delay loop (skipped) preset value.. 4800.00 BogoMIPS (lpj=9600008)
[    0.703998] pid_max: default: 32768 minimum: 301
[    0.708071] LSM: Security Framework initializing
[    0.710422] Yama: becoming mindful.
[    0.712059] AppArmor: AppArmor initialized
[    0.714307] Mount-cache hash table entries: 2048 (order: 2, 16384 bytes, linear)
[    0.716023] Mountpoint-cache hash table entries: 2048 (order: 2, 16384 bytes, linear)
[    0.720723] Last level iTLB entries: 4KB 64, 2MB 8, 4MB 8
[    0.723994] Last level dTLB entries: 4KB 64, 2MB 0, 4MB 0, 1GB 4
[    0.727995] Spectre V1 : Mitigation: usercopy/swapgs barriers and __user pointer sanitization
[    0.731994] Spectre V2 : Mitigation: Full generic retpoline
[    0.736000] Spectre V2 : Spectre v2 / SpectreRSB mitigation: Filling RSB on context switch
[    0.739993] Speculative Store Bypass: Vulnerable
[    0.742232] SRBDS: Unknown: Dependent on hypervisor status
[    0.743991] MDS: Mitigation: Clear CPU buffers
[    0.746847] Freeing SMP alternatives memory: 40K
[    0.861256] smpboot: CPU0: Intel(R) Core(TM) i5-6200U CPU @ 2.30GHz (family: 0x6, model: 0x4e, stepping: 0x3)
[    0.864317] Performance Events: unsupported p6 CPU model 78 no PMU driver, software events only.
[    0.868097] rcu: Hierarchical SRCU implementation.
[    0.871298] NMI watchdog: Perf NMI watchdog permanently disabled
[    0.872124] smp: Bringing up secondary CPUs ...
[    0.876266] x86: Booting SMP configuration:
[    0.880000] .... node  #0, CPUs:      #1
[    0.487031] kvm-clock: cpu 1, msr 12c01041, secondary cpu clock
[    0.884041] smp: Brought up 1 node, 2 CPUs
[    0.887999] smpboot: Max logical packages: 1
[    0.891992] smpboot: Total of 2 processors activated (9600.00 BogoMIPS)
[    0.896258] devtmpfs: initialized
[    0.900104] x86/mm: Memory block size: 128MB
[    0.902998] clocksource: jiffies: mask: 0xffffffff max_cycles: 0xffffffff, max_idle_ns: 7645041785100000 ns
[    0.904022] futex hash table entries: 512 (order: 3, 32768 bytes, linear)
[    0.908113] pinctrl core: initialized pinctrl subsystem
[    0.912278] PM: RTC time: 10:49:41, date: 2022-02-01
[    0.916360] NET: Registered protocol family 16
[    0.920172] DMA: preallocated 128 KiB GFP_KERNEL pool for atomic allocations
[    0.924017] DMA: preallocated 128 KiB GFP_KERNEL|GFP_DMA pool for atomic allocations
[    0.928023] DMA: preallocated 128 KiB GFP_KERNEL|GFP_DMA32 pool for atomic allocations
[    0.932018] audit: initializing netlink subsys (disabled)
[    0.936078] audit: type=2000 audit(1643705434.005:1): state=initialized audit_enabled=0 res=1
[    0.936335] thermal_sys: Registered thermal governor 'fair_share'
[    0.939992] thermal_sys: Registered thermal governor 'bang_bang'
[    0.943995] thermal_sys: Registered thermal governor 'step_wise'
[    0.947993] thermal_sys: Registered thermal governor 'user_space'
[    0.951994] thermal_sys: Registered thermal governor 'power_allocator'
[    0.956036] EISA bus registered
[    0.961671] cpuidle: using governor ladder
[    0.963565] cpuidle: using governor menu
[    0.964100] ACPI: bus type PCI registered
[    0.966035] acpiphp: ACPI Hot Plug PCI Controller Driver version: 0.5
[    0.968261] PCI: Using configuration type 1 for base access
[    0.975122] Kprobes globally optimized
[    0.976177] HugeTLB registered 2.00 MiB page size, pre-allocated 0 pages
[    0.988347] ACPI: Added _OSI(Module Device)
[    0.991994] ACPI: Added _OSI(Processor Device)
[    0.994070] ACPI: Added _OSI(3.0 _SCP Extensions)
[    0.995993] ACPI: Added _OSI(Processor Aggregator Device)
[    0.999995] ACPI: Added _OSI(Linux-Dell-Video)
[    1.002213] ACPI: Added _OSI(Linux-Lenovo-NV-HDMI-Audio)
[    1.004006] ACPI: Added _OSI(Linux-HPI-Hybrid-Graphics)
[    1.014880] ACPI: 2 ACPI AML tables successfully acquired and loaded
[    1.022917] ACPI: Interpreter enabled
[    1.024097] ACPI: (supports S0 S5)
[    1.027996] ACPI: Using IOAPIC for interrupt routing
[    1.036146] PCI: Using host bridge windows from ACPI; if necessary, use "pci=nocrs" and report a bug
[    1.040357] ACPI: Enabled 2 GPEs in block 00 to 07
[    1.059098] ACPI: PCI Root Bridge [PCI0] (domain 0000 [bus 00-ff])
[    1.060008] acpi PNP0A03:00: _OSC: OS supports [ASPM ClockPM Segments MSI HPX-Type3]
[    1.065503] acpi PNP0A03:00: _OSC: not requesting OS control; OS requires [ExtendedConfig ASPM ClockPM MSI]
[    1.071992] acpi PNP0A03:00: fail to add MMCONFIG information, can't access extended PCI configuration space under this bridge.
[    1.077436] PCI host bridge to bus 0000:00
[    1.080029] pci_bus 0000:00: root bus resource [bus 00-ff]
[    1.084002] pci_bus 0000:00: root bus resource [io  0x0000-0x0cf7 window]
[    1.087102] pci_bus 0000:00: root bus resource [io  0x0d00-0xffff window]
[    1.087997] pci_bus 0000:00: root bus resource [mem 0x000a0000-0x000bffff window]
[    1.092011] pci_bus 0000:00: root bus resource [mem 0x40000000-0xfdffffff window]
[    1.095717] pci 0000:00:00.0: [8086:1237] type 00 class 0x060000
[    1.101491] pci 0000:00:01.0: [8086:7000] type 00 class 0x060100
[    1.106693] pci 0000:00:02.0: [80ee:beef] type 00 class 0x030000
[    1.109636] pci 0000:00:02.0: reg 0x10: [mem 0xe0000000-0xe07fffff pref]
[    1.125980] pci 0000:00:03.0: [8086:100e] type 00 class 0x020000
[    1.129622] pci 0000:00:03.0: reg 0x10: [mem 0xf0000000-0xf001ffff]
[    1.134507] pci 0000:00:03.0: reg 0x18: [io  0xd000-0xd007]
[    1.146055] pci 0000:00:04.0: [80ee:cafe] type 00 class 0x088000
[    1.149469] pci 0000:00:04.0: reg 0x10: [io  0xd020-0xd03f]
[    1.156202] pci 0000:00:04.0: reg 0x14: [mem 0xf0400000-0xf07fffff]
[    1.161628] pci 0000:00:04.0: reg 0x18: [mem 0xf0800000-0xf0803fff pref]
[    1.173924] pci 0000:00:05.0: [8086:2415] type 00 class 0x040100
[    1.176451] pci 0000:00:05.0: reg 0x10: [io  0xd100-0xd1ff]
[    1.180152] pci 0000:00:05.0: reg 0x14: [io  0xd200-0xd23f]
[    1.189320] pci 0000:00:07.0: [8086:7113] type 00 class 0x068000
[    1.193297] pci 0000:00:07.0: quirk: [io  0x4000-0x403f] claimed by PIIX4 ACPI
[    1.196023] pci 0000:00:07.0: quirk: [io  0x4100-0x410f] claimed by PIIX4 SMB
[    1.206645] pci 0000:00:0d.0: [8086:2829] type 00 class 0x010601
[    1.212185] pci 0000:00:0d.0: reg 0x10: [io  0xd240-0xd247]
[    1.216195] pci 0000:00:0d.0: reg 0x14: [io  0xd248-0xd24b]
[    1.221260] pci 0000:00:0d.0: reg 0x18: [io  0xd250-0xd257]
[    1.225864] pci 0000:00:0d.0: reg 0x1c: [io  0xd258-0xd25b]
[    1.229664] pci 0000:00:0d.0: reg 0x20: [io  0xd260-0xd26f]
[    1.233211] pci 0000:00:0d.0: reg 0x24: [mem 0xf0804000-0xf0805fff]
[    1.260458] ACPI: PCI Interrupt Link [LNKA] (IRQs 5 9 10 *11)
[    1.264931] ACPI: PCI Interrupt Link [LNKB] (IRQs 5 9 *10 11)
[    1.268335] ACPI: PCI Interrupt Link [LNKC] (IRQs 5 *9 10 11)
[    1.271708] ACPI: PCI Interrupt Link [LNKD] (IRQs 5 9 10 *11)
[    1.272799] iommu: Default domain type: Translated 
[    1.280486] SCSI subsystem initialized
[    1.282444] pci 0000:00:02.0: vgaarb: setting as boot VGA device
[    1.282748] pci 0000:00:02.0: vgaarb: VGA device added: decodes=io+mem,owns=io+mem,locks=none
[    1.284002] pci 0000:00:02.0: vgaarb: bridge control possible
[    1.287993] vgaarb: loaded
[    1.290278] ACPI: bus type USB registered
[    1.292049] usbcore: registered new interface driver usbfs
[    1.296020] usbcore: registered new interface driver hub
[    1.300022] usbcore: registered new device driver usb
[    1.304362] pps_core: LinuxPPS API ver. 1 registered
[    1.307993] pps_core: Software ver. 5.3.6 - Copyright 2005-2007 Rodolfo Giometti <giometti@linux.it>
[    1.312014] PTP clock support registered
[    1.313927] EDAC MC: Ver: 3.0.0
[    1.316465] NetLabel: Initializing
[    1.318693] NetLabel:  domain hash size = 128
[    1.319996] NetLabel:  protocols = UNLABELED CIPSOv4 CALIPSO
[    1.324040] NetLabel:  unlabeled traffic allowed by default
[    1.328052] PCI: Using ACPI for IRQ routing
[    1.334011] clocksource: Switched to clocksource kvm-clock
[    1.382066] VFS: Disk quotas dquot_6.6.0
[    1.384937] VFS: Dquot-cache hash table entries: 512 (order 0, 4096 bytes)
[    1.389342] AppArmor: AppArmor Filesystem Enabled
[    1.392005] pnp: PnP ACPI init
[    1.396234] pnp: PnP ACPI: found 3 devices
[    1.414994] clocksource: acpi_pm: mask: 0xffffff max_cycles: 0xffffff, max_idle_ns: 2085701024 ns
[    1.420913] NET: Registered protocol family 2
[    1.423631] IP idents hash table entries: 16384 (order: 5, 131072 bytes, linear)
[    1.428582] tcp_listen_portaddr_hash hash table entries: 512 (order: 1, 8192 bytes, linear)
[    1.434605] TCP established hash table entries: 8192 (order: 4, 65536 bytes, linear)
[    1.438845] TCP bind hash table entries: 8192 (order: 5, 131072 bytes, linear)
[    1.455457] TCP: Hash tables configured (established 8192 bind 8192)
[    1.458436] MPTCP token hash table entries: 1024 (order: 2, 24576 bytes, linear)
[    1.462180] UDP hash table entries: 512 (order: 2, 16384 bytes, linear)
[    1.467446] UDP-Lite hash table entries: 512 (order: 2, 16384 bytes, linear)
[    1.472378] NET: Registered protocol family 1
[    1.474793] NET: Registered protocol family 44
[    1.477086] pci_bus 0000:00: resource 4 [io  0x0000-0x0cf7 window]
[    1.480231] pci_bus 0000:00: resource 5 [io  0x0d00-0xffff window]
[    1.485589] pci_bus 0000:00: resource 6 [mem 0x000a0000-0x000bffff window]
[    1.490139] pci_bus 0000:00: resource 7 [mem 0x40000000-0xfdffffff window]
[    1.494045] pci 0000:00:00.0: Limiting direct PCI/PCI transfers
[    1.496875] pci 0000:00:01.0: Activating ISA DMA hang workarounds
[    1.502091] pci 0000:00:02.0: Video device with shadowed ROM at [mem 0x000c0000-0x000dffff]
[    1.506718] PCI: CLS 0 bytes, default 64
[    1.508800] Trying to unpack rootfs image as initramfs...
[    1.958875] Freeing initrd memory: 51788K
[    1.961227] clocksource: tsc: mask: 0xffffffffffffffff max_cycles: 0x22983938a92, max_idle_ns: 440795216168 ns
[    1.966630] clocksource: Switched to clocksource tsc
[    1.968974] platform rtc_cmos: registered platform RTC device (no PNP device found)
[    1.973254] check: Scanning for low memory corruption every 60 seconds
[    1.977674] Initialise system trusted keyrings
[    1.979857] Key type blacklist registered
[    1.982627] workingset: timestamp_bits=36 max_order=18 bucket_order=0
[    1.987637] zbud: loaded
[    1.989676] squashfs: version 4.0 (2009/01/31) Phillip Lougher
[    1.993512] fuse: init (API version 7.33)
[    1.995971] integrity: Platform Keyring initialized
[    2.008376] Key type asymmetric registered
[    2.010829] Asymmetric key parser 'x509' registered
[    2.013464] Block layer SCSI generic (bsg) driver version 0.4 loaded (major 243)
[    2.019244] io scheduler mq-deadline registered
[    2.021890] shpchp: Standard Hot Plug PCI Controller Driver version: 0.4
[    2.025345] ACPI: AC Adapter [AC] (on-line)
[    2.027447] input: Power Button as /devices/LNXSYSTM:00/LNXPWRBN:00/input/input0
[    2.031332] ACPI: Power Button [PWRF]
[    2.040477] input: Sleep Button as /devices/LNXSYSTM:00/LNXSLPBN:00/input/input1
[    2.044521] ACPI: Sleep Button [SLPF]
[    2.047800] Serial: 8250/16550 driver, 32 ports, IRQ sharing enabled
[    2.050453] battery: ACPI: Battery Slot [BAT0] (battery present)
[    2.075997] 00:02: ttyS0 at I/O 0x3f8 (irq = 4, base_baud = 115200) is a 16550A
[    2.084452] Linux agpgart interface v0.103
[    2.092317] loop: module loaded
[    2.094318] libphy: Fixed MDIO Bus: probed
[    2.096893] tun: Universal TUN/TAP device driver, 1.6
[    2.100952] PPP generic driver version 2.4.2
[    2.104444] VFIO - User Level meta-driver version: 0.3
[    2.107401] ehci_hcd: USB 2.0 'Enhanced' Host Controller (EHCI) Driver
[    2.110351] ehci-pci: EHCI PCI platform driver
[    2.112722] ehci-platform: EHCI generic platform driver
[    2.115444] ohci_hcd: USB 1.1 'Open' Host Controller (OHCI) Driver
[    2.119823] ohci-pci: OHCI PCI platform driver
[    2.122303] ohci-platform: OHCI generic platform driver
[    2.125184] uhci_hcd: USB Universal Host Controller Interface driver
[    2.128559] i8042: PNP: PS/2 Controller [PNP0303:PS2K,PNP0f03:PS2M] at 0x60,0x64 irq 1,12
[    2.135508] serio: i8042 KBD port at 0x60,0x64 irq 1
[    2.148797] serio: i8042 AUX port at 0x60,0x64 irq 12
[    2.154688] mousedev: PS/2 mouse device common for all mice
[    2.158268] input: AT Translated Set 2 keyboard as /devices/platform/i8042/serio0/input/input2
[    2.163081] rtc_cmos rtc_cmos: registered as rtc0
[    2.167494] rtc_cmos rtc_cmos: setting system clock to 2022-02-01T10:49:42 UTC (1643712582)
[    2.173245] rtc_cmos rtc_cmos: alarms up to one day, 114 bytes nvram
[    2.176124] i2c /dev entries driver
[    2.178162] device-mapper: uevent: version 1.0.3
[    2.180860] device-mapper: ioctl: 4.43.0-ioctl (2020-10-01) initialised: dm-devel@redhat.com
[    2.188200] platform eisa.0: Probing EISA bus 0
[    2.190833] platform eisa.0: EISA: Cannot allocate resource for mainboard
[    2.194611] platform eisa.0: Cannot allocate resource for EISA slot 1
[    2.198216] platform eisa.0: Cannot allocate resource for EISA slot 2
[    2.202005] platform eisa.0: Cannot allocate resource for EISA slot 3
[    2.205052] platform eisa.0: Cannot allocate resource for EISA slot 4
[    2.208328] platform eisa.0: Cannot allocate resource for EISA slot 5
[    2.211554] platform eisa.0: Cannot allocate resource for EISA slot 6
[    2.215133] platform eisa.0: Cannot allocate resource for EISA slot 7
[    2.219725] platform eisa.0: Cannot allocate resource for EISA slot 8
[    2.222909] platform eisa.0: EISA: Detected 0 cards
[    2.225360] intel_pstate: CPU model not supported
[    2.227782] ledtrig-cpu: registered to indicate activity on CPUs
[    2.231872] intel_pmc_core intel_pmc_core.0:  initialized
[    2.236204] drop_monitor: Initializing network drop monitor service
[    2.239386] NET: Registered protocol family 10
[    2.264705] Segment Routing with IPv6
[    2.267665] NET: Registered protocol family 17
[    2.270471] Key type dns_resolver registered
[    2.273068] IPI shorthand broadcast: enabled
[    2.275077] sched_clock: Marking stable (1789949228, 483031412)->(2376145869, -103165229)
[    2.279299] registered taskstats version 1
[    2.283279] Loading compiled-in X.509 certificates
[    2.290192] Loaded X.509 cert 'Build time autogenerated kernel key: 69c2f4d1719c6e601fe8039a6c5d3206d1a8df75'
[    2.296538] Loaded X.509 cert 'Canonical Ltd. Live Patch Signing: 14df34d1a87cf37625abec039ef2bf521249b969'
[    2.304147] Loaded X.509 cert 'Canonical Ltd. Kernel Module Signing: 88f752e560a1e0737e31163a466ad7b70a850c19'
[    2.308901] zswap: loaded using pool lzo/zbud
[    2.311338] Key type ._fscrypt registered
[    2.314351] Key type .fscrypt registered
[    2.316841] Key type fscrypt-provisioning registered
[    2.326144] Key type encrypted registered
[    2.328607] AppArmor: AppArmor sha1 policy hashing enabled
[    2.332454] ima: No TPM chip found, activating TPM-bypass!
[    2.336988] ima: Allocated hash algorithm: sha1
[    2.339552] ima: No architecture policies found
[    2.342194] evm: Initialising EVM extended attributes:
[    2.350709] evm: security.selinux
[    2.354371] evm: security.SMACK64
[    2.359269] evm: security.SMACK64EXEC
[    2.367784] evm: security.SMACK64TRANSMUTE
[    2.370603] evm: security.SMACK64MMAP
[    2.372673] evm: security.apparmor
[    2.374243] evm: security.ima
[    2.375541] evm: security.capability
[    2.382116] evm: HMAC attrs: 0x1
[    2.390095] PM:   Magic number: 10:894:829
[    2.394993] RAS: Correctable Errors collector initialized.
[    2.406318] Freeing unused decrypted memory: 2036K
[    2.409826] Freeing unused kernel image (initmem) memory: 2684K
[    2.420150] Write protecting the kernel read-only data: 22528k
[    2.423836] Freeing unused kernel image (text/rodata gap) memory: 2036K
[    2.436741] Freeing unused kernel image (rodata/data gap) memory: 688K
[    2.536591] x86/mm: Checked W+X mappings: passed, no W+X pages found.
[    2.545882] x86/mm: Checking user space page tables
[    2.641198] x86/mm: Checked W+X mappings: passed, no W+X pages found.
[    2.645045] Run /init as init process
Loading, please wait...
Starting version 245.4-4ubuntu3.11
[    2.822436] piix4_smbus 0000:00:07.0: SMBus Host Controller at 0x4100, revision 0
[    2.862216] e1000: Intel(R) PRO/1000 Network Driver
[    2.865897] e1000: Copyright (c) 1999-2006 Intel Corporation.
[    2.871041] ACPI: Video Device [GFX0] (multi-head: yes  rom: no  post: no)
[    2.875781] ahci 0000:00:0d.0: SSS flag set, parallel bus scan disabled
[    2.882062] ahci 0000:00:0d.0: AHCI 0001.0100 32 slots 30 ports 3 Gbps 0x3fffffff impl SATA mode
[    2.888079] ahci 0000:00:0d.0: flags: 64bit ncq stag only ccc 
[    2.902854] input: Video Bus as /devices/LNXSYSTM:00/LNXSYBUS:00/PNP0A03:00/LNXVIDEO:00/input/input4
[    3.015208] scsi host0: ahci
[    3.026333] scsi host1: ahci
[    3.028389] scsi host2: ahci
[    3.032289] scsi host3: ahci
[    3.041549] scsi host4: ahci
[    3.044363] scsi host5: ahci
[    3.047727] scsi host6: ahci
[    3.061133] scsi host7: ahci
[    3.071129] scsi host8: ahci
[    3.089130] scsi host9: ahci
[    3.097421] scsi host10: ahci
[    3.101341] scsi host11: ahci
[    3.109660] scsi host12: ahci
[    3.115427] input: ImExPS/2 Generic Explorer Mouse as /devices/platform/i8042/serio1/input/input5
[    3.123337] scsi host13: ahci
[    3.165755] scsi host14: ahci
[    3.180731] scsi host15: ahci
[    3.206242] scsi host16: ahci
[    3.215776] scsi host17: ahci
[    3.242032] scsi host18: ahci
[    3.257408] scsi host19: ahci
[    3.266527] scsi host20: ahci
[    3.277209] scsi host21: ahci
[    3.287172] scsi host22: ahci
[    3.297208] scsi host23: ahci
[    3.305071] scsi host24: ahci
[    3.311067] scsi host25: ahci
[    3.316322] scsi host26: ahci
[    3.320932] scsi host27: ahci
[    3.324839] scsi host28: ahci
[    3.328835] scsi host29: ahci
[    3.334143] ata1: SATA max UDMA/133 abar m8192@0xf0804000 port 0xf0804100 irq 21
[    3.337655] ata2: SATA max UDMA/133 abar m8192@0xf0804000 port 0xf0804180 irq 21
[    3.341198] ata3: SATA max UDMA/133 abar m8192@0xf0804000 port 0xf0804200 irq 21
[    3.344634] ata4: SATA max UDMA/133 abar m8192@0xf0804000 port 0xf0804280 irq 21
[    3.353065] ata5: SATA max UDMA/133 abar m8192@0xf0804000 port 0xf0804300 irq 21
[    3.368318] ata6: SATA max UDMA/133 abar m8192@0xf0804000 port 0xf0804380 irq 21
[    3.372263] ata7: SATA max UDMA/133 abar m8192@0xf0804000 port 0xf0804400 irq 21
[    3.375680] ata8: SATA max UDMA/133 abar m8192@0xf0804000 port 0xf0804480 irq 21
[    3.381445] ata9: SATA max UDMA/133 abar m8192@0xf0804000 port 0xf0804500 irq 21
[    3.389696] ata10: SATA max UDMA/133 abar m8192@0xf0804000 port 0xf0804580 irq 21
[    3.393579] ata11: SATA max UDMA/133 abar m8192@0xf0804000 port 0xf0804600 irq 21
[    3.398366] ata12: SATA max UDMA/133 abar m8192@0xf0804000 port 0xf0804680 irq 21
[    3.403471] ata13: SATA max UDMA/133 abar m8192@0xf0804000 port 0xf0804700 irq 21
[    3.406923] ata14: SATA max UDMA/133 abar m8192@0xf0804000 port 0xf0804780 irq 21
[    3.410505] ata15: SATA max UDMA/133 abar m8192@0xf0804000 port 0xf0804800 irq 21
[    3.416026] ata16: SATA max UDMA/133 abar m8192@0xf0804000 port 0xf0804880 irq 21
[    3.420685] ata17: SATA max UDMA/133 abar m8192@0xf0804000 port 0xf0804900 irq 21
[    3.425334] ata18: SATA max UDMA/133 abar m8192@0xf0804000 port 0xf0804980 irq 21
[    3.428721] ata19: SATA max UDMA/133 abar m8192@0xf0804000 port 0xf0804a00 irq 21
[    3.435396] ata20: SATA max UDMA/133 abar m8192@0xf0804000 port 0xf0804a80 irq 21
[    3.438917] ata21: SATA max UDMA/133 abar m8192@0xf0804000 port 0xf0804b00 irq 21
[    3.443173] ata22: SATA max UDMA/133 abar m8192@0xf0804000 port 0xf0804b80 irq 21
[    3.449323] ata23: SATA max UDMA/133 abar m8192@0xf0804000 port 0xf0804c00 irq 21
[    3.456101] ata24: SATA max UDMA/133 abar m8192@0xf0804000 port 0xf0804c80 irq 21
[    3.459429] ata25: SATA max UDMA/133 abar m8192@0xf0804000 port 0xf0804d00 irq 21
[    3.463228] ata26: SATA max UDMA/133 abar m8192@0xf0804000 port 0xf0804d80 irq 21
[    3.470230] ata27: SATA max UDMA/133 abar m8192@0xf0804000 port 0xf0804e00 irq 21
[    3.486086] ata28: SATA max UDMA/133 abar m8192@0xf0804000 port 0xf0804e80 irq 21
[    3.492752] ata29: SATA max UDMA/133 abar m8192@0xf0804000 port 0xf0804f00 irq 21
[    3.497695] ata30: SATA max UDMA/133 abar m8192@0xf0804000 port 0xf0804f80 irq 21
[    3.719873] e1000 0000:00:03.0 eth0: (PCI:33MHz:32-bit) 08:00:27:ab:29:95
[    3.725944] e1000 0000:00:03.0 eth0: Intel(R) PRO/1000 Network Connection
[    3.733590] e1000 0000:00:03.0 enp0s3: renamed from eth0
[    4.016839] ata1: SATA link up 3.0 Gbps (SStatus 123 SControl 300)
[    4.027541] ata1.00: ATA-6: VBOX HARDDISK, 1.0, max UDMA/133
[    4.036196] ata1.00: 1048576000 sectors, multi 128: LBA48 NCQ (depth 32)
[    4.044558] ata1.00: configured for UDMA/133
[    4.049315] scsi 0:0:0:0: Direct-Access     ATA      VBOX HARDDISK    1.0  PQ: 0 ANSI: 5
[    4.056513] sd 0:0:0:0: [sda] 1048576000 512-byte logical blocks: (537 GB/500 GiB)
[    4.057566] sd 0:0:0:0: Attached scsi generic sg0 type 0
[    4.061419] sd 0:0:0:0: [sda] Write Protect is off
[    4.067345] sd 0:0:0:0: [sda] Write cache: enabled, read cache: enabled, doesn't support DPO or FUA
[    4.165382]  sda: sda1 sda2 sda3
[    4.169272] sd 0:0:0:0: [sda] Attached SCSI disk
[    4.858418] ata2: SATA link down (SStatus 0 SControl 300)
[    5.724123] ata3: SATA link down (SStatus 0 SControl 300)
[    6.161398] ata4: SATA link down (SStatus 0 SControl 300)
[    7.004328] ata5: SATA link down (SStatus 0 SControl 300)
[    8.014879] ata6: SATA link down (SStatus 0 SControl 300)
[    8.715353] ata7: SATA link down (SStatus 0 SControl 300)
[    9.045214] ata8: SATA link down (SStatus 0 SControl 300)
[   10.013626] ata9: SATA link down (SStatus 0 SControl 300)
[   11.018277] ata10: SATA link down (SStatus 0 SControl 300)
[   11.334323] ata11: SATA link down (SStatus 0 SControl 300)
[   11.923028] ata12: SATA link down (SStatus 0 SControl 300)
[   12.611286] ata13: SATA link down (SStatus 0 SControl 300)
[   13.024628] ata14: SATA link down (SStatus 0 SControl 300)
[   13.686565] ata15: SATA link down (SStatus 0 SControl 300)
[   14.022101] ata16: SATA link down (SStatus 0 SControl 300)
[   14.725007] ata17: SATA link down (SStatus 0 SControl 300)
[   15.724011] ata18: SATA link down (SStatus 0 SControl 300)
[   16.165784] ata19: SATA link down (SStatus 0 SControl 300)
[   16.491150] ata20: SATA link down (SStatus 0 SControl 300)
[   16.822075] ata21: SATA link down (SStatus 0 SControl 300)
[   17.627377] ata22: SATA link down (SStatus 0 SControl 300)
[   18.016209] ata23: SATA link down (SStatus 0 SControl 300)
[   18.833774] ata24: SATA link down (SStatus 0 SControl 300)
[   19.166761] ata25: SATA link down (SStatus 0 SControl 300)
[   20.035340] ata26: SATA link down (SStatus 0 SControl 300)
[   20.874036] ata27: SATA link down (SStatus 0 SControl 300)
[   21.725068] ata28: SATA link down (SStatus 0 SControl 300)
[   23.018957] ata29: SATA link down (SStatus 0 SControl 300)
[   23.724707] ata30: SATA link down (SStatus 0 SControl 300)
Begin: Loading essential drivers ... done.
Begin: Running /scripts/init-premount ... done.
Begin: Mounting root file system ... Begin: Running /scripts/local-top ... done.
Begin: Running /scripts/local-premount ... done.
Begin: Will now check root file system ... fsck from util-linux 2.34
[/usr/sbin/fsck.ext4 (1) -- /dev/sda1] fsck.ext4 -a -C0 /dev/sda1 
/dev/sda1: clean, 162645/14458880 files, 2652585/57829632 blocks
done.
[   23.922053] EXT4-fs (sda1): mounted filesystem with ordered data mode. Opts: (null). Quota mode: none.
done.
Begin: Running /scripts/local-bottom ... done.
Begin: Running /scripts/init-bottom ... done.
[   24.203516] systemd[1]: Inserted module 'autofs4'
[   24.245829] systemd[1]: systemd 245.4-4ubuntu3.11 running in system mode. (+PAM +AUDIT +SELINUX +IMA +APPARMOR +SMACK +SYSVINIT +UTMP +LIBCRYPTSETUP +GCRYPT +GNUTLS +ACL +XZ +LZ4 +SECCOMP +BLKID +ELFUTILS +KMOD +IDN2 -IDN +PCRE2 default-hierarchy=hybrid)
[   24.257226] systemd[1]: Detected virtualization oracle.
[   24.260946] systemd[1]: Detected architecture x86-64.

Welcome to [1mUbuntu 20.04.3 LTS[0m!

[   24.284973] systemd[1]: Set hostname to <osboxes>.
[   24.602219] systemd[1]: Created slice system-modprobe.slice.
[[0;32m  OK  [0m] Created slice [0;1;39msystem-modprobe.slice[0m.
[   24.617149] systemd[1]: Created slice system-serial\x2dgetty.slice.
[[0;32m  OK  [0m] Created slice [0;1;39msystem-serial\x2dgetty.slice[0m.
[   24.635663] systemd[1]: Created slice system-systemd\x2dfsck.slice.
[[0;32m  OK  [0m] Created slice [0;1;39msystem-systemd\x2dfsck.slice[0m.
[   24.665486] systemd[1]: Created slice User and Session Slice.
[[0;32m  OK  [0m] Created slice [0;1;39mUser and Session Slice[0m.
[   24.670717] systemd[1]: Started Forward Password Requests to Wall Directory Watch.
[[0;32m  OK  [0m] Started [0;1;39mForward Password R‚Ä¶uests to Wall Directory Watch[0m.
[   24.677856] systemd[1]: Set up automount Arbitrary Executable File Formats File System Automount Point.
[[0;32m  OK  [0m] Set up automount [0;1;39mArbitrary‚Ä¶s File System Automount Point[0m.
[   24.692714] systemd[1]: Reached target User and Group Name Lookups.
[[0;32m  OK  [0m] Reached target [0;1;39mUser and Group Name Lookups[0m.
[   24.708831] systemd[1]: Reached target Remote File Systems.
[[0;32m  OK  [0m] Reached target [0;1;39mRemote File Systems[0m.
[   24.725711] systemd[1]: Reached target Slices.
[[0;32m  OK  [0m] Reached target [0;1;39mSlices[0m.
[   24.740496] systemd[1]: Listening on Syslog Socket.
[[0;32m  OK  [0m] Listening on [0;1;39mSyslog Socket[0m.
[   24.745845] systemd[1]: Listening on fsck to fsckd communication Socket.
[[0;32m  OK  [0m] Listening on [0;1;39mfsck to fsckd communication Socket[0m.
[   24.751576] systemd[1]: Listening on initctl Compatibility Named Pipe.
[[0;32m  OK  [0m] Listening on [0;1;39minitctl Compatibility Named Pipe[0m.
[   24.757041] systemd[1]: Listening on Journal Audit Socket.
[[0;32m  OK  [0m] Listening on [0;1;39mJournal Audit Socket[0m.
[   24.761674] systemd[1]: Listening on Journal Socket (/dev/log).
[[0;32m  OK  [0m] Listening on [0;1;39mJournal Socket (/dev/log)[0m.
[   24.765922] systemd[1]: Listening on Journal Socket.
[[0;32m  OK  [0m] Listening on [0;1;39mJournal Socket[0m.
[   24.769908] systemd[1]: Listening on udev Control Socket.
[[0;32m  OK  [0m] Listening on [0;1;39mudev Control Socket[0m.
[   24.773949] systemd[1]: Listening on udev Kernel Socket.
[[0;32m  OK  [0m] Listening on [0;1;39mudev Kernel Socket[0m.
[   24.789821] systemd[1]: Mounting Huge Pages File System...
         Mounting [0;1;39mHuge Pages File System[0m...
[   24.806487] systemd[1]: Mounting POSIX Message Queue File System...
         Mounting [0;1;39mPOSIX Message Queue File System[0m...
[   24.829157] systemd[1]: Mounting Kernel Debug File System...
         Mounting [0;1;39mKernel Debug File System[0m...
[   24.837819] systemd[1]: Mounting Kernel Trace File System...
         Mounting [0;1;39mKernel Trace File System[0m...
[   24.846479] systemd[1]: Starting Journal Service...
         Starting [0;1;39mJournal Service[0m...
[   24.863363] systemd[1]: Starting Set the console keyboard layout...
         Starting [0;1;39mSet the console keyboard layout[0m...
[   24.872933] systemd[1]: Starting Create list of static device nodes for the current kernel...
         Starting [0;1;39mCreate list of st‚Ä¶odes for the current kernel[0m...
[   24.885823] systemd[1]: Starting Load Kernel Module drm...
         Starting [0;1;39mLoad Kernel Module drm[0m...
[   24.915346] systemd[1]: Condition check resulted in Set Up Additional Binary Formats being skipped.
[   24.920178] systemd[1]: Condition check resulted in File System Check on Root Device being skipped.
[   24.940259] systemd[1]: Starting Load Kernel Modules...
         Starting [0;1;39mLoad Kernel Modules[0m...
[   24.955209] systemd[1]: Starting Remount Root and Kernel File Systems...
         Starting [0;1;39mRemount Root and Kernel File Systems[0m...
[   24.999656] EXT4-fs (sda1): re-mounted. Opts: errors=remount-ro. Quota mode: none.
[   25.033342] lp: driver loaded but no devices found
[   25.050003] systemd[1]: Starting udev Coldplug all Devices...
         Starting [0;1;39mudev Coldplug all Devices[0m...
[   25.072197] systemd[1]: Starting Uncomplicated firewall...
[   25.077765] ppdev: user-space parallel port driver
         Starting [0;1;39mUncomplicated firewall[0m...
[   25.105810] systemd[1]: Mounted Huge Pages File System.
[[0;32m  OK  [0m] Mounted [0;1;39mHuge Pages File System[0m.
[   25.130877] systemd[1]: Mounted POSIX Message Queue File System.
[[0;32m  OK  [0m] Mounted [0;1;39mPOSIX Message Queue File System[0m.
[   25.156826] systemd[1]: Started Journal Service.
[[0;32m  OK  [0m] Started [0;1;39mJournal Service[0m.
[[0;32m  OK  [0m] Mounted [0;1;39mKernel Debug File System[0m.
[[0;32m  OK  [0m] Mounted [0;1;39mKernel Trace File System[0m.
[[0;32m  OK  [0m] Finished [0;1;39mCreate list of st‚Ä¶ nodes for the current kernel[0m.
[[0;32m  OK  [0m] Finished [0;1;39mLoad Kernel Module drm[0m.
[[0;32m  OK  [0m] Finished [0;1;39mRemount Root and Kernel File Systems[0m.
[[0;32m  OK  [0m] Finished [0;1;39mUncomplicated firewall[0m.
         Starting [0;1;39mFlush Journal to Persistent Storage[0m...
         Starting [0;1;39mLoad/Save Random Seed[0m...
[   25.244950] systemd-journald[304]: Received client request to flush runtime journal.
         Starting [0;1;39mCreate System Users[0m...
[[0;32m  OK  [0m] Finished [0;1;39mLoad Kernel Modules[0m.
         Mounting [0;1;39mFUSE Control File System[0m...
         Mounting [0;1;39mKernel Configuration File System[0m...
         Starting [0;1;39mApply Kernel Variables[0m...
[[0;32m  OK  [0m] Finished [0;1;39mSet the console keyboard layout[0m.
[[0;32m  OK  [0m] Finished [0;1;39mLoad/Save Random Seed[0m.
[[0;32m  OK  [0m] Mounted [0;1;39mFUSE Control File System[0m.
[[0;32m  OK  [0m] Mounted [0;1;39mKernel Configuration File System[0m.
[[0;32m  OK  [0m] Finished [0;1;39mApply Kernel Variables[0m.
[[0;32m  OK  [0m] Finished [0;1;39mCreate System Users[0m.
         Starting [0;1;39mCreate Static Device Nodes in /dev[0m...
[[0;32m  OK  [0m] Finished [0;1;39mFlush Journal to Persistent Storage[0m.
[[0;32m  OK  [0m] Finished [0;1;39mCreate Static Device Nodes in /dev[0m.
[[0;32m  OK  [0m] Reached target [0;1;39mLocal File Systems (Pre)[0m.
         Mounting [0;1;39mMount unit for core18, revision 2128[0m...
         Mounting [0;1;39mMount unit for core18, revision 2284[0m...
         Mounting [0;1;39mMount unit for gnome-3-34-1804, revision 72[0m...
         Mounting [0;1;39mMount unit for gt‚Ä¶ommon-themes, revision 1515[0m...
         Mounting [0;1;39mMount unit for snap-store, revision 547[0m...
         Mounting [0;1;39mMount unit for snapd, revision 12704[0m...
         Mounting [0;1;39mMount unit for snapd, revision 14549[0m...
         Starting [0;1;39mudev Kernel Device Manager[0m...
[[0;32m  OK  [0m] Finished [0;1;39mudev Coldplug all Devices[0m.
[[0;32m  OK  [0m] Mounted [0;1;39mMount unit for core18, revision 2128[0m.
[[0;32m  OK  [0m] Mounted [0;1;39mMount unit for core18, revision 2284[0m.
[[0;32m  OK  [0m] Mounted [0;1;39mMount unit for gnome-3-34-1804, revision 72[0m.
[[0;32m  OK  [0m] Mounted [0;1;39mMount unit for gtk-common-themes, revision 1515[0m.
[[0;32m  OK  [0m] Mounted [0;1;39mMount unit for snap-store, revision 547[0m.
[[0;32m  OK  [0m] Mounted [0;1;39mMount unit for snapd, revision 12704[0m.
[[0;32m  OK  [0m] Mounted [0;1;39mMount unit for snapd, revision 14549[0m.
[[0;32m  OK  [0m] Started [0;1;39mudev Kernel Device Manager[0m.
[[0;32m  OK  [0m] Started [0;1;39mDispatch Password ‚Ä¶ts to Console Directory Watch[0m.
[[0;32m  OK  [0m] Reached target [0;1;39mLocal Encrypted Volumes[0m.
[[0;32m  OK  [0m] Found device [0;1;39m/dev/ttyS0[0m.
[[0;32m  OK  [0m] Listening on [0;1;39mLoad/Save RF ‚Ä¶itch Status /dev/rfkill Watch[0m.
[[0;32m  OK  [0m] Found device [0;1;39mVBOX_HARDDISK 3[0m.
         Starting [0;1;39mFile System Check‚Ä¶b2a7-41c1-86cb-9ada240ff9ed[0m...
[[0;32m  OK  [0m] Started [0;1;39mFile System Check Daemon to report status[0m.
[[0;32m  OK  [0m] Found device [0;1;39mVBOX_HARDDISK 2[0m.
         Activating swap [0;1;39m/dev/disk/‚Ä¶b4d0-408a-a959-dbce0dfb0bb9[0m...
[[0;32m  OK  [0m] Activated swap [0;1;39m/dev/disk/b‚Ä¶6-b4d0-408a-a959-dbce0dfb0bb9[0m.
[[0;32m  OK  [0m] Reached target [0;1;39mSwap[0m.
[[0;32m  OK  [0m] Finished [0;1;39mFile System Check‚Ä¶0-b2a7-41c1-86cb-9ada240ff9ed[0m.
         Mounting [0;1;39m/home[0m...
[[0;32m  OK  [0m] Mounted [0;1;39m/home[0m.
[[0;32m  OK  [0m] Reached target [0;1;39mLocal File Systems[0m.
         Starting [0;1;39mLoad AppArmor profiles[0m...
         Starting [0;1;39mSet console font and keymap[0m...
         Starting [0;1;39mTell Plymouth To Write Out Runtime Data[0m...
         Starting [0;1;39mCreate Volatile Files and Directories[0m...
[[0;32m  OK  [0m] Finished [0;1;39mSet console font and keymap[0m.
[[0;32m  OK  [0m] Finished [0;1;39mTell Plymouth To Write Out Runtime Data[0m.
[[0;32m  OK  [0m] Finished [0;1;39mCreate Volatile Files and Directories[0m.
         Starting [0;1;39mNetwork Name Resolution[0m...
         Starting [0;1;39mNetwork Time Synchronization[0m...
         Starting [0;1;39mUpdate UTMP about System Boot/Shutdown[0m...
[[0;32m  OK  [0m] Finished [0;1;39mUpdate UTMP about System Boot/Shutdown[0m.
[[0;32m  OK  [0m] Started [0;1;39mNetwork Time Synchronization[0m.
[[0;32m  OK  [0m] Reached target [0;1;39mSystem Time Set[0m.
[[0;32m  OK  [0m] Reached target [0;1;39mSystem Time Synchronized[0m.
[[0;32m  OK  [0m] Finished [0;1;39mLoad AppArmor profiles[0m.
         Starting [0;1;39mLoad AppArmor pro‚Ä¶managed internally by snapd[0m...
[[0;32m  OK  [0m] Started [0;1;39mNetwork Name Resolution[0m.
[[0;32m  OK  [0m] Reached target [0;1;39mHost and Network Name Lookups[0m.
[[0;32m  OK  [0m] Finished [0;1;39mLoad AppArmor pro‚Ä¶s managed internally by snapd[0m.
[[0;32m  OK  [0m] Reached target [0;1;39mSystem Initialization[0m.
[[0;32m  OK  [0m] Started [0;1;39mACPI Events Check[0m.
[[0;32m  OK  [0m] Started [0;1;39mCUPS Scheduler[0m.
[[0;32m  OK  [0m] Started [0;1;39mTrigger anacron every hour[0m.
[[0;32m  OK  [0m] Started [0;1;39mDaily apt download activities[0m.
[[0;32m  OK  [0m] Started [0;1;39mDaily apt upgrade and clean activities[0m.
[[0;32m  OK  [0m] Started [0;1;39mPeriodic ext4 Onli‚Ä¶ata Check for All Filesystems[0m.
[[0;32m  OK  [0m] Started [0;1;39mDiscard unused blocks once a week[0m.
[[0;32m  OK  [0m] Started [0;1;39mRefresh fwupd metadata regularly[0m.
[[0;32m  OK  [0m] Started [0;1;39mDaily rotation of log files[0m.
[[0;32m  OK  [0m] Started [0;1;39mDaily man-db regeneration[0m.
[[0;32m  OK  [0m] Started [0;1;39mMessage of the Day[0m.
[[0;32m  OK  [0m] Started [0;1;39mDaily Cleanup of Temporary Directories[0m.
[[0;32m  OK  [0m] Started [0;1;39mUbuntu Advantage update messaging[0m.
[[0;32m  OK  [0m] Reached target [0;1;39mPaths[0m.
[[0;32m  OK  [0m] Reached target [0;1;39mTimers[0m.
[[0;32m  OK  [0m] Listening on [0;1;39mACPID Listen Socket[0m.
[[0;32m  OK  [0m] Listening on [0;1;39mAvahi mDNS/DNS-SD Stack Activation Socket[0m.
[[0;32m  OK  [0m] Listening on [0;1;39mCUPS Scheduler[0m.
[[0;32m  OK  [0m] Listening on [0;1;39mD-Bus System Message Bus Socket[0m.
         Starting [0;1;39mSocket activation for snappy daemon[0m.
[[0;32m  OK  [0m] Listening on [0;1;39mUUID daemon activation socket[0m.
[[0;32m  OK  [0m] Listening on [0;1;39mSocket activation for snappy daemon[0m.
[[0;32m  OK  [0m] Reached target [0;1;39mSockets[0m.
[[0;32m  OK  [0m] Reached target [0;1;39mBasic System[0m.
         Starting [0;1;39mAccounts Service[0m...
[[0;32m  OK  [0m] Started [0;1;39mACPI event daemon[0m.
[[0;32m  OK  [0m] Started [0;1;39mRun anacron jobs[0m.
         Starting [0;1;39mLSB: automatic crash report generation[0m...
         Starting [0;1;39mAvahi mDNS/DNS-SD Stack[0m...
[[0;32m  OK  [0m] Started [0;1;39mRegular background program processing daemon[0m.
[[0;32m  OK  [0m] Started [0;1;39mCUPS Scheduler[0m.
[[0;32m  OK  [0m] Started [0;1;39mD-Bus System Message Bus[0m.
         Starting [0;1;39mNetwork Manager[0m...
[[0;32m  OK  [0m] Started [0;1;39mSave initial kernel messages after boot[0m.
         Starting [0;1;39mRemove Stale Onli‚Ä¶t4 Metadata Check Snapshots[0m...
         Starting [0;1;39mDetect the availa‚Ä¶eal with any system changes[0m...
         Starting [0;1;39mRecord successful boot for GRUB[0m...
[[0;32m  OK  [0m] Started [0;1;39mirqbalance daemon[0m.
         Starting [0;1;39mDispatcher daemon for systemd-networkd[0m...
         Starting [0;1;39mAuthorization Manager[0m...
         Starting [0;1;39mRestore /etc/reso‚Ä¶ the ppp link was shut down[0m...
         Starting [0;1;39mSystem Logging Service[0m...
         Starting [0;1;39mSnap Daemon[0m...
         Starting [0;1;39mSwitcheroo Control Proxy service[0m...
         Starting [0;1;39mLogin Service[0m...
         Starting [0;1;39mDisk Manager[0m...
         Starting [0;1;39mWPA supplicant[0m...
[[0;32m  OK  [0m] Finished [0;1;39mRemove Stale Onli‚Ä¶ext4 Metadata Check Snapshots[0m.
[[0;32m  OK  [0m] Finished [0;1;39mRestore /etc/reso‚Ä¶re the ppp link was shut down[0m.
[[0;32m  OK  [0m] Finished [0;1;39mDetect the availa‚Ä¶ deal with any system changes[0m.
[[0;32m  OK  [0m] Finished [0;1;39mRecord successful boot for GRUB[0m.
[[0;32m  OK  [0m] Started [0;1;39mSystem Logging Service[0m.
         Starting [0;1;39mGRUB failed boot detection[0m...
[[0;32m  OK  [0m] Started [0;1;39mLSB: automatic crash report generation[0m.
[[0;32m  OK  [0m] Finished [0;1;39mGRUB failed boot detection[0m.
[[0;32m  OK  [0m] Started [0;1;39mLogin Service[0m.
[[0;32m  OK  [0m] Started [0;1;39mWPA supplicant[0m.
[[0;32m  OK  [0m] Started [0;1;39mAvahi mDNS/DNS-SD Stack[0m.
[[0;32m  OK  [0m] Started [0;1;39mNetwork Manager[0m.
[[0;32m  OK  [0m] Started [0;1;39mSwitcheroo Control Proxy service[0m.
[[0;32m  OK  [0m] Reached target [0;1;39mNetwork[0m.
         Starting [0;1;39mNetwork Manager Wait Online[0m...
         Starting [0;1;39mSave/Restore Sound Card State[0m...
[[0;32m  OK  [0m] Started [0;1;39mMake remote CUPS printers available locally[0m.
         Starting [0;1;39mOpenVPN service[0m...
         Starting [0;1;39mPermit User Sessions[0m...
[[0;32m  OK  [0m] Started [0;1;39mUnattended Upgrades Shutdown[0m.
[[0;32m  OK  [0m] Finished [0;1;39mOpenVPN service[0m.
[[0;32m  OK  [0m] Finished [0;1;39mPermit User Sessions[0m.
[[0;32m  OK  [0m] Started [0;1;39mAuthorization Manager[0m.
         Starting [0;1;39mModem Manager[0m...
         Starting [0;1;39mGNOME Display Manager[0m...
         Starting [0;1;39mHold until boot process finishes up[0m...
         Starting [0;1;39mHostname Service[0m...
[[0;32m  OK  [0m] Finished [0;1;39mSave/Restore Sound Card State[0m.
[[0;32m  OK  [0m] Finished [0;1;39mHold until boot process finishes up[0m.
[[0;32m  OK  [0m] Reached target [0;1;39mSound Card[0m.
[[0;32m  OK  [0m] Started [0;1;39mSerial Getty on ttyS0[0m.
[[0;32m  OK  [0m] Reached target [0;1;39mLogin Prompts[0m.
         Starting [0;1;39mSet console scheme[0m...
[[0;32m  OK  [0m] Finished [0;1;39mSet console scheme[0m.
[[0;32m  OK  [0m] Created slice [0;1;39msystem-getty.slice[0m.
[[0;32m  OK  [0m] Started [0;1;39mAccounts Service[0m.
[[0;32m  OK  [0m] Started [0;1;39mGNOME Display Manager[0m.
[[0;32m  OK  [0m] Started [0;1;39mModem Manager[0m.
[[0;32m  OK  [0m] Started [0;1;39mDispatcher daemon for systemd-networkd[0m.
[[0;32m  OK  [0m] Started [0;1;39mHostname Service[0m.
[[0;32m  OK  [0m] Started [0;1;39mDisk Manager[0m.
         Starting [0;1;39mNetwork Manager Script Dispatcher Service[0m...
[[0;32m  OK  [0m] Started [0;1;39mNetwork Manager Script Dispatcher Service[0m.
[[0;32m  OK  [0m] Finished [0;1;39mNetwork Manager Wait Online[0m.
[[0;32m  OK  [0m] Created slice [0;1;39mUser Slice of UID 125[0m.
[[0;32m  OK  [0m] Reached target [0;1;39mNetwork is Online[0m.
         Starting [0;1;39mTool to automatic‚Ä¶mit kernel crash signatures[0m...
         Starting [0;1;39mUser Runtime Directory /run/user/125[0m...
[[0;32m  OK  [0m] Started [0;1;39mcrash report submission daemon[0m.
[[0;32m  OK  [0m] Finished [0;1;39mUser Runtime Directory /run/user/125[0m.
[[0;32m  OK  [0m] Started [0;1;39mTool to automatica‚Ä¶ubmit kernel crash signatures[0m.
         Starting [0;1;39mUser Manager for UID 125[0m...
[[0;32m  OK  [0m] Started [0;1;39mUser Manager for UID 125[0m.
[[0;32m  OK  [0m] Started [0;1;39mSession c1 of user gdm[0m.
         Starting [0;1;39mRealtimeKit Scheduling Policy Service[0m...
[[0;32m  OK  [0m] Started [0;1;39mRealtimeKit Scheduling Policy Service[0m.
         Starting [0;1;39mDaemon for power management[0m...
[[0;32m  OK  [0m] Started [0;1;39mSnap Daemon[0m.
         Starting [0;1;39mWait until snapd is fully seeded[0m...
         Starting [0;1;39mTime & Date Service[0m...
[[0;32m  OK  [0m] Started [0;1;39mDaemon for power management[0m.
[[0;32m  OK  [0m] Started [0;1;39mTime & Date Service[0m.
[[0;32m  OK  [0m] Finished [0;1;39mWait until snapd is fully seeded[0m.
[[0;32m  OK  [0m] Reached target [0;1;39mMulti-User System[0m.
[[0;32m  OK  [0m] Reached target [0;1;39mGraphical Interface[0m.
         Starting [0;1;39mUpdate UTMP about System Runlevel Changes[0m...
[[0;32m  OK  [0m] Finished [0;1;39mUpdate UTMP about System Runlevel Changes[0m.

Ubuntu 20.04.3 LTS osboxes ttyS0

osboxes login: osboxes
osboxes
Password: osboxes.org

Welcome to Ubuntu 20.04.3 LTS (GNU/Linux 5.11.0-27-generic x86_64)

 * Documentation:  https://help.ubuntu.com
 * Management:     https://landscape.canonical.com
 * Support:        https://ubuntu.com/advantage

8 updates can be applied immediately.
5 of these updates are standard security updates.
To see these additional updates run: apt list --upgradable


The list of available updates is more than a week old.
To check for new updates run: sudo apt update
Your Hardware Enablement Stack (HWE) is supported until April 2025.
Last login: Tue Feb  1 05:45:15 EST 2022 on ttyS0
osboxes@osboxes:~$ 
osboxes@osboxes:~$ sudo poweroff
sudo poweroff
[sudo] password for osboxes: 
osboxes.Sorry, try again.
[sudo] password for osboxes: org

         Stopping [0;1;39mSession 2 of user osboxes[0m.
         Stopping [0;1;39mSession c1 of user gdm[0m.
[[0;32m  OK  [0m] Removed slice [0;1;39msystem-getty.slice[0m.
[[0;32m  OK  [0m] Removed slice [0;1;39msystem-modprobe.slice[0m.
[[0;32m  OK  [0m] Stopped target [0;1;39mGraphical Interface[0m.
[[0;32m  OK  [0m] Stopped target [0;1;39mMulti-User System[0m.
[[0;32m  OK  [0m] Stopped target [0;1;39mLogin Prompts[0m.
[[0;32m  OK  [0m] Stopped target [0;1;39mSound Card[0m.
[[0;32m  OK  [0m] Stopped target [0;1;39mTimers[0m.
[[0;32m  OK  [0m] Stopped [0;1;39mDaily apt upgrade and clean activities[0m.
[[0;32m  OK  [0m] Stopped [0;1;39mDaily apt download activities[0m.
[[0;32m  OK  [0m] Stopped [0;1;39mPeriodic ext4 Onli‚Ä¶ata Check for All Filesystems[0m.
[[0;32m  OK  [0m] Stopped [0;1;39mDiscard unused blocks once a week[0m.
[[0;32m  OK  [0m] Stopped [0;1;39mRefresh fwupd metadata regularly[0m.
[[0;32m  OK  [0m] Stopped [0;1;39mDaily rotation of log files[0m.
[[0;32m  OK  [0m] Stopped [0;1;39mDaily man-db regeneration[0m.
[[0;32m  OK  [0m] Stopped [0;1;39mMessage of the Day[0m.
[[0;32m  OK  [0m] Stopped [0;1;39mDaily Cleanup of Temporary Directories[0m.
[[0;32m  OK  [0m] Stopped [0;1;39mUbuntu Advantage update messaging[0m.
[[0;32m  OK  [0m] Closed [0;1;39mLoad/Save RF Kill Switch Status /dev/rfkill Watch[0m.
         Stopping [0;1;39mModem Manager[0m...
         Stopping [0;1;39mAccounts Service[0m...
         Stopping [0;1;39mACPI event daemon[0m...
         Stopping [0;1;39mSave/Restore Sound Card State[0m...
         Stopping [0;1;39mRun anacron jobs[0m...
         Stopping [0;1;39mLSB: automatic crash report generation[0m...
         Stopping [0;1;39mManage, Install and Generate Color Profiles[0m...
         Stopping [0;1;39mRegular background program processing daemon[0m...
         Stopping [0;1;39mMake remote CUPS printers available locally[0m...
         Stopping [0;1;39mFingerprint Authentication Daemon[0m...
         Stopping [0;1;39mGNOME Display Manager[0m...
         Stopping [0;1;39mLocation Lookup Service[0m...
         Stopping [0;1;39mirqbalance daemon[0m...
         Stopping [0;1;39mTool to automatic‚Ä¶mit kernel crash signatures[0m...
         Stopping [0;1;39mDispatcher daemon for systemd-networkd[0m...
[[0;32m  OK  [0m] Stopped [0;1;39mOpenVPN service[0m.
         Stopping [0;1;39mPackageKit Daemon[0m...
         Stopping [0;1;39mSystem Logging Service[0m...
         Stopping [0;1;39mRealtimeKit Scheduling Policy Service[0m...
         Stopping [0;1;39mSerial Getty on ttyS0[0m...
[[0;32m  OK  [0m] Stopped [0;1;39mWait until snapd is fully seeded[0m.
         Stopping [0;1;39mSnap Daemon[0m...
         Stopping [0;1;39mHostname Service[0m...
         Stopping [0;1;39mLocale Service[0m...
         Stopping [0;1;39mLoad/Save Random Seed[0m...
         Stopping [0;1;39mTime & Date Service[0m...
         Stopping [0;1;39mDisk Manager[0m...
         Stopping [0;1;39mUnattended Upgrades Shutdown[0m...
         Stopping [0;1;39mDaemon for power management[0m...
         Stopping [0;1;39mcrash report submission daemon[0m...
[[0;32m  OK  [0m] Stopped [0;1;39mAccounts Service[0m.
[[0;32m  OK  [0m] Stopped [0;1;39mACPI event daemon[0m.
[[0;32m  OK  [0m] Stopped [0;1;39mRun anacron jobs[0m.
[[0;32m  OK  [0m] Stopped [0;1;39mRegular background program processing daemon[0m.
[[0;32m  OK  [0m] Stopped [0;1;39mirqbalance daemon[0m.
[[0;32m  OK  [0m] Stopped [0;1;39mDispatcher daemon for systemd-networkd[0m.
[[0;32m  OK  [0m] Stopped [0;1;39mSystem Logging Service[0m.
[[0;32m  OK  [0m] Stopped [0;1;39mSnap Daemon[0m.
[[0;32m  OK  [0m] Stopped [0;1;39mDisk Manager[0m.
[[0;32m  OK  [0m] Stopped [0;1;39mMake remote CUPS printers available locally[0m.
[[0;32m  OK  [0m] Stopped [0;1;39mUnattended Upgrades Shutdown[0m.
[[0;32m  OK  [0m] Stopped [0;1;39mModem Manager[0m.
[[0;32m  OK  [0m] Stopped [0;1;39mHostname Service[0m.
[[0;32m  OK  [0m] Stopped [0;1;39mSerial Getty on ttyS0[0m.
[[0;32m  OK  [0m] Stopped [0;1;39mGNOME Display Manager[0m.
[[0;32m  OK  [0m] Stopped [0;1;39mcrash report submission daemon[0m.
[[0;32m  OK  [0m] Stopped [0;1;39mRealtimeKit Scheduling Policy Service[0m.
[[0;32m  OK  [0m] Stopped [0;1;39mDaemon for power management[0m.
[[0;32m  OK  [0m] Stopped [0;1;39mTime & Date Service[0m.
[[0;32m  OK  [0m] Stopped [0;1;39mLocale Service[0m.
[[0;32m  OK  [0m] Stopped [0;1;39mLocation Lookup Service[0m.
[[0;32m  OK  [0m] Stopped [0;1;39mPackageKit Daemon[0m.
[[0;32m  OK  [0m] Stopped [0;1;39mFingerprint Authentication Daemon[0m.
[[0;32m  OK  [0m] Stopped [0;1;39mManage, Install and Generate Color Profiles[0m.
[[0;32m  OK  [0m] Stopped [0;1;39mSave/Restore Sound Card State[0m.
[[0;32m  OK  [0m] Stopped [0;1;39mLoad/Save Random Seed[0m.
[[0;32m  OK  [0m] Stopped [0;1;39mSession c1 of user gdm[0m.
[[0;32m  OK  [0m] Stopped [0;1;39mTool to automatica‚Ä¶ubmit kernel crash signatures[0m.
[[0;32m  OK  [0m] Stopped [0;1;39mSession 2 of user osboxes[0m.
[[0;32m  OK  [0m] Removed slice [0;1;39msystem-serial\x2dgetty.slice[0m.
[[0;32m  OK  [0m] Stopped [0;1;39mTrigger anacron every hour[0m.
[[0;32m  OK  [0m] Stopped target [0;1;39mNetwork is Online[0m.
[[0;32m  OK  [0m] Stopped target [0;1;39mHost and Network Name Lookups[0m.
[[0;32m  OK  [0m] Stopped target [0;1;39mSystem Time Synchronized[0m.
[[0;32m  OK  [0m] Stopped target [0;1;39mSystem Time Set[0m.
[[0;32m  OK  [0m] Stopped [0;1;39mNetwork Manager Wait Online[0m.
         Stopping [0;1;39mAvahi mDNS/DNS-SD Stack[0m...
         Stopping [0;1;39mCUPS Scheduler[0m...
         Stopping [0;1;39mAuthorization Manager[0m...
         Stopping [0;1;39mSwitcheroo Control Proxy service[0m...
         Stopping [0;1;39mLogin Service[0m...
         Stopping [0;1;39mUser Manager for UID 1000[0m...
         Stopping [0;1;39mUser Manager for UID 125[0m...
[[0;32m  OK  [0m] Unmounted [0;1;39m/run/user/1000/gvfs[0m.
[[0;32m  OK  [0m] Unmounted [0;1;39m/run/user/125/gvfs[0m.
[[0;32m  OK  [0m] Stopped [0;1;39mAvahi mDNS/DNS-SD Stack[0m.
[[0;32m  OK  [0m] Stopped [0;1;39mCUPS Scheduler[0m.
[[0;32m  OK  [0m] Stopped [0;1;39mAuthorization Manager[0m.
[[0;32m  OK  [0m] Stopped [0;1;39mSwitcheroo Control Proxy service[0m.
[[0;32m  OK  [0m] Stopped [0;1;39mLSB: automatic crash report generation[0m.
[[0;32m  OK  [0m] Stopped [0;1;39mLogin Service[0m.
[[0;32m  OK  [0m] Stopped [0;1;39mUser Manager for UID 125[0m.
[[0;32m  OK  [0m] Stopped [0;1;39mUser Manager for UID 1000[0m.
         Stopping [0;1;39mUser Runtime Directory /run/user/1000[0m...
         Stopping [0;1;39mUser Runtime Directory /run/user/125[0m...
[[0;32m  OK  [0m] Unmounted [0;1;39m/run/user/1000[0m.
[[0;32m  OK  [0m] Unmounted [0;1;39m/run/user/125[0m.
[[0;32m  OK  [0m] Stopped [0;1;39mUser Runtime Directory /run/user/1000[0m.
[[0;32m  OK  [0m] Stopped [0;1;39mUser Runtime Directory /run/user/125[0m.
[[0;32m  OK  [0m] Removed slice [0;1;39mUser Slice of UID 1000[0m.
[[0;32m  OK  [0m] Removed slice [0;1;39mUser Slice of UID 125[0m.
         Stopping [0;1;39mPermit User Sessions[0m...
[[0;32m  OK  [0m] Stopped [0;1;39mPermit User Sessions[0m.
[[0;32m  OK  [0m] Stopped target [0;1;39mNetwork[0m.
[[0;32m  OK  [0m] Stopped target [0;1;39mUser and Group Name Lookups[0m.
[[0;32m  OK  [0m] Stopped target [0;1;39mRemote File Systems[0m.
         Stopping [0;1;39mNetwork Manager[0m...
         Stopping [0;1;39mNetwork Name Resolution[0m...
         Stopping [0;1;39mWPA supplicant[0m...
[[0;32m  OK  [0m] Stopped [0;1;39mWPA supplicant[0m.
[[0;32m  OK  [0m] Stopped [0;1;39mNetwork Name Resolution[0m.
[[0;32m  OK  [0m] Stopped [0;1;39mNetwork Manager[0m.
         Stopping [0;1;39mD-Bus System Message Bus[0m...
[[0;32m  OK  [0m] Stopped [0;1;39mD-Bus System Message Bus[0m.
[[0;32m  OK  [0m] Stopped target [0;1;39mBasic System[0m.
[[0;32m  OK  [0m] Stopped target [0;1;39mPaths[0m.
[[0;32m  OK  [0m] Stopped [0;1;39mACPI Events Check[0m.
[[0;32m  OK  [0m] Stopped [0;1;39mCUPS Scheduler[0m.
[[0;32m  OK  [0m] Stopped target [0;1;39mSlices[0m.
[[0;32m  OK  [0m] Removed slice [0;1;39mUser and Session Slice[0m.
[[0;32m  OK  [0m] Stopped target [0;1;39mSockets[0m.
[[0;32m  OK  [0m] Closed [0;1;39mACPID Listen Socket[0m.
[[0;32m  OK  [0m] Closed [0;1;39mAvahi mDNS/DNS-SD Stack Activation Socket[0m.
[[0;32m  OK  [0m] Closed [0;1;39mCUPS Scheduler[0m.
[[0;32m  OK  [0m] Closed [0;1;39mD-Bus System Message Bus Socket[0m.
[[0;32m  OK  [0m] Closed [0;1;39mSocket activation for snappy daemon[0m.
[[0;32m  OK  [0m] Closed [0;1;39mSyslog Socket[0m.
[[0;32m  OK  [0m] Closed [0;1;39mUUID daemon activation socket[0m.
[[0;32m  OK  [0m] Stopped target [0;1;39mSystem Initialization[0m.
[[0;32m  OK  [0m] Stopped target [0;1;39mLocal Encrypted Volumes[0m.
[[0;32m  OK  [0m] Stopped [0;1;39mDispatch Password ‚Ä¶ts to Console Directory Watch[0m.
[[0;32m  OK  [0m] Stopped [0;1;39mForward Password R‚Ä¶uests to Wall Directory Watch[0m.
[[0;32m  OK  [0m] Stopped target [0;1;39mSwap[0m.
         Deactivating swap [0;1;39m/dev/dis‚Ä¶K_VBb6ebcaaa-6f3f2eb2-part2[0m...
[[0;32m  OK  [0m] Stopped [0;1;39mApply Kernel Variables[0m.
[[0;32m  OK  [0m] Stopped [0;1;39mLoad Kernel Modules[0m.
         Stopping [0;1;39mNetwork Time Synchronization[0m...
         Stopping [0;1;39mUpdate UTMP about System Boot/Shutdown[0m...
[[0;32m  OK  [0m] Deactivated swap [0;1;39m/dev/disk‚Ä¶/pci-0000:00:0d.0-ata-1-part2[0m.
[[0;32m  OK  [0m] Deactivated swap [0;1;39m/dev/disk‚Ä¶ISK_VBb6ebcaaa-6f3f2eb2-part2[0m.
[[0;32m  OK  [0m] Deactivated swap [0;1;39m/dev/disk/by-partuuid/38d010a9-02[0m.
[[0;32m  OK  [0m] Deactivated swap [0;1;39m/dev/sda2[0m.
[[0;32m  OK  [0m] Stopped [0;1;39mNetwork Time Synchronization[0m.
[[0;32m  OK  [0m] Deactivated swap [0;1;39m/dev/disk‚Ä¶6-b4d0-408a-a959-dbce0dfb0bb9[0m.
[[0;32m  OK  [0m] Stopped [0;1;39mUpdate UTMP about System Boot/Shutdown[0m.
[[0;32m  OK  [0m] Stopped [0;1;39mCreate Volatile Files and Directories[0m.
[[0;32m  OK  [0m] Stopped target [0;1;39mLocal File Systems[0m.
         Unmounting [0;1;39m/home[0m...
         Unmounting [0;1;39mMount unit for core18, revision 2128[0m...
         Unmounting [0;1;39mMount unit for core18, revision 2284[0m...
         Unmounting [0;1;39mMount unit for gnome-3-34-1804, revision 72[0m...
         Unmounting [0;1;39mMount unit for ‚Ä¶ommon-themes, revision 1515[0m...
         Unmounting [0;1;39mMount unit for snap-store, revision 547[0m...
         Unmounting [0;1;39mMount unit for snapd, revision 12704[0m...
         Unmounting [0;1;39mMount unit for snapd, revision 14549[0m...
[[0;32m  OK  [0m] Unmounted [0;1;39m/home[0m.
[[0;32m  OK  [0m] Unmounted [0;1;39mMount unit for gnome-3-34-1804, revision 72[0m.
[[0;32m  OK  [0m] Stopped [0;1;39mFile System Check ‚Ä¶0-b2a7-41c1-86cb-9ada240ff9ed[0m.
[[0;32m  OK  [0m] Removed slice [0;1;39msystem-systemd\x2dfsck.slice[0m.
[[0;32m  OK  [0m] Unmounted [0;1;39mMount unit for g‚Ä¶-common-themes, revision 1515[0m.
[[0;32m  OK  [0m] Unmounted [0;1;39mMount unit for core18, revision 2128[0m.
[[0;32m  OK  [0m] Unmounted [0;1;39mMount unit for core18, revision 2284[0m.
[[0;32m  OK  [0m] Unmounted [0;1;39mMount unit for snap-store, revision 547[0m.
[[0;32m  OK  [0m] Unmounted [0;1;39mMount unit for snapd, revision 12704[0m.
[[0;32m  OK  [0m] Unmounted [0;1;39mMount unit for snapd, revision 14549[0m.
[[0;32m  OK  [0m] Stopped target [0;1;39mLocal File Systems (Pre)[0m.
[[0;32m  OK  [0m] Reached target [0;1;39mUnmount All Filesystems[0m.
[[0;32m  OK  [0m] Stopped [0;1;39mCreate Static Device Nodes in /dev[0m.
[[0;32m  OK  [0m] Stopped [0;1;39mCreate System Users[0m.
[[0;32m  OK  [0m] Stopped [0;1;39mRemount Root and Kernel File Systems[0m.
[[0;32m  OK  [0m] Reached target [0;1;39mShutdown[0m.
[[0;32m  OK  [0m] Reached target [0;1;39mFinal Step[0m.
[[0;32m  OK  [0m] Finished [0;1;39mPower-Off[0m.
[[0;32m  OK  [0m] Reached target [0;1;39mPower-Off[0m.
[   61.066346] reboot: Power down
Connection closed by foreign host.
Script done.

! Po <Enter> ji bus i≈°jungta ir i≈°trinta:

- Naujos VM i≈°jungimas:

VBoxManage.exe: error: Machine 'VGTU-2022-DeKo-saukrs-LDVM0' is not currently running

- Trinu naujƒÖ VM:

removed '/home/saukrs/src/TETfm-20/Semestras-3/2-Debes≈≥-kompiuterija/kursinis-darbas/Saulius-Krasuckas/VMs/VGTU-2022-DeKo-saukrs-LDVM0/Logs/VBox.log'
removed '/home/saukrs/src/TETfm-20/Semestras-3/2-Debes≈≥-kompiuterija/kursinis-darbas/Saulius-Krasuckas/VMs/VGTU-2022-DeKo-saukrs-LDVM0/Logs/VBoxHardening.log'
removed directory '/home/saukrs/src/TETfm-20/Semestras-3/2-Debes≈≥-kompiuterija/kursinis-darbas/Saulius-Krasuckas/VMs/VGTU-2022-DeKo-saukrs-LDVM0/Logs'
removed '/home/saukrs/src/TETfm-20/Semestras-3/2-Debes≈≥-kompiuterija/kursinis-darbas/Saulius-Krasuckas/VMs/VGTU-2022-DeKo-saukrs-LDVM0/VGTU-2022-DeKo-saukrs-LDVM0.vbox'
removed '/home/saukrs/src/TETfm-20/Semestras-3/2-Debes≈≥-kompiuterija/kursinis-darbas/Saulius-Krasuckas/VMs/VGTU-2022-DeKo-saukrs-LDVM0/VGTU-2022-DeKo-saukrs-LDVM0.vbox-prev'
removed directory '/home/saukrs/src/TETfm-20/Semestras-3/2-Debes≈≥-kompiuterija/kursinis-darbas/Saulius-Krasuckas/VMs/VGTU-2022-DeKo-saukrs-LDVM0'

- Galutinƒós VM:

