Trying 127.0.0.1...
Connected to 127.0.0.1.
Escape character is '^]'.
[    0.000000] Linux version 5.4.0-65-generic (buildd@lcy01-amd64-018) (gcc version 9.3.0 (Ubuntu 9.3.0-17ubuntu1~20.04)) #73-Ubuntu SMP Mon Jan 18 17:25:17 UTC 2021 (Ubuntu 5.4.0-65.73-generic 5.4.78)
[    0.000000] Command line: BOOT_IMAGE=/vmlinuz-5.4.0-65-generic root=UUID=e19e2c63-4dfa-48f5-80d5-606e2e94588d ro maybe-ubiquity console=ttyS0,115200n8
[    0.000000] KERNEL supported cpus:
[    0.000000]   Intel GenuineIntel
[    0.000000]   AMD AuthenticAMD
[    0.000000]   Hygon HygonGenuine
[    0.000000]   Centaur CentaurHauls
[    0.000000]   zhaoxin   Shanghai  
[    0.000000] x86/fpu: Supporting XSAVE feature 0x001: 'x87 floating point registers'
[    0.000000] x86/fpu: Supporting XSAVE feature 0x002: 'SSE registers'
[    0.000000] x86/fpu: Supporting XSAVE feature 0x004: 'AVX registers'
[    0.000000] x86/fpu: xstate_offset[2]:  576, xstate_sizes[2]:  256
[    0.000000] x86/fpu: Enabled xstate features 0x7, context size is 832 bytes, using 'standard' format.
[    0.000000] BIOS-provided physical RAM map:
[    0.000000] BIOS-e820: [mem 0x0000000000000000-0x000000000009fbff] usable
[    0.000000] BIOS-e820: [mem 0x000000000009fc00-0x000000000009ffff] reserved
[    0.000000] BIOS-e820: [mem 0x00000000000f0000-0x00000000000fffff] reserved
[    0.000000] BIOS-e820: [mem 0x0000000000100000-0x000000007ffeffff] usable
[    0.000000] BIOS-e820: [mem 0x000000007fff0000-0x000000007fffffff] ACPI data
[    0.000000] BIOS-e820: [mem 0x00000000fec00000-0x00000000fec00fff] reserved
[    0.000000] BIOS-e820: [mem 0x00000000fee00000-0x00000000fee00fff] reserved
[    0.000000] BIOS-e820: [mem 0x00000000fffc0000-0x00000000ffffffff] reserved
[    0.000000] NX (Execute Disable) protection: active
[    0.000000] SMBIOS 2.5 present.
[    0.000000] DMI: innotek GmbH VirtualBox/VirtualBox, BIOS VirtualBox 12/01/2006
[    0.000000] Hypervisor detected: KVM
[    0.000000] kvm-clock: Using msrs 4b564d01 and 4b564d00
[    0.000000] kvm-clock: cpu 0, msr 4bc01001, primary cpu clock
[    0.000000] kvm-clock: using sched offset of 25730890230 cycles
[    0.000003] clocksource: kvm-clock: mask: 0xffffffffffffffff max_cycles: 0x1cd42e4dffb, max_idle_ns: 881590591483 ns
[    0.000006] tsc: Detected 2556.508 MHz processor
[    0.005639] last_pfn = 0x7fff0 max_arch_pfn = 0x400000000
[    0.005661] Disabled
[    0.005662] x86/PAT: MTRRs disabled, skipping PAT initialization too.
[    0.005665] CPU MTRRs all blank - virtualized system.
[    0.005668] x86/PAT: Configuration [0-7]: WB  WT  UC- UC  WB  WT  UC- UC  
[    0.005754] found SMP MP-table at [mem 0x0009fff0-0x0009ffff]
[    0.100651] check: Scanning 1 areas for low memory corruption
[    0.100764] RAMDISK: [mem 0x2e3e3000-0x331e8fff]
[    0.100776] ACPI: Early table checksum verification disabled
[    0.100782] ACPI: RSDP 0x00000000000E0000 000024 (v02 VBOX  )
[    0.100787] ACPI: XSDT 0x000000007FFF0030 00003C (v01 VBOX   VBOXXSDT 00000001 ASL  00000061)
[    0.100793] ACPI: FACP 0x000000007FFF00F0 0000F4 (v04 VBOX   VBOXFACP 00000001 ASL  00000061)
[    0.100800] ACPI: DSDT 0x000000007FFF0470 002325 (v02 VBOX   VBOXBIOS 00000002 INTL 20160527)
[    0.100804] ACPI: FACS 0x000000007FFF0200 000040
[    0.100808] ACPI: FACS 0x000000007FFF0200 000040
[    0.100811] ACPI: APIC 0x000000007FFF0240 00005C (v02 VBOX   VBOXAPIC 00000001 ASL  00000061)
[    0.100815] ACPI: SSDT 0x000000007FFF02A0 0001CC (v01 VBOX   VBOXCPUT 00000002 INTL 20160527)
[    0.101085] No NUMA configuration found
[    0.101087] Faking a node at [mem 0x0000000000000000-0x000000007ffeffff]
[    0.101097] NODE_DATA(0) allocated [mem 0x7ffc5000-0x7ffeffff]
[    0.101351] Zone ranges:
[    0.101353]   DMA      [mem 0x0000000000001000-0x0000000000ffffff]
[    0.101354]   DMA32    [mem 0x0000000001000000-0x000000007ffeffff]
[    0.101355]   Normal   empty
[    0.101356]   Device   empty
[    0.101357] Movable zone start for each node
[    0.101360] Early memory node ranges
[    0.101361]   node   0: [mem 0x0000000000001000-0x000000000009efff]
[    0.101362]   node   0: [mem 0x0000000000100000-0x000000007ffeffff]
[    0.101365] Zeroed struct page in unavailable ranges: 114 pages
[    0.101365] Initmem setup node 0 [mem 0x0000000000001000-0x000000007ffeffff]
[    0.109589] ACPI: PM-Timer IO Port: 0x4008
[    0.109706] IOAPIC[0]: apic_id 2, version 32, address 0xfec00000, GSI 0-23
[    0.109711] ACPI: INT_SRC_OVR (bus 0 bus_irq 0 global_irq 2 dfl dfl)
[    0.109713] ACPI: INT_SRC_OVR (bus 0 bus_irq 9 global_irq 9 low level)
[    0.109719] Using ACPI (MADT) for SMP configuration information
[    0.109730] smpboot: Allowing 2 CPUs, 0 hotplug CPUs
[    0.109758] PM: Registered nosave memory: [mem 0x00000000-0x00000fff]
[    0.109760] PM: Registered nosave memory: [mem 0x0009f000-0x0009ffff]
[    0.109761] PM: Registered nosave memory: [mem 0x000a0000-0x000effff]
[    0.109761] PM: Registered nosave memory: [mem 0x000f0000-0x000fffff]
[    0.109763] [mem 0x80000000-0xfebfffff] available for PCI devices
[    0.109765] Booting paravirtualized kernel on KVM
[    0.109770] clocksource: refined-jiffies: mask: 0xffffffff max_cycles: 0xffffffff, max_idle_ns: 7645519600211568 ns
[    0.109778] setup_percpu: NR_CPUS:8192 nr_cpumask_bits:2 nr_cpu_ids:2 nr_node_ids:1
[    0.111134] percpu: Embedded 55 pages/cpu s188416 r8192 d28672 u1048576
[    0.111200] PV qspinlock hash table entries: 256 (order: 0, 4096 bytes, linear)
[    0.111210] Built 1 zonelists, mobility grouping on.  Total pages: 515961
[    0.111211] Policy zone: DMA32
[    0.111215] Kernel command line: BOOT_IMAGE=/vmlinuz-5.4.0-65-generic root=UUID=e19e2c63-4dfa-48f5-80d5-606e2e94588d ro maybe-ubiquity console=ttyS0,115200n8
[    0.112032] Dentry cache hash table entries: 262144 (order: 9, 2097152 bytes, linear)
[    0.112116] Inode-cache hash table entries: 131072 (order: 8, 1048576 bytes, linear)
[    0.112183] mem auto-init: stack:off, heap alloc:on, heap free:off
[    0.120932] Memory: 1947388K/2096696K available (14339K kernel code, 2399K rwdata, 4960K rodata, 2724K init, 4980K bss, 149308K reserved, 0K cma-reserved)
[    0.120941] random: get_random_u64 called from kmem_cache_open+0x2d/0x410 with crng_init=0
[    0.121816] SLUB: HWalign=64, Order=0-3, MinObjects=0, CPUs=2, Nodes=1
[    0.121833] Kernel/User page tables isolation: enabled
[    0.121869] ftrace: allocating 44555 entries in 175 pages
[    0.139055] rcu: Hierarchical RCU implementation.
[    0.139059] rcu: 	RCU restricting CPUs from NR_CPUS=8192 to nr_cpu_ids=2.
[    0.139060] 	Tasks RCU enabled.
[    0.139061] rcu: RCU calculated value of scheduler-enlistment delay is 25 jiffies.
[    0.139062] rcu: Adjusting geometry for rcu_fanout_leaf=16, nr_cpu_ids=2
[    0.141936] NR_IRQS: 524544, nr_irqs: 440, preallocated irqs: 16
[    0.151902] Console: colour VGA+ 80x25
[    0.351215] printk: console [ttyS0] enabled
[    0.352058] ACPI: Core revision 20190816
[    0.357897] APIC: Switch to symmetric I/O mode setup
[    0.359175] x2apic enabled
[    0.362682] Switched APIC routing to physical x2apic.
[    0.365084] ..TIMER: vector=0x30 apic1=0 pin1=2 apic2=-1 pin2=-1
[    0.368783] clocksource: tsc-early: mask: 0xffffffffffffffff max_cycles: 0x24d9bed1507, max_idle_ns: 440795300033 ns
[    0.375143] Calibrating delay loop (skipped) preset value.. 5113.01 BogoMIPS (lpj=10226032)
[    0.377050] pid_max: default: 32768 minimum: 301
[    0.379187] LSM: Security Framework initializing
[    0.380102] Yama: becoming mindful.
[    0.380910] AppArmor: AppArmor initialized
[    0.381771] Mount-cache hash table entries: 4096 (order: 3, 32768 bytes, linear)
[    0.383146] Mountpoint-cache hash table entries: 4096 (order: 3, 32768 bytes, linear)
[    0.384716] *** VALIDATE tmpfs ***
[    0.387275] *** VALIDATE proc ***
[    0.388001] *** VALIDATE cgroup1 ***
[    0.389618] *** VALIDATE cgroup2 ***
[    0.391333] Last level iTLB entries: 4KB 512, 2MB 8, 4MB 8
[    0.395139] Last level dTLB entries: 4KB 512, 2MB 32, 4MB 32, 1GB 0
[    0.396375] Spectre V1 : Mitigation: usercopy/swapgs barriers and __user pointer sanitization
[    0.399139] Spectre V2 : Mitigation: Full generic retpoline
[    0.400229] Spectre V2 : Spectre v2 / SpectreRSB mitigation: Filling RSB on context switch
[    0.401918] Speculative Store Bypass: Vulnerable
[    0.402924] MDS: Mitigation: Clear CPU buffers
[    0.403327] Freeing SMP alternatives memory: 40K
[    0.518392] APIC calibration not consistent with PM-Timer: 102ms instead of 100ms
[    0.519135] APIC delta adjusted to PM-Timer: 6250035 (6383363)
[    0.519269] smpboot: CPU0: Intel(R) Core(TM) i5-2520M CPU @ 2.50GHz (family: 0x6, model: 0x2a, stepping: 0x7)
[    0.521385] Performance Events: unsupported p6 CPU model 42 no PMU driver, software events only.
[    0.523392] rcu: Hierarchical SRCU implementation.
[    0.527807] NMI watchdog: Perf NMI watchdog permanently disabled
[    0.531949] smp: Bringing up secondary CPUs ...
[    0.535375] x86: Booting SMP configuration:
[    0.537316] .... node  #0, CPUs:      #1
[    0.224823] kvm-clock: cpu 1, msr 4bc01041, secondary cpu clock
[    0.541797] smp: Brought up 1 node, 2 CPUs
[    0.547197] smpboot: Max logical packages: 1
[    0.548317] smpboot: Total of 2 processors activated (10226.03 BogoMIPS)
[    0.549944] devtmpfs: initialized
[    0.551192] x86/mm: Memory block size: 128MB
[    0.552338] clocksource: jiffies: mask: 0xffffffff max_cycles: 0xffffffff, max_idle_ns: 7645041785100000 ns
[    0.553038] futex hash table entries: 512 (order: 3, 32768 bytes, linear)
[    0.555466] pinctrl core: initialized pinctrl subsystem
[    0.559343] PM: RTC time: 16:12:11, date: 2021-06-28
[    0.561611] NET: Registered protocol family 16
[    0.563240] audit: initializing netlink subsys (disabled)
[    0.564374] audit: type=2000 audit(1624885985.419:1): state=initialized audit_enabled=0 res=1
[    0.564374] EISA bus registered
[    0.571173] cpuidle: using governor ladder
[    0.572654] cpuidle: using governor menu
[    0.574146] ACPI: bus type PCI registered
[    0.575145] acpiphp: ACPI Hot Plug PCI Controller Driver version: 0.5
[    0.577673] PCI: Using configuration type 1 for base access
[    0.583242] HugeTLB registered 2.00 MiB page size, pre-allocated 0 pages
[    0.587784] ACPI: Added _OSI(Module Device)
[    0.588211] ACPI: Added _OSI(Processor Device)
[    0.589062] ACPI: Added _OSI(3.0 _SCP Extensions)
[    0.591150] ACPI: Added _OSI(Processor Aggregator Device)
[    0.592711] ACPI: Added _OSI(Linux-Dell-Video)
[    0.595175] ACPI: Added _OSI(Linux-Lenovo-NV-HDMI-Audio)
[    0.597187] ACPI: Added _OSI(Linux-HPI-Hybrid-Graphics)
[    0.602137] ACPI: 2 ACPI AML tables successfully acquired and loaded
[    0.609227] ACPI: Interpreter enabled
[    0.611156] ACPI: (supports S0 S5)
[    0.611833] ACPI: Using IOAPIC for interrupt routing
[    0.613083] PCI: Using host bridge windows from ACPI; if necessary, use "pci=nocrs" and report a bug
[    0.613083] ACPI: Enabled 2 GPEs in block 00 to 07
[    0.620596] ACPI: PCI Root Bridge [PCI0] (domain 0000 [bus 00-ff])
[    0.623010] acpi PNP0A03:00: _OSC: OS supports [ASPM ClockPM Segments MSI HPX-Type3]
[    0.628030] acpi PNP0A03:00: _OSC: not requesting OS control; OS requires [ExtendedConfig ASPM ClockPM MSI]
[    0.631165] acpi PNP0A03:00: fail to add MMCONFIG information, can't access extended PCI configuration space under this bridge.
[    0.635837] PCI host bridge to bus 0000:00
[    0.639149] pci_bus 0000:00: root bus resource [io  0x0000-0x0cf7 window]
[    0.639170] pci_bus 0000:00: root bus resource [io  0x0d00-0xffff window]
[    0.641496] pci_bus 0000:00: root bus resource [mem 0x000a0000-0x000bffff window]
[    0.643149] pci_bus 0000:00: root bus resource [mem 0x80000000-0xfdffffff window]
[    0.645623] pci_bus 0000:00: root bus resource [bus 00-ff]
[    0.647222] pci 0000:00:00.0: [8086:1237] type 00 class 0x060000
[    0.649890] pci 0000:00:01.0: [8086:7000] type 00 class 0x060100
[    0.652351] pci 0000:00:02.0: [80ee:beef] type 00 class 0x030000
[    0.659372] pci 0000:00:02.0: reg 0x10: [mem 0xe0000000-0xe07fffff pref]
[    0.676549] pci 0000:00:03.0: [8086:100e] type 00 class 0x020000
[    0.681453] pci 0000:00:03.0: reg 0x10: [mem 0xf0000000-0xf001ffff]
[    0.691281] pci 0000:00:03.0: reg 0x18: [io  0xd000-0xd007]
[    0.703484] pci 0000:00:04.0: [80ee:cafe] type 00 class 0x088000
[    0.707338] pci 0000:00:04.0: reg 0x10: [io  0xd020-0xd03f]
[    0.711339] pci 0000:00:04.0: reg 0x14: [mem 0xf0400000-0xf07fffff]
[    0.715333] pci 0000:00:04.0: reg 0x18: [mem 0xf0800000-0xf0803fff pref]
[    0.731653] pci 0000:00:05.0: [8086:2415] type 00 class 0x040100
[    0.733116] pci 0000:00:05.0: reg 0x10: [io  0xd100-0xd1ff]
[    0.734280] pci 0000:00:05.0: reg 0x14: [io  0xd200-0xd23f]
[    0.736466] pci 0000:00:07.0: [8086:7113] type 00 class 0x068000
[    0.738467] pci 0000:00:07.0: quirk: [io  0x4000-0x403f] claimed by PIIX4 ACPI
[    0.739169] pci 0000:00:07.0: quirk: [io  0x4100-0x410f] claimed by PIIX4 SMB
[    0.745103] pci 0000:00:0d.0: [8086:2829] type 00 class 0x010601
[    0.751135] pci 0000:00:0d.0: reg 0x10: [io  0xd240-0xd247]
[    0.757229] pci 0000:00:0d.0: reg 0x14: [io  0xd248-0xd24b]
[    0.763410] pci 0000:00:0d.0: reg 0x18: [io  0xd250-0xd257]
[    0.763410] pci 0000:00:0d.0: reg 0x1c: [io  0xd258-0xd25b]
[    0.767287] pci 0000:00:0d.0: reg 0x20: [io  0xd260-0xd26f]
[    0.773235] pci 0000:00:0d.0: reg 0x24: [mem 0xf0804000-0xf0805fff]
[    0.788545] ACPI: PCI Interrupt Link [LNKA] (IRQs 5 9 10 *11)
[    0.791530] ACPI: PCI Interrupt Link [LNKB] (IRQs 5 9 *10 11)
[    0.793385] ACPI: PCI Interrupt Link [LNKC] (IRQs 5 *9 10 11)
[    0.795309] ACPI: PCI Interrupt Link [LNKD] (IRQs 5 9 10 *11)
[    0.799160] iommu: Default domain type: Translated 
[    0.799585] SCSI subsystem initialized
[    0.803298] pci 0000:00:02.0: vgaarb: setting as boot VGA device
[    0.805533] pci 0000:00:02.0: vgaarb: VGA device added: decodes=io+mem,owns=io+mem,locks=none
[    0.807149] pci 0000:00:02.0: vgaarb: bridge control possible
[    0.809112] vgaarb: loaded
[    0.810132] ACPI: bus type USB registered
[    0.815242] usbcore: registered new interface driver usbfs
[    0.817263] usbcore: registered new interface driver hub
[    0.819190] usbcore: registered new device driver usb
[    0.819267] pps_core: LinuxPPS API ver. 1 registered
[    0.821029] pps_core: Software ver. 5.3.6 - Copyright 2005-2007 Rodolfo Giometti <giometti@linux.it>
[    0.823166] PTP clock support registered
[    0.827177] EDAC MC: Ver: 3.0.0
[    0.828491] PCI: Using ACPI for IRQ routing
[    0.831146] NetLabel: Initializing
[    0.831146] NetLabel:  domain hash size = 128
[    0.831146] NetLabel:  protocols = UNLABELED CIPSOv4 CALIPSO
[    0.832340] NetLabel:  unlabeled traffic allowed by default
[    0.839146] clocksource: Switched to clocksource kvm-clock
[    0.859822] *** VALIDATE bpf ***
[    0.861665] VFS: Disk quotas dquot_6.6.0
[    0.862989] VFS: Dquot-cache hash table entries: 512 (order 0, 4096 bytes)
[    0.865505] *** VALIDATE ramfs ***
[    0.866668] *** VALIDATE hugetlbfs ***
[    0.868187] AppArmor: AppArmor Filesystem Enabled
[    0.869159] pnp: PnP ACPI init
[    0.872234] pnp: PnP ACPI: found 3 devices
[    0.875626] thermal_sys: Registered thermal governor 'fair_share'
[    0.875630] thermal_sys: Registered thermal governor 'bang_bang'
[    0.878643] thermal_sys: Registered thermal governor 'step_wise'
[    0.881085] thermal_sys: Registered thermal governor 'user_space'
[    0.883333] thermal_sys: Registered thermal governor 'power_allocator'
[    0.890751] clocksource: acpi_pm: mask: 0xffffff max_cycles: 0xffffff, max_idle_ns: 2085701024 ns
[    0.896558] pci_bus 0000:00: resource 4 [io  0x0000-0x0cf7 window]
[    0.897803] pci_bus 0000:00: resource 5 [io  0x0d00-0xffff window]
[    0.898989] pci_bus 0000:00: resource 6 [mem 0x000a0000-0x000bffff window]
[    0.900369] pci_bus 0000:00: resource 7 [mem 0x80000000-0xfdffffff window]
[    0.901813] NET: Registered protocol family 2
[    0.904794] tcp_listen_portaddr_hash hash table entries: 1024 (order: 2, 16384 bytes, linear)
[    0.907317] TCP established hash table entries: 16384 (order: 5, 131072 bytes, linear)
[    0.909055] TCP bind hash table entries: 16384 (order: 6, 262144 bytes, linear)
[    0.910535] TCP: Hash tables configured (established 16384 bind 16384)
[    0.912025] UDP hash table entries: 1024 (order: 3, 32768 bytes, linear)
[    0.913364] UDP-Lite hash table entries: 1024 (order: 3, 32768 bytes, linear)
[    0.914857] NET: Registered protocol family 1
[    0.915934] NET: Registered protocol family 44
[    0.916866] pci 0000:00:00.0: Limiting direct PCI/PCI transfers
[    0.918050] pci 0000:00:01.0: Activating ISA DMA hang workarounds
[    0.920116] pci 0000:00:02.0: Video device with shadowed ROM at [mem 0x000c0000-0x000dffff]
[    0.921884] PCI: CLS 0 bytes, default 64
[    0.922775] Trying to unpack rootfs image as initramfs...
[    1.443485] Freeing initrd memory: 79896K
[    1.445510] clocksource: tsc: mask: 0xffffffffffffffff max_cycles: 0x24d9bed1507, max_idle_ns: 440795300033 ns
[    1.450276] clocksource: Switched to clocksource tsc
[    1.452483] platform rtc_cmos: registered platform RTC device (no PNP device found)
[    1.455870] check: Scanning for low memory corruption every 60 seconds
[    1.459269] Initialise system trusted keyrings
[    1.460912] Key type blacklist registered
[    1.462527] workingset: timestamp_bits=36 max_order=19 bucket_order=0
[    1.467352] zbud: loaded
[    1.468959] squashfs: version 4.0 (2009/01/31) Phillip Lougher
[    1.471522] fuse: init (API version 7.31)
[    1.473381] *** VALIDATE fuse ***
[    1.474535] *** VALIDATE fuse ***
[    1.476068] Platform Keyring initialized
[    1.483931] Key type asymmetric registered
[    1.486160] Asymmetric key parser 'x509' registered
[    1.487721] Block layer SCSI generic (bsg) driver version 0.4 loaded (major 244)
[    1.490122] io scheduler mq-deadline registered
[    1.491799] shpchp: Standard Hot Plug PCI Controller Driver version: 0.4
[    1.494323] ACPI: AC Adapter [AC] (on-line)
[    1.498204] input: Power Button as /devices/LNXSYSTM:00/LNXPWRBN:00/input/input0
[    1.500647] ACPI: Power Button [PWRF]
[    1.501872] input: Sleep Button as /devices/LNXSYSTM:00/LNXSLPBN:00/input/input1
[    1.508301] ACPI: Sleep Button [SLPF]
[    1.511287] battery: ACPI: Battery Slot [BAT0] (battery present)
[    1.513042] Serial: 8250/16550 driver, 32 ports, IRQ sharing enabled
[    1.701865] 00:02: ttyS0 at I/O 0x3f8 (irq = 4, base_baud = 115200) is a 16550A
[    1.713376] Linux agpgart interface v0.103
[    1.720133] loop: module loaded
[    1.722295] libphy: Fixed MDIO Bus: probed
[    1.725440] tun: Universal TUN/TAP device driver, 1.6
[    1.729845] PPP generic driver version 2.4.2
[    1.732491] VFIO - User Level meta-driver version: 0.3
[    1.734653] ehci_hcd: USB 2.0 'Enhanced' Host Controller (EHCI) Driver
[    1.737137] ehci-pci: EHCI PCI platform driver
[    1.738321] ehci-platform: EHCI generic platform driver
[    1.742269] ohci_hcd: USB 1.1 'Open' Host Controller (OHCI) Driver
[    1.745753] ohci-pci: OHCI PCI platform driver
[    1.747561] ohci-platform: OHCI generic platform driver
[    1.749611] uhci_hcd: USB Universal Host Controller Interface driver
[    1.751990] i8042: PNP: PS/2 Controller [PNP0303:PS2K,PNP0f03:PS2M] at 0x60,0x64 irq 1,12
[    1.756564] serio: i8042 KBD port at 0x60,0x64 irq 1
[    1.758214] serio: i8042 AUX port at 0x60,0x64 irq 12
[    1.761388] mousedev: PS/2 mouse device common for all mice
[    1.764383] input: AT Translated Set 2 keyboard as /devices/platform/i8042/serio0/input/input2
[    1.767561] rtc_cmos rtc_cmos: registered as rtc0
[    1.769075] rtc_cmos rtc_cmos: alarms up to one day, 114 bytes nvram
[    1.771058] i2c /dev entries driver
[    1.775652] device-mapper: uevent: version 1.0.3
[    1.782662] device-mapper: ioctl: 4.41.0-ioctl (2019-09-16) initialised: dm-devel@redhat.com
[    1.785080] platform eisa.0: Probing EISA bus 0
[    1.786362] platform eisa.0: EISA: Cannot allocate resource for mainboard
[    1.788266] platform eisa.0: Cannot allocate resource for EISA slot 1
[    1.790101] platform eisa.0: Cannot allocate resource for EISA slot 2
[    1.791978] platform eisa.0: Cannot allocate resource for EISA slot 3
[    1.793684] platform eisa.0: Cannot allocate resource for EISA slot 4
[    1.796422] platform eisa.0: Cannot allocate resource for EISA slot 5
[    1.798125] platform eisa.0: Cannot allocate resource for EISA slot 6
[    1.799997] platform eisa.0: Cannot allocate resource for EISA slot 7
[    1.801690] platform eisa.0: Cannot allocate resource for EISA slot 8
[    1.803462] platform eisa.0: EISA: Detected 0 cards
[    1.804718] intel_pstate: CPU model not supported
[    1.806063] ledtrig-cpu: registered to indicate activity on CPUs
[    1.807932] drop_monitor: Initializing network drop monitor service
[    1.810493] NET: Registered protocol family 10
[    2.100689] Segment Routing with IPv6
[    2.102147] NET: Registered protocol family 17
[    2.103736] Key type dns_resolver registered
[    2.105477] RAS: Correctable Errors collector initialized.
[    2.107132] IPI shorthand broadcast: enabled
[    2.110617] sched_clock: Marking stable (1889725321, 220823374)->(2115921244, -5372549)
[    2.113424] registered taskstats version 1
[    2.115456] Loading compiled-in X.509 certificates
[    2.118237] Loaded X.509 cert 'Build time autogenerated kernel key: 254611168742f91faa32f8ad6a92fc903145caeb'
[    2.121415] zswap: loaded using pool lzo/zbud
[    2.122767] Key type ._fscrypt registered
[    2.124115] Key type .fscrypt registered
[    2.135810] Key type big_key registered
[    2.141803] Key type encrypted registered
[    2.143878] AppArmor: AppArmor sha1 policy hashing enabled
[    2.145137] ima: No TPM chip found, activating TPM-bypass!
[    2.146385] ima: Allocated hash algorithm: sha1
[    2.147808] ima: No architecture policies found
[    2.149017] evm: Initialising EVM extended attributes:
[    2.150390] evm: security.selinux
[    2.151311] evm: security.SMACK64
[    2.152109] evm: security.SMACK64EXEC
[    2.153038] evm: security.SMACK64TRANSMUTE
[    2.153956] evm: security.SMACK64MMAP
[    2.154763] evm: security.apparmor
[    2.155568] evm: security.ima
[    2.156294] evm: security.capability
[    2.157204] evm: HMAC attrs: 0x1
[    2.158335] PM:   Magic number: 9:968:237
[    2.159377] rtc_cmos rtc_cmos: setting system clock to 2021-06-28T16:12:12 UTC (1624896732)
[    2.162924] Freeing unused decrypted memory: 2040K
[    2.164775] Freeing unused kernel image memory: 2724K
[    2.179218] Write protecting the kernel read-only data: 22528k
[    2.181334] Freeing unused kernel image memory: 2008K
[    2.183124] Freeing unused kernel image memory: 1184K
[    2.194707] x86/mm: Checked W+X mappings: passed, no W+X pages found.
[    2.196149] x86/mm: Checking user space page tables
[    2.206526] x86/mm: Checked W+X mappings: passed, no W+X pages found.
[    2.207871] Run /init as init process
Loading, please wait...
Starting version 245.4-4ubuntu3.4
[    2.333334] e1000: Intel(R) PRO/1000 Network Driver - version 7.3.21-k8-NAPI
[    2.336807] e1000: Copyright (c) 1999-2006 Intel Corporation.
[    2.343038] piix4_smbus 0000:00:07.0: SMBus Host Controller at 0x4100, revision 0
[    2.405502] ahci 0000:00:0d.0: SSS flag set, parallel bus scan disabled
[    2.409634] ahci 0000:00:0d.0: AHCI 0001.0100 32 slots 30 ports 3 Gbps 0x3fffffff impl SATA mode
[    2.413334] ahci 0000:00:0d.0: flags: 64bit ncq stag only ccc 
[    2.446567] ACPI: Video Device [GFX0] (multi-head: yes  rom: no  post: no)
[    2.450032] input: Video Bus as /devices/LNXSYSTM:00/LNXSYBUS:00/PNP0A03:00/LNXVIDEO:00/input/input5
[    2.454492] scsi host0: ahci
[    2.463112] cryptd: max_cpu_qlen set to 1000
[    2.464033] scsi host1: ahci
[    2.471924] scsi host2: ahci
[    2.474111] AVX version of gcm_enc/dec engaged.
[    2.475648] AES CTR mode by8 optimization enabled
[    2.480858] scsi host3: ahci
[    2.486826] scsi host4: ahci
[    2.496042] scsi host5: ahci
[    2.511571] scsi host6: ahci
[    2.523675] scsi host7: ahci
[    2.537090] scsi host8: ahci
[    2.548368] scsi host9: ahci
[    2.554898] [drm] VRAM 00800000
[    2.565038] scsi host10: ahci
[    2.566880] [TTM] Zone  kernel: Available graphics memory: 1017640 KiB
[    2.568408] [TTM] Initializing pool allocator
[    2.570197] [TTM] Initializing DMA pool allocator
[    2.575761] fbcon: vboxvideodrmfb (fb0) is primary device
[    2.578672] Console: switching to colour frame buffer device 100x37
[    2.583493] scsi host11: ahci
[    2.583546] vboxvideo 0000:00:02.0: fb0: vboxvideodrmfb frame buffer device
[    2.593785] scsi host12: ahci
[    2.595201] scsi host13: ahci
[    2.596733] scsi host14: ahci
[    2.597784] scsi host15: ahci
[    2.598849] scsi host16: ahci
[    2.600441] [drm] Initialized vboxvideo 1.0.0 20130823 for 0000:00:02.0 on minor 0
[    2.605976] scsi host17: ahci
[    2.633575] input: ImExPS/2 Generic Explorer Mouse as /devices/platform/i8042/serio1/input/input4
[    2.638403] scsi host18: ahci
[    2.640113] scsi host19: ahci
[    2.641554] scsi host20: ahci
[    2.643052] scsi host21: ahci
[    2.644246] scsi host22: ahci
[    2.645640] scsi host23: ahci
[    2.646963] scsi host24: ahci
[    2.648501] scsi host25: ahci
[    2.652066] scsi host26: ahci
[    2.654391] scsi host27: ahci
[    2.655680] scsi host28: ahci
[    2.656978] scsi host29: ahci
[    2.658341] ata1: SATA max UDMA/133 abar m8192@0xf0804000 port 0xf0804100 irq 21
[    2.660882] ata2: SATA max UDMA/133 abar m8192@0xf0804000 port 0xf0804180 irq 21
[    2.663987] ata3: SATA max UDMA/133 abar m8192@0xf0804000 port 0xf0804200 irq 21
[    2.665555] ata4: SATA max UDMA/133 abar m8192@0xf0804000 port 0xf0804280 irq 21
[    2.667021] ata5: SATA max UDMA/133 abar m8192@0xf0804000 port 0xf0804300 irq 21
[    2.668653] ata6: SATA max UDMA/133 abar m8192@0xf0804000 port 0xf0804380 irq 21
[    2.670801] ata7: SATA max UDMA/133 abar m8192@0xf0804000 port 0xf0804400 irq 21
[    2.675322] ata8: SATA max UDMA/133 abar m8192@0xf0804000 port 0xf0804480 irq 21
[    2.678425] ata9: SATA max UDMA/133 abar m8192@0xf0804000 port 0xf0804500 irq 21
[    2.681455] ata10: SATA max UDMA/133 abar m8192@0xf0804000 port 0xf0804580 irq 21
[    2.684521] ata11: SATA max UDMA/133 abar m8192@0xf0804000 port 0xf0804600 irq 21
[    2.687540] ata12: SATA max UDMA/133 abar m8192@0xf0804000 port 0xf0804680 irq 21
[    2.690528] ata13: SATA max UDMA/133 abar m8192@0xf0804000 port 0xf0804700 irq 21
[    2.693599] ata14: SATA max UDMA/133 abar m8192@0xf0804000 port 0xf0804780 irq 21
[    2.697720] ata15: SATA max UDMA/133 abar m8192@0xf0804000 port 0xf0804800 irq 21
[    2.701292] ata16: SATA max UDMA/133 abar m8192@0xf0804000 port 0xf0804880 irq 21
[    2.704604] ata17: SATA max UDMA/133 abar m8192@0xf0804000 port 0xf0804900 irq 21
[    2.707130] ata18: SATA max UDMA/133 abar m8192@0xf0804000 port 0xf0804980 irq 21
[    2.708986] ata19: SATA max UDMA/133 abar m8192@0xf0804000 port 0xf0804a00 irq 21
[    2.711765] ata20: SATA max UDMA/133 abar m8192@0xf0804000 port 0xf0804a80 irq 21
[    2.714603] ata21: SATA max UDMA/133 abar m8192@0xf0804000 port 0xf0804b00 irq 21
[    2.717298] ata22: SATA max UDMA/133 abar m8192@0xf0804000 port 0xf0804b80 irq 21
[    2.719899] ata23: SATA max UDMA/133 abar m8192@0xf0804000 port 0xf0804c00 irq 21
[    2.722537] ata24: SATA max UDMA/133 abar m8192@0xf0804000 port 0xf0804c80 irq 21
[    2.725227] ata25: SATA max UDMA/133 abar m8192@0xf0804000 port 0xf0804d00 irq 21
[    2.727952] ata26: SATA max UDMA/133 abar m8192@0xf0804000 port 0xf0804d80 irq 21
[    2.730613] ata27: SATA max UDMA/133 abar m8192@0xf0804000 port 0xf0804e00 irq 21
[    2.733252] ata28: SATA max UDMA/133 abar m8192@0xf0804000 port 0xf0804e80 irq 21
[    2.735939] ata29: SATA max UDMA/133 abar m8192@0xf0804000 port 0xf0804f00 irq 21
[    2.738054] ata30: SATA max UDMA/133 abar m8192@0xf0804000 port 0xf0804f80 irq 21
[    2.919368] e1000 0000:00:03.0 eth0: (PCI:33MHz:32-bit) 08:00:27:4d:b1:81
[    2.924143] e1000 0000:00:03.0 eth0: Intel(R) PRO/1000 Network Connection
[    2.930838] e1000 0000:00:03.0 enp0s3: renamed from eth0
[    3.281868] ata1: SATA link up 3.0 Gbps (SStatus 123 SControl 300)
[    3.285126] ata1.00: ATA-6: VBOX HARDDISK, 1.0, max UDMA/133
[    3.286699] ata1.00: 1048576000 sectors, multi 128: LBA48 NCQ (depth 32)
[    3.288660] ata1.00: configured for UDMA/133
[    3.289645] scsi 0:0:0:0: Direct-Access     ATA      VBOX HARDDISK    1.0  PQ: 0 ANSI: 5
[    3.291528] sd 0:0:0:0: [sda] 1048576000 512-byte logical blocks: (537 GB/500 GiB)
[    3.293072] sd 0:0:0:0: Attached scsi generic sg0 type 0
[    3.294196] sd 0:0:0:0: [sda] Write Protect is off
[    3.295432] sd 0:0:0:0: [sda] Write cache: enabled, read cache: enabled, doesn't support DPO or FUA
[    3.392914]  sda: sda1 sda2 sda3 sda4 sda5
[    3.396428] sd 0:0:0:0: [sda] Attached SCSI disk
[    4.150249] ata2: SATA link down (SStatus 0 SControl 300)
[    4.522051] ata3: SATA link down (SStatus 0 SControl 300)
[    5.336858] ata4: SATA link down (SStatus 0 SControl 300)
[    5.816552] ata5: SATA link down (SStatus 0 SControl 300)
[    6.312527] ata6: SATA link down (SStatus 0 SControl 300)
[    7.077613] ata7: SATA link down (SStatus 0 SControl 300)
[    7.594547] ata8: SATA link down (SStatus 0 SControl 300)
[    8.263920] ata9: SATA link down (SStatus 0 SControl 300)
[    9.028542] ata10: SATA link down (SStatus 0 SControl 300)
[    9.345172] ata11: SATA link down (SStatus 0 SControl 300)
[   10.004580] ata12: SATA link down (SStatus 0 SControl 300)
[   10.385373] ata13: SATA link down (SStatus 0 SControl 300)
[   10.980173] ata14: SATA link down (SStatus 0 SControl 300)
[   11.388190] ata15: SATA link down (SStatus 0 SControl 300)
[   11.939200] ata16: SATA link down (SStatus 0 SControl 300)
[   12.337891] ata17: SATA link down (SStatus 0 SControl 300)
[   12.651544] ata18: SATA link down (SStatus 0 SControl 300)
[   12.967487] ata19: SATA link down (SStatus 0 SControl 300)
[   13.323392] ata20: SATA link down (SStatus 0 SControl 300)
[   13.907726] ata21: SATA link down (SStatus 0 SControl 300)
[   14.307379] ata22: SATA link down (SStatus 0 SControl 300)
[   14.882979] ata23: SATA link down (SStatus 0 SControl 300)
[   15.329962] ata24: SATA link down (SStatus 0 SControl 300)
[   15.858575] ata25: SATA link down (SStatus 0 SControl 300)
[   16.536044] ata26: SATA link down (SStatus 0 SControl 300)
[   17.044712] ata27: SATA link down (SStatus 0 SControl 300)
[   17.625984] ata28: SATA link down (SStatus 0 SControl 300)
[   18.279895] ata29: SATA link down (SStatus 0 SControl 300)
[   18.785432] ata30: SATA link down (SStatus 0 SControl 300)
[   19.145851] random: fast init done
[   19.607406] random: systemd-udevd: uninitialized urandom read (16 bytes read)
[   19.620206] random: systemd-udevd: uninitialized urandom read (16 bytes read)
[   19.706248] random: systemd-udevd: uninitialized urandom read (16 bytes read)
Begin: Loading essential drivers ... [   19.927153] raid6: sse2x4   gen() 11882 MB/s
[   19.975164] raid6: sse2x4   xor()  7415 MB/s
[   20.023168] raid6: sse2x2   gen()  9991 MB/s
[   20.071167] raid6: sse2x2   xor()  6964 MB/s
[   20.119153] raid6: sse2x1   gen()  8706 MB/s
[   20.167159] raid6: sse2x1   xor()  6139 MB/s
[   20.168157] raid6: using algorithm sse2x4 gen() 11882 MB/s
[   20.169210] raid6: .... xor() 7415 MB/s, rmw enabled
[   20.170244] raid6: using ssse3x2 recovery algorithm
[   20.172530] xor: automatically using best checksumming function   avx       
[   20.177080] async_tx: api initialized (async)
done.
Begin: Running /scripts/init-premount ... done.
Begin: Mounting root file system ... Begin: Running /scripts/local-top ... done.
Begin: Running /scripts/local-premount ... [   20.252165] Btrfs loaded, crc32c=crc32c-intel
Scanning for Btrfs filesystems
done.
Warning: fsck not present, so skipping root file system
[   20.321486] EXT4-fs (sda2): mounted filesystem with ordered data mode. Opts: (null)
done.
Begin: Running /scripts/local-bottom ... done.
Begin: Running /scripts/init-bottom ... done.
[   21.643458] systemd[1]: Inserted module 'autofs4'
[   21.764531] systemd[1]: systemd 245.4-4ubuntu3.4 running in system mode. (+PAM +AUDIT +SELINUX +IMA +APPARMOR +SMACK +SYSVINIT +UTMP +LIBCRYPTSETUP +GCRYPT +GNUTLS +ACL +XZ +LZ4 +SECCOMP +BLKID +ELFUTILS +KMOD +IDN2 -IDN +PCRE2 default-hierarchy=hybrid)
[   21.774969] systemd[1]: Detected virtualization oracle.
[   21.776162] systemd[1]: Detected architecture x86-64.

Welcome to Ubuntu 20.04.2 LTS!

[   21.813204] systemd[1]: Set hostname to <osboxes>.
[   22.453802] random: crng init done
[   22.455949] random: 7 urandom warning(s) missed due to ratelimiting
[   22.912442] systemd[1]: /lib/systemd/system/dbus.socket:5: ListenStream= references a path below legacy directory /var/run/, updating /var/run/dbus/system_bus_socket → /run/dbus/system_bus_socket; please update the unit file accordingly.
[   23.023319] systemd[1]: Created slice system-modprobe.slice.
[  OK  ] Created slice system-modprobe.slice.
[   23.025110] systemd[1]: Created slice system-serial\x2dgetty.slice.
[  OK  ] Created slice system-serial\x2dgetty.slice.
[   23.035611] systemd[1]: Created slice User and Session Slice.
[  OK  ] Created slice User and Session Slice.
[   23.047445] systemd[1]: Started Forward Password Requests to Wall Directory Watch.
[  OK  ] Started Forward Password R…uests to Wall Directory Watch.
[   23.051658] systemd[1]: Set up automount Arbitrary Executable File Formats File System Automount Point.
[  OK  ] Set up automount Arbitrary…s File System Automount Point.
[   23.057141] systemd[1]: Reached target User and Group Name Lookups.
[  OK  ] Reached target User and Group Name Lookups.
[   23.060383] systemd[1]: Reached target Slices.
[  OK  ] Reached target Slices.
[   23.071529] systemd[1]: Listening on Device-mapper event daemon FIFOs.
[  OK  ] Listening on Device-mapper event daemon FIFOs.
[   23.074926] systemd[1]: Listening on LVM2 poll daemon socket.
[  OK  ] Listening on LVM2 poll daemon socket.
[   23.077229] systemd[1]: Listening on multipathd control socket.
[  OK  ] Listening on multipathd control socket.
[   23.079621] systemd[1]: Listening on Syslog Socket.
[  OK  ] Listening on Syslog Socket.
[   23.091515] systemd[1]: Listening on initctl Compatibility Named Pipe.
[  OK  ] Listening on initctl Compatibility Named Pipe.
[   23.094713] systemd[1]: Listening on Journal Audit Socket.
[  OK  ] Listening on Journal Audit Socket.
[   23.097102] systemd[1]: Listening on Journal Socket (/dev/log).
[  OK  ] Listening on Journal Socket (/dev/log).
[   23.099759] systemd[1]: Listening on Journal Socket.
[  OK  ] Listening on Journal Socket.
[   23.102893] systemd[1]: Listening on Network Service Netlink Socket.
[  OK  ] Listening on Network Service Netlink Socket.
[   23.105636] systemd[1]: Listening on udev Control Socket.
[  OK  ] Listening on udev Control Socket.
[   23.107916] systemd[1]: Listening on udev Kernel Socket.
[  OK  ] Listening on udev Kernel Socket.
[   23.111801] systemd[1]: Mounting Huge Pages File System...
         Mounting Huge Pages File System...
[   23.116197] systemd[1]: Mounting POSIX Message Queue File System...
         Mounting POSIX Message Queue File System...
[   23.120030] systemd[1]: Mounting Kernel Debug File System...
         Mounting Kernel Debug File System...
[   23.127419] systemd[1]: Mounting Kernel Trace File System...
         Mounting Kernel Trace File System...
[   23.136271] systemd[1]: Starting Journal Service...
         Starting Journal Service...
[   23.140416] systemd[1]: Starting Set the console keyboard layout...
         Starting Set the console keyboard layout...
[   23.149532] systemd[1]: Starting Create list of static device nodes for the current kernel...
         Starting Create list of st…odes for the current kernel...
[   23.172533] systemd[1]: Starting Monitoring of LVM2 mirrors, snapshots etc. using dmeventd or progress polling...
         Starting Monitoring of LVM…meventd or progress polling...
[   23.191908] systemd[1]: Condition check resulted in Load Kernel Module drm being skipped.
[   23.196033] systemd[1]: Condition check resulted in OpenVSwitch configuration for cleanup being skipped.
[   23.220814] systemd[1]: Condition check resulted in Set Up Additional Binary Formats being skipped.
[   23.253364] systemd[1]: Starting Load Kernel Modules...
         Starting Load Kernel Modules...
[   23.257513] systemd[1]: Starting Remount Root and Kernel File Systems...
         Starting Remount Root and Kernel File Systems...
[   23.265725] systemd[1]: Starting udev Coldplug all Devices...
         Starting udev Coldplug all Devices...
[   23.271459] systemd[1]: Starting Uncomplicated firewall...
         Starting Uncomplicated firewall...
[   23.277310] systemd[1]: Mounted Huge Pages File System.
[  OK  ] Mounted Huge Pages File System.
[   23.280556] systemd[1]: Mounted POSIX Message Queue File System.
[  OK  ] Mounted POSIX Message Queue File System.
[   23.284452] systemd[1]: Mounted Kernel Debug File System.
[  OK  ] Mounted Kernel Debug File System.
[   23.288389] systemd[1]: Mounted Kernel Trace File System.
[  OK  ] Mounted Kernel Trace File System.
[   23.292134] systemd[1]: Finished Create list of static device nodes for the current kernel.
[  OK  ] Finished Create list of st… nodes for the current kernel.
[   23.303678] systemd[1]: Finished Monitoring of LVM2 mirrors, snapshots etc. using dmeventd or progress polling.
[  OK  ] Finished Monitoring of LVM… dmeventd or progress polling.
[   23.332271] systemd[1]: Finished Uncomplicated firewall.
[  OK  ] Finished Uncomplicated firewall.
[   23.344406] systemd[1]: Finished Load Kernel Modules.
[  OK  ] Finished Load Kernel Modules.
[   23.353999] systemd[1]: Mounting FUSE Control File System...
         Mounting FUSE Control File System...
[   23.376600] systemd[1]: Mounting Kernel Configuration File System...
         Mounting Kernel Configuration File System...
[   23.387884] EXT4-fs (sda2): re-mounted. Opts: (null)
[   23.391451] systemd[1]: Starting Apply Kernel Variables...
         Starting Apply Kernel Variables...
[   23.404481] systemd[1]: Started Journal Service.
[  OK  ] Started Journal Service.
[  OK  ] Finished Set the console keyboard layout.
[  OK  ] Finished Remount Root and Kernel File Systems.
[  OK  ] Mounted FUSE Control File System.
[  OK  ] Mounted Kernel Configuration File System.
         Activating swap /swap.img...
         Starting Flush Journal to Persistent Storage...
         Starting Load/Save Random Seed...
         Starting Create System Users...
[  OK  ] Finished Apply Kernel Variables.
[  OK  ] Finished udev Coldplug all Devices.
         Starting udev Wait for Complete Device Initialization...
[  OK  ] Activated swap /swap.img.
[  OK  ] Finished Create System Users.
         Starting Create Static Device Nodes in /dev...
[  OK  ] Finished Load/Save Random Seed.
[  OK  ] Finished Create Static Device Nodes in /dev.
         Starting udev Kernel Device Manager...
[  OK  ] Finished Flush Journal to Persistent Storage.
[  OK  ] Started udev Kernel Device Manager.
[  OK  ] Started Dispatch Password …ts to Console Directory Watch.
[  OK  ] Reached target Local Encrypted Volumes.
[  OK  ] Found device /dev/ttyS0.
[  OK  ] Listening on Load/Save RF …itch Status /dev/rfkill Watch.
[   27.175321] snd_intel8x0 0000:00:05.0: measure - unreliable DMA position..
[  OK  ] Found device VBOX_HARDDISK 3.
[  OK  ] Found device VBOX_HARDDISK 4.
[  OK  ] Found device VBOX_HARDDISK 5.
         Activating swap /dev/disk/…7337-41ec-b55a-2508c59a3553...
[  OK  ] Activated swap /dev/disk/b…c-7337-41ec-b55a-2508c59a3553.
[  OK  ] Reached target Swap.
[   27.555311] snd_intel8x0 0000:00:05.0: measure - unreliable DMA position..
[   27.939340] snd_intel8x0 0000:00:05.0: measure - unreliable DMA position..
[  OK  ] Reached target Sound Card.
[  OK  ] Finished udev Wait for Complete Device Initialization.
         Starting Device-Mapper Multipath Device Controller...
[  OK  ] Started Device-Mapper Multipath Device Controller.
[  OK  ] Reached target Local File Systems (Pre).
         Mounting /boot...
         Mounting /home...
         Mounting Mount unit for core18, revision 1944...
         Mounting Mount unit for core18, revision 1988...
         Mounting Mount unit for lxd, revision 19188...
         Mounting Mount unit for snapd, revision 10707...
         Mounting Mount unit for snapd, revision 11107...
[  OK  ] Mounted /boot.
[  OK  ] Mounted /home.
[  OK  ] Mounted Mount unit for core18, revision 1944.
[  OK  ] Mounted Mount unit for core18, revision 1988.
[  OK  ] Mounted Mount unit for lxd, revision 19188.
[  OK  ] Mounted Mount unit for snapd, revision 11107.
[  OK  ] Mounted Mount unit for snapd, revision 10707.
[  OK  ] Reached target Local File Systems.
         Starting Load AppArmor profiles...
         Starting Set console font and keymap...
         Starting Create final runt…dir for shutdown pivot root...
         Starting Tell Plymouth To Write Out Runtime Data...
         Starting Create Volatile Files and Directories...
[  OK  ] Finished Create final runt…e dir for shutdown pivot root.
[  OK  ] Finished Set console font and keymap.
[  OK  ] Finished Tell Plymouth To Write Out Runtime Data.
[  OK  ] Finished Create Volatile Files and Directories.
         Starting Network Time Synchronization...
         Starting Update UTMP about System Boot/Shutdown...
[  OK  ] Finished Update UTMP about System Boot/Shutdown.
[  OK  ] Finished Load AppArmor profiles.
         Starting Load AppArmor pro…managed internally by snapd...
         Starting Initial cloud-init job (pre-networking)...
[  OK  ] Started Network Time Synchronization.
[  OK  ] Reached target System Time Set.
[  OK  ] Reached target System Time Synchronized.
[  OK  ] Finished Load AppArmor pro…s managed internally by snapd.
[   32.135397] cloud-init[686]: Cloud-init v. 20.4.1-0ubuntu1~20.04.1 running 'init-local' at Mon, 28 Jun 2021 16:12:42 +0000. Up 31.99 seconds.
[  OK  ] Finished Initial cloud-init job (pre-networking).
[  OK  ] Reached target Network (Pre).
         Starting Network Service...
[  OK  ] Started Network Service.
         Starting Wait for Network to be Configured...
         Starting Network Name Resolution...
[  OK  ] Started Network Name Resolution.
[  OK  ] Reached target Network.
[  OK  ] Reached target Host and Network Name Lookups.
[  OK  ] Finished Wait for Network to be Configured.
         Starting Initial cloud-ini… (metadata service crawler)...
[   34.910727] cloud-init[696]: Cloud-init v. 20.4.1-0ubuntu1~20.04.1 running 'init' at Mon, 28 Jun 2021 16:12:45 +0000. Up 34.55 seconds.
[   34.913066] cloud-init[696]: ci-info: ++++++++++++++++++++++++++++++++++++++Net device info+++++++++++++++++++++++++++++++++++++++
[   34.916640] cloud-init[696]: ci-info: +--------+------+-----------------------------+---------------+--------+-------------------+
[   34.918701] cloud-init[696]: ci-info: | Device |  Up  |           Address           |      Mask     | Scope  |     Hw-Address    |
[   34.921843] cloud-init[696]: ci-info: +--------+------+-----------------------------+---------------+--------+-------------------+
[   34.924543] cloud-init[696]: ci-info: | enp0s3 | True |          10.0.2.15          | 255.255.255.0 | global | 08:00:27:4d:b1:81 |
[   34.927159] cloud-init[696]: ci-info: | enp0s3 | True | fe80::a00:27ff:fe4d:b181/64 |       .       |  link  | 08:00:27:4d:b1:81 |
[   34.931209] cloud-init[696]: ci-info: |   lo   | True |          127.0.0.1          |   255.0.0.0   |  host  |         .         |
[   34.933457] cloud-init[696]: ci-info: |   lo   | True |           ::1/128           |       .       |  host  |         .         |
[   34.939861] cloud-init[696]: ci-info: +--------+------+-----------------------------+---------------+--------+-------------------+
[   34.943251] cloud-init[696]: ci-info: ++++++++++++++++++++++++++++Route IPv4 info+++++++++++++++++++++++++++++
[   34.946026] cloud-init[696]: ci-info: +-------+-------------+----------+-----------------+-----------+-------+
[   34.949365] cloud-init[696]: ci-info: | Route | Destination | Gateway  |     Genmask     | Interface | Flags |
[   34.955721] cloud-init[696]: ci-info: +-------+-------------+----------+-----------------+-----------+-------+
[   34.974552] cloud-init[696]: ci-info: |   0   |   0.0.0.0   | 10.0.2.2 |     0.0.0.0     |   enp0s3  |   UG  |
[   34.977583] cloud-init[696]: ci-info: |   1   |   10.0.2.0  | 0.0.0.0  |  255.255.255.0  |   enp0s3  |   U   |
[   34.980000] cloud-init[696]: ci-info: |   2   |   10.0.2.2  | 0.0.0.0  | 255.255.255.255 |   enp0s3  |   UH  |
[   34.982750] cloud-init[696]: ci-info: +-------+-------------+----------+-----------------+-----------+-------+
[   34.986074] cloud-init[696]: ci-info: +++++++++++++++++++Route IPv6 info+++++++++++++++++++
[   34.988595] cloud-init[696]: ci-info: +-------+-------------+---------+-----------+-------+
[   34.989943] cloud-init[696]: ci-info: | Route | Destination | Gateway | Interface | Flags |
[   34.993100] cloud-init[696]: ci-info: +-------+-------------+---------+-----------+-------+
[   34.995614] cloud-init[696]: ci-info: |   1   |  fe80::/64  |    ::   |   enp0s3  |   U   |
[   34.998612] cloud-init[696]: ci-info: |   3   |    local    |    ::   |   enp0s3  |   U   |
[   35.001796] cloud-init[696]: ci-info: |   4   |   ff00::/8  |    ::   |   enp0s3  |   U   |
[   35.007361] cloud-init[696]: ci-info: +-------+-------------+---------+-----------+-------+
[  OK  ] Finished Initial cloud-ini…ob (metadata service crawler).
[  OK  ] Reached target Cloud-config availability.
[  OK  ] Reached target Network is Online.
[  OK  ] Reached target System Initialization.
[  OK  ] Started Daily apt download activities.
[  OK  ] Started Daily apt upgrade and clean activities.
[  OK  ] Started Periodic ext4 Onli…ata Check for All Filesystems.
[  OK  ] Started Discard unused blocks once a week.
[  OK  ] Started Refresh fwupd metadata regularly.
[  OK  ] Started Daily rotation of log files.
[  OK  ] Started Daily man-db regeneration.
[  OK  ] Started Message of the Day.
[  OK  ] Started Daily Cleanup of Temporary Directories.
[  OK  ] Reached target Paths.
[  OK  ] Reached target Timers.
[  OK  ] Listening on D-Bus System Message Bus Socket.
[  OK  ] Listening on Open-iSCSI iscsid Socket.
[  OK  ] Listening on Socket unix for snap application lxd.daemon.
         Starting Socket activation for snappy daemon.
[  OK  ] Listening on UUID daemon activation socket.
[  OK  ] Reached target Remote File Systems (Pre).
[  OK  ] Reached target Remote File Systems.
         Starting Availability of block devices...
[  OK  ] Listening on Socket activation for snappy daemon.
[  OK  ] Finished Availability of block devices.
[  OK  ] Reached target Sockets.
[  OK  ] Reached target Basic System.
         Starting Accounts Service...
         Starting LSB: automatic crash report generation...
         Starting Deferred execution scheduler...
[  OK  ] Started Regular background program processing daemon.
[  OK  ] Started D-Bus System Message Bus.
[  OK  ] Started Save initial kernel messages after boot.
         Starting Remove Stale Onli…t4 Metadata Check Snapshots...
         Starting Discard unused bl…filesystems from /etc/fstab...
         Starting LSB: Record successful boot for GRUB...
         Starting GRUB failed boot detection...
[  OK  ] Started irqbalance daemon.
         Starting Dispatcher daemon for systemd-networkd...
         Starting System Logging Service...
         Starting Service for snap application lxd.activate...
         Starting Snap Daemon...
         Starting Login Service...
         Starting Permit User Sessions...
         Starting Thermal Daemon Service...
         Starting Rotate log files...
         Starting Daily man-db regeneration...
[  OK  ] Started Deferred execution scheduler.
[  OK  ] Finished Discard unused bl…n filesystems from /etc/fstab.
[  OK  ] Finished Permit User Sessions.
         Starting Hold until boot process finishes up...
         Starting Terminate Plymouth Boot Screen...
[  OK  ] Finished Hold until boot process finishes up.
[  OK  ] Finished Terminate Plymouth Boot Screen.
[  OK  ] Started Serial Getty on ttyS0.
         Starting Set console scheme...
[  OK  ] Finished GRUB failed boot detection.
[  OK  ] Finished Set console scheme.
[  OK  ] Created slice system-getty.slice.
[  OK  ] Started Getty on tty1.
[  OK  ] Reached target Login Prompts.
[  OK  ] Finished Remove Stale Onli…ext4 Metadata Check Snapshots.
[  OK  ] Started LSB: Record successful boot for GRUB.
[  OK  ] Started LSB: automatic crash report generation.
[  OK  ] Started System Logging Service.
[  OK  ] Finished Rotate log files.
[  OK  ] Started Login Service.
[  OK  ] Started Thermal Daemon Service.
[  OK  ] Started Unattended Upgrades Shutdown.
[  OK  ] Started Dispatcher daemon for systemd-networkd.
         Starting Authorization Manager...
[  OK  ] Started Authorization Manager.
[  OK  ] Started Accounts Service.

Ubuntu 20.04.2 LTS osboxes ttyS0

osboxes login: os[   50.942184] cloud-init[899]: Cloud-init v. 20.4.1-0ubuntu1~20.04.1 running 'modules:config' at Mon, 28 Jun 2021 16:13:01 +0000. Up 50.54 seconds.
[   51.777794] cloud-init[904]: Cloud-init v. 20.4.1-0ubuntu1~20.04.1 running 'modules:final' at Mon, 28 Jun 2021 16:13:02 +0000. Up 51.64 seconds.
[   51.778003] cloud-init[904]: Cloud-init v. 20.4.1-0ubuntu1~20.04.1 finished at Mon, 28 Jun 2021 16:13:02 +0000. Datasource DataSourceNone.  Up 51.77 seconds
[   51.778434] cloud-init[904]: 2021-06-28 16:13:02,338 - cc_final_message.py[WARNING]: Used fallback datasource
boxes
osboxes
[   59.714264] e1000 0000:00:03.0 enp0s3: Detected Tx Unit Hang
[   59.714264]   Tx Queue             <0>
[   59.714264]   TDH                  <da>
[   59.714264]   TDT                  <dd>
[   59.714264]   next_to_use          <dd>
[   59.714264]   next_to_clean        <db>
[   59.714264] buffer_info[next_to_clean]
[   59.714264]   time_stamp           <ffff1390>
[   59.714264]   next_to_watch        <dc>
[   59.714264]   jiffies              <ffff14fe>
[   59.714264]   next_to_watch.status <0>
Password: osboxes.org

Welcome to Ubuntu 20.04.2 LTS (GNU/Linux 5.4.0-65-generic x86_64)

 * Documentation:  https://help.ubuntu.com
 * Management:     https://landscape.canonical.com
 * Support:        https://ubuntu.com/advantage

 System information disabled due to load higher than 2.0


45 updates can be installed immediately.
26 of these updates are security updates.
To see these additional updates run: apt list --upgradable


The list of available updates is more than a week old.
To check for new updates run: sudo apt update

Last login: Sat Mar  6 21:53:32 UTC 2021 on tty1
osboxes@osboxes:~$ 
osboxes@osboxes:~$ w
w
 13:14:01 up 1 min,  1 user,  load average: 4.11, 1.55, 0.56
USER     TTY      FROM             LOGIN@   IDLE   JCPU   PCPU WHAT
osboxes  ttyS0    -                13:13    0.00s  0.12s  0.01s w
osboxes@osboxes:~$ 
osboxes@osboxes:~$ id
id
uid=1000(osboxes) gid=1000(osboxes) groups=1000(osboxes),4(adm),24(cdrom),27(sudo),30(dip),46(plugdev),116(lxd)
osboxes@osboxes:~$ 
osboxes@osboxes:~$ df -Th
df -Th
Filesystem     Type      Size  Used Avail Use% Mounted on
udev           devtmpfs  951M     0  951M   0% /dev
tmpfs          tmpfs     199M  968K  198M   1% /run
/dev/sda2      ext4      232G  6.3G  214G   3% /
tmpfs          tmpfs     994M     0  994M   0% /dev/shm
tmpfs          tmpfs     5.0M     0  5.0M   0% /run/lock
tmpfs          tmpfs     994M     0  994M   0% /sys/fs/cgroup
/dev/sda3      ext4      976M  104M  806M  12% /boot
/dev/sda5      ext4      249G   61M  236G   1% /home
/dev/loop0     squashfs   56M   56M     0 100% /snap/core18/1944
/dev/loop1     squashfs   56M   56M     0 100% /snap/core18/1988
/dev/loop2     squashfs   70M   70M     0 100% /snap/lxd/19188
/dev/loop3     squashfs   33M   33M     0 100% /snap/snapd/11107
/dev/loop4     squashfs   32M   32M     0 100% /snap/snapd/10707
tmpfs          tmpfs     199M     0  199M   0% /run/user/1000
/dev/loop5     squashfs   56M   56M     0 100% /snap/core18/2074
osboxes@osboxes:~$ 
osboxes@osboxes:~$ last
last
osboxes  ttyS0                         Mon Jun 28 13:13   still logged in
reboot   system boot  5.4.0-65-generic Mon Jun 28 16:12   still running
osboxes  tty1                          Sat Mar  6 21:53 - down   (00:00)
osboxes  tty1                          Sat Mar  6 21:53 - 21:53  (00:00)
reboot   system boot  5.4.0-65-generic Sat Mar  6 21:52 - 21:53  (00:01)
osboxes  tty1                          Mon Mar  1 00:29 - 00:29  (00:00)
reboot   system boot  5.4.0-65-generic Mon Mar  1 00:28 - 00:29  (00:01)
osboxes  tty1                          Mon Mar  1 00:25 - crash  (00:02)
reboot   system boot  5.4.0-65-generic Mon Mar  1 00:23 - 00:29  (00:05)

wtmp begins Mon Mar  1 00:23:55 2021
osboxes@osboxes:~$ 
osboxes@osboxes:~$ ip a
ip a
1: lo: <LOOPBACK,UP,LOWER_UP> mtu 65536 qdisc noqueue state UNKNOWN group default qlen 1000
    link/loopback 00:00:00:00:00:00 brd 00:00:00:00:00:00
    inet 127.0.0.1/8 scope host lo
       valid_lft forever preferred_lft forever
    inet6 ::1/128 scope host 
       valid_lft forever preferred_lft forever
2: enp0s3: <BROADCAST,MULTICAST,UP,LOWER_UP> mtu 1500 qdisc fq_codel state UP group default qlen 1000
    link/ether 08:00:27:4d:b1:81 brd ff:ff:ff:ff:ff:ff
    inet 10.0.2.15/24 brd 10.0.2.255 scope global dynamic enp0s3
       valid_lft 86319sec preferred_lft 86319sec
    inet6 fe80::a00:27ff:fe4d:b181/64 scope link 
       valid_lft forever preferred_lft forever
osboxes@osboxes:~$ 
osboxes@osboxes:~$ sudo lspci
sudo lspci
[sudo] password for osboxes: 
Sorry, try again.
[sudo] password for osboxes: osboxes.org

00:00.0 Host bridge: Intel Corporation 440FX - 82441FX PMC [Natoma] (rev 02)
00:01.0 ISA bridge: Intel Corporation 82371SB PIIX3 ISA [Natoma/Triton II]
00:02.0 VGA compatible controller: InnoTek Systemberatung GmbH VirtualBox Graphics Adapter
00:03.0 Ethernet controller: Intel Corporation 82540EM Gigabit Ethernet Controller (rev 02)
00:04.0 System peripheral: InnoTek Systemberatung GmbH VirtualBox Guest Service
00:05.0 Multimedia audio controller: Intel Corporation 82801AA AC'97 Audio Controller (rev 01)
00:07.0 Bridge: Intel Corporation 82371AB/EB/MB PIIX4 ACPI (rev 08)
00:0d.0 SATA controller: Intel Corporation 82801HM/HEM (ICH8M/ICH8M-E) SATA Controller [AHCI mode] (rev 02)
osboxes@osboxes:~$ 

osboxes@osboxes:~$ 
osboxes@osboxes:~$ pwd
pwd
/home/osboxes
osboxes@osboxes:~$ 
osboxes@osboxes:~$ df -Th .
df -Th .
Filesystem     Type  Size  Used Avail Use% Mounted on
/dev/sda5      ext4  249G   61M  236G   1% /home
osboxes@osboxes:~$ 
osboxes@osboxes:~$ lsblk
lsblk
NAME   MAJ:MIN RM  SIZE RO TYPE MOUNTPOINT
loop0    7:0    0 32.3M  1 loop /snap/snapd/12159
loop1    7:1    0 55.5M  1 loop /snap/core18/1988
loop2    7:2    0 69.9M  1 loop /snap/lxd/19188
loop3    7:3    0 32.3M  1 loop /snap/snapd/11107
loop5    7:5    0 55.5M  1 loop /snap/core18/2074
sda      8:0    0  500G  0 disk 
├─sda1   8:1    0    1M  0 part 
├─sda2   8:2    0  236G  0 part /
├─sda3   8:3    0    1G  0 part /boot
├─sda4   8:4    0   10G  0 part [SWAP]
└─sda5   8:5    0  253G  0 part /home
osboxes@osboxes:~$ 
osboxes@osboxes:~$ uptime
uptime
 13:15:16 up 2 min,  1 user,  load average: 2.85, 1.74, 0.71
osboxes@osboxes:~$ 
osboxes@osboxes:~$ sudo poweroff
sudo poweroff
osboxes@osboxes:~$ 
osboxes@osboxes:~$          Stopping Session 1 of user osboxes.
[  OK  ] Removed slice system-modprobe.slice.
[  OK  ] Stopped target Cloud-init target.
[  OK  ] Stopped target Graphical Interface.
[  OK  ] Stopped target Host and Network Name Lookups.
[  OK  ] Stopped target Sound Card.
[  OK  ] Stopped target Timers.
[  OK  ] Stopped Daily apt upgrade and clean activities.
[  OK  ] Stopped Daily apt download activities.
[  OK  ] Stopped Periodic ext4 Onli…ata Check for All Filesystems.
[  OK  ] Stopped Discard unused blocks once a week.
[  OK  ] Stopped Refresh fwupd metadata regularly.
[  OK  ] Stopped Daily rotation of log files.
[  OK  ] Stopped Daily man-db regeneration.
[  OK  ] Stopped Message of the Day.
[  OK  ] Stopped Daily Cleanup of Temporary Directories.
[  OK  ] Stopped target System Time Synchronized.
[  OK  ] Stopped target System Time Set.
[  OK  ] Closed LVM2 poll daemon socket.
[  OK  ] Closed Load/Save RF Kill Switch Status /dev/rfkill Watch.
         Stopping Accounts Service...
         Stopping Availability of block devices...
[  OK  ] Stopped Execute cloud user/final scripts.
[  OK  ] Stopped target Multi-User System.
[  OK  ] Stopped target Login Prompts.
         Stopping LSB: automatic crash report generation...
         Stopping Deferred execution scheduler...
[  OK  ] Stopped Apply the settings specified in cloud-config.
[  OK  ] Stopped target Cloud-config availability.
[  OK  ] Stopped target Network is Online.
         Stopping Regular background program processing daemon...
         Stopping Create final runt…dir for shutdown pivot root...
         Stopping Getty on tty1...
         Stopping LSB: Record successful boot for GRUB...
         Stopping irqbalance daemon...
         Stopping Dispatcher daemon for systemd-networkd...
         Stopping Authorization Manager...
         Stopping System Logging Service...
         Stopping Serial Getty on ttyS0...
[  OK  ] Stopped Wait until snapd is fully seeded.
         Stopping Snap Daemon...
         Stopping Load/Save Random Seed...
         Stopping Unattended Upgrades Shutdown...
[  OK  ] Stopped Accounts Service.
[  OK  ] Stopped Regular background program processing daemon.
[  OK  ] Stopped irqbalance daemon.
[  OK  ] Stopped Dispatcher daemon for systemd-networkd.
[  OK  ] Stopped System Logging Service.
[  OK  ] Stopped Deferred execution scheduler.
[  OK  ] Stopped Serial Getty on ttyS0.
[  OK  ] Stopped Getty on tty1.
[  OK  ] Stopped Unattended Upgrades Shutdown.
[  OK  ] Stopped Authorization Manager.
[  OK  ] Stopped Availability of block devices.
[  OK  ] Stopped Load/Save Random Seed.
[  OK  ] Stopped Session 1 of user osboxes.
[  OK  ] Stopped LSB: automatic crash report generation.
[  OK  ] Stopped LSB: Record successful boot for GRUB.
[  OK  ] Removed slice system-getty.slice.
[  OK  ] Removed slice system-serial\x2dgetty.slice.
         Stopping Login Service...
         Stopping User Manager for UID 1000...
[  OK  ] Stopped User Manager for UID 1000.
         Stopping User Runtime Directory /run/user/1000...
[  OK  ] Unmounted /run/user/1000.
[  OK  ] Stopped User Runtime Directory /run/user/1000.
[  OK  ] Removed slice User Slice of UID 1000.
         Stopping D-Bus System Message Bus...
         Stopping Permit User Sessions...
[  OK  ] Stopped Login Service.
[  OK  ] Stopped D-Bus System Message Bus.
[  OK  ] Stopped Permit User Sessions.
[  OK  ] Stopped target Network.
[  OK  ] Stopped target User and Group Name Lookups.
[  OK  ] Stopped target Remote File Systems.
[  OK  ] Stopped target Remote File Systems (Pre).
         Stopping Network Name Resolution...
[  OK  ] Stopped Network Name Resolution.
[  OK  ] Stopped Create final runtime dir for shutdown pivot root.
[  OK  ] Stopped Snap Daemon.
[  OK  ] Stopped target Basic System.
[  OK  ] Stopped target Paths.
[  OK  ] Stopped target Slices.
[  OK  ] Removed slice User and Session Slice.
[  OK  ] Stopped target Sockets.
[  OK  ] Closed D-Bus System Message Bus Socket.
[  OK  ] Closed Open-iSCSI iscsid Socket.
[  OK  ] Closed Socket activation for snappy daemon.
[  OK  ] Closed Syslog Socket.
[  OK  ] Closed UUID daemon activation socket.
[  OK  ] Stopped target System Initialization.
[  OK  ] Stopped target Local Encrypted Volumes.
[  OK  ] Stopped Dispatch Password …ts to Console Directory Watch.
[  OK  ] Stopped Forward Password R…uests to Wall Directory Watch.
[  OK  ] Stopped Initial cloud-init…ob (metadata service crawler).
[  OK  ] Stopped Wait for Network to be Configured.
         Stopping Network Service...
         Stopping Network Time Synchronization...
         Stopping Update UTMP about System Boot/Shutdown...
[  OK  ] Stopped Network Service.
[  OK  ] Stopped Network Time Synchronization.
[  OK  ] Stopped target Network (Pre).
[  OK  ] Stopped Initial cloud-init job (pre-networking).
[  OK  ] Stopped Apply Kernel Variables.
[  OK  ] Stopped Load Kernel Modules.
[  OK  ] Stopped Update UTMP about System Boot/Shutdown.
[  OK  ] Stopped Create Volatile Files and Directories.
[  OK  ] Stopped target Local File Systems.
         Unmounting /boot...
         Unmounting /home...
         Unmounting /run/snapd/ns/lxd.mnt...
         Unmounting Mount unit for core18, revision 1988...
         Unmounting Mount unit for core18, revision 2074...
         Unmounting Mount unit for lxd, revision 19188...
         Unmounting Mount unit for lxd, revision 20326...
         Unmounting Mount unit for snapd, revision 11107...
         Unmounting Mount unit for snapd, revision 12159...
[  OK  ] Unmounted /home.
[  OK  ] Unmounted Mount unit for core18, revision 1988.
[  OK  ] Unmounted Mount unit for lxd, revision 19188.
[  OK  ] Unmounted Mount unit for lxd, revision 20326.
[  OK  ] Unmounted Mount unit for core18, revision 2074.
[  OK  ] Unmounted Mount unit for snapd, revision 11107.
[  OK  ] Unmounted Mount unit for snapd, revision 12159.
[  OK  ] Unmounted /boot.
[  OK  ] Unmounted /run/snapd/ns/lxd.mnt.
         Unmounting /run/snapd/ns...
[  OK  ] Unmounted /run/snapd/ns.
[  OK  ] Stopped target Local File Systems (Pre).
[  OK  ] Stopped target Swap.
         Deactivating swap /dev/dis…K_VB250ec391-14d79f1e-part4...
         Deactivating swap /swap.img...
         Stopping Monitoring of LVM…meventd or progress polling...
         Stopping Device-Mapper Multipath Device Controller...
[  OK  ] Stopped Create Static Device Nodes in /dev.
[  OK  ] Stopped Create System Users.
[  OK  ] Stopped Device-Mapper Multipath Device Controller.
[  OK  ] Deactivated swap /dev/disk…ISK_VB250ec391-14d79f1e-part4.
[  OK  ] Deactivated swap /dev/disk…/pci-0000:00:0d.0-ata-1-part4.
[  OK  ] Deactivated swap /dev/disk…ISK_VB250ec391-14d79f1e-part4.
[  OK  ] Deactivated swap /dev/disk…8-c3ab-4b3e-9788-453a8894c74b.
[  OK  ] Deactivated swap /dev/disk…ISK_VB250ec391-14d79f1e-part4.
[  OK  ] Deactivated swap /dev/disk…ISK_VB250ec391-14d79f1e-part4.
[  OK  ] Deactivated swap /dev/sda4.
[  OK  ] Deactivated swap /dev/disk…c-7337-41ec-b55a-2508c59a3553.
[  OK  ] Deactivated swap /swap.img.
[  OK  ] Reached target Unmount All Filesystems.
[  OK  ] Stopped Remount Root and Kernel File Systems.
[  OK  ] Stopped Monitoring of LVM2… dmeventd or progress polling.
[  OK  ] Reached target Shutdown.
[  OK  ] Reached target Final Step.
[  OK  ] Finished Power-Off.
[  OK  ] Reached target Power-Off.
[  161.984161] reboot: Power down
Connection closed by foreign host.
